Archive member included to satisfy reference by file (symbol)

app/libapp.a(main.c.obj)      (--whole-archive)
zephyr/libzephyr.a(cbprintf_packaged.c.obj)
                              (--whole-archive)
zephyr/libzephyr.a(dec.c.obj)
                              (--whole-archive)
zephyr/libzephyr.a(fdtable.c.obj)
                              (--whole-archive)
zephyr/libzephyr.a(hex.c.obj)
                              (--whole-archive)
zephyr/libzephyr.a(printk.c.obj)
                              (--whole-archive)
zephyr/libzephyr.a(rb.c.obj)  (--whole-archive)
zephyr/libzephyr.a(sem.c.obj)
                              (--whole-archive)
zephyr/libzephyr.a(thread_entry.c.obj)
                              (--whole-archive)
zephyr/libzephyr.a(timeutil.c.obj)
                              (--whole-archive)
zephyr/libzephyr.a(heap.c.obj)
                              (--whole-archive)
zephyr/libzephyr.a(heap-validate.c.obj)
                              (--whole-archive)
zephyr/libzephyr.a(bitarray.c.obj)
                              (--whole-archive)
zephyr/libzephyr.a(multi_heap.c.obj)
                              (--whole-archive)
zephyr/libzephyr.a(onoff.c.obj)
                              (--whole-archive)
zephyr/libzephyr.a(notify.c.obj)
                              (--whole-archive)
zephyr/libzephyr.a(cbprintf_complete.c.obj)
                              (--whole-archive)
zephyr/libzephyr.a(ring_buffer.c.obj)
                              (--whole-archive)
zephyr/libzephyr.a(assert.c.obj)
                              (--whole-archive)
zephyr/libzephyr.a(mpsc_pbuf.c.obj)
                              (--whole-archive)
zephyr/libzephyr.a(reboot.c.obj)
                              (--whole-archive)
zephyr/libzephyr.a(configs.c.obj)
                              (--whole-archive)
zephyr/libzephyr.a(soc.c.obj)
                              (--whole-archive)
zephyr/libzephyr.a(sync_rtc.c.obj)
                              (--whole-archive)
zephyr/libzephyr.a(soc_nrf_common.S.obj)
                              (--whole-archive)
zephyr/libzephyr.a(soc_secure.c.obj)
                              (--whole-archive)
zephyr/libzephyr.a(validate_base_addresses.c.obj)
                              (--whole-archive)
zephyr/libzephyr.a(validate_enabled_instances.c.obj)
                              (--whole-archive)
zephyr/libzephyr.a(log_core.c.obj)
                              (--whole-archive)
zephyr/libzephyr.a(log_mgmt.c.obj)
                              (--whole-archive)
zephyr/libzephyr.a(log_cache.c.obj)
                              (--whole-archive)
zephyr/libzephyr.a(log_msg.c.obj)
                              (--whole-archive)
zephyr/libzephyr.a(log_output.c.obj)
                              (--whole-archive)
zephyr/libzephyr.a(log_backend_uart.c.obj)
                              (--whole-archive)
zephyr/libzephyr.a(tracing_none.c.obj)
                              (--whole-archive)
zephyr/libzephyr.a(usb_device.c.obj)
                              (--whole-archive)
zephyr/libzephyr.a(usb_descriptor.c.obj)
                              (--whole-archive)
zephyr/libzephyr.a(usb_transfer.c.obj)
                              (--whole-archive)
zephyr/libzephyr.a(cdc_acm.c.obj)
                              (--whole-archive)
zephyr/libzephyr.a(usb_work_q.c.obj)
                              (--whole-archive)
zephyr/libzephyr.a(flash_map_partition_manager.c.obj)
                              (--whole-archive)
zephyr/arch/common/libarch__common.a(sw_isr_common.c.obj)
                              (--whole-archive)
zephyr/arch/arch/arm/core/aarch32/libarch__arm__core__aarch32.a(cpu_idle.S.obj)
                              (--whole-archive)
zephyr/arch/arch/arm/core/aarch32/libarch__arm__core__aarch32.a(fatal.c.obj)
                              (--whole-archive)
zephyr/arch/arch/arm/core/aarch32/libarch__arm__core__aarch32.a(irq_manage.c.obj)
                              (--whole-archive)
zephyr/arch/arch/arm/core/aarch32/libarch__arm__core__aarch32.a(nmi.c.obj)
                              (--whole-archive)
zephyr/arch/arch/arm/core/aarch32/libarch__arm__core__aarch32.a(nmi_on_reset.S.obj)
                              (--whole-archive)
zephyr/arch/arch/arm/core/aarch32/libarch__arm__core__aarch32.a(prep_c.c.obj)
                              (--whole-archive)
zephyr/arch/arch/arm/core/aarch32/libarch__arm__core__aarch32.a(swap.c.obj)
                              (--whole-archive)
zephyr/arch/arch/arm/core/aarch32/libarch__arm__core__aarch32.a(swap_helper.S.obj)
                              (--whole-archive)
zephyr/arch/arch/arm/core/aarch32/libarch__arm__core__aarch32.a(thread.c.obj)
                              (--whole-archive)
zephyr/arch/arch/arm/core/aarch32/libarch__arm__core__aarch32.a(isr_wrapper.S.obj)
                              (--whole-archive)
zephyr/arch/arch/arm/core/aarch32/libarch__arm__core__aarch32.a(tls.c.obj)
                              (--whole-archive)
[...]
Memory Configuration

Name             Origin             Length             Attributes
FLASH            0x000000000001c000 0x00000000000d4000 xr
RAM              0x000000002000a000 0x0000000000066000 xw
IDT_LIST         0x00000000fffff7ff 0x0000000000000800 xw
*default*        0x0000000000000000 0xffffffffffffffff

Linker script and memory map

                0x00000000000276b8                vfprintf = __d_vfprintf
                0x0000000000000000                vfscanf = __d_vfscanf
LOAD zephyr/CMakeFiles/zephyr_final.dir/misc/empty_file.c.obj
LOAD zephyr/CMakeFiles/zephyr_final.dir/isr_tables.c.obj
LOAD app/libapp.a
LOAD zephyr/libzephyr.a
LOAD zephyr/arch/common/libarch__common.a
LOAD zephyr/arch/arch/arm/core/aarch32/libarch__arm__core__aarch32.a
LOAD zephyr/arch/arch/arm/core/aarch32/cortex_m/libarch__arm__core__aarch32__cortex_m.a
LOAD zephyr/arch/arch/arm/core/aarch32/cortex_m/cmse/libarch__arm__core__aarch32__cortex_m__cmse.a
LOAD zephyr/arch/arch/arm/core/aarch32/mpu/libarch__arm__core__aarch32__mpu.a
LOAD zephyr/lib/libc/picolibc/liblib__libc__picolibc.a
LOAD zephyr/lib/libc/common/liblib__libc__common.a
LOAD zephyr/soc/soc/arm/common/cortex_m/libsoc__arm__common__cortex_m.a
LOAD zephyr/boards/arm/thingy53_nrf5340/libboards__arm__thingy53_nrf5340.a
LOAD zephyr/subsys/random/libsubsys__random.a
LOAD zephyr/drivers/usb/device/libdrivers__usb__device.a
LOAD zephyr/drivers/clock_control/libdrivers__clock_control.a
LOAD zephyr/drivers/console/libdrivers__console.a
LOAD zephyr/drivers/entropy/libdrivers__entropy.a
LOAD zephyr/drivers/gpio/libdrivers__gpio.a
LOAD zephyr/drivers/hwinfo/libdrivers__hwinfo.a
LOAD zephyr/drivers/i2c/libdrivers__i2c.a
LOAD zephyr/drivers/mbox/libdrivers__mbox.a
LOAD zephyr/drivers/pinctrl/libdrivers__pinctrl.a
LOAD zephyr/drivers/regulator/libdrivers__regulator.a
LOAD zephyr/drivers/sensor/adxl362/libdrivers__sensor__adxl362.a
LOAD zephyr/drivers/sensor/bme680/libdrivers__sensor__bme680.a
LOAD zephyr/drivers/sensor/bmm150/libdrivers__sensor__bmm150.a
LOAD zephyr/drivers/serial/libdrivers__serial.a
LOAD zephyr/drivers/spi/libdrivers__spi.a
LOAD zephyr/drivers/timer/libdrivers__timer.a
LOAD modules/nrf/lib/fatal_error/lib..__nrf__lib__fatal_error.a
LOAD modules/nrf/subsys/nrf_security/src/zephyr/libmbedtls_zephyr.a
LOAD modules/nrf/modules/tfm/zephyr/libtfm_api_nrf.a
LOAD modules/trusted-firmware-m/libtfm_api.a
LOAD modules/hal_nordic/nrfx/libmodules__hal_nordic__nrfx.a
LOAD zephyr/kernel/libkernel.a
LOAD zephyr/CMakeFiles/offsets.dir/./arch/arm/core/offsets/offsets.c.obj
LOAD c:/ncs/toolchains/c57af46cb7/opt/zephyr-sdk/arm-zephyr-eabi/bin/../lib/gcc/arm-zephyr-eabi/12.2.0/thumb/v8-m.main/nofp\libgcc.a
LOAD zephyr/arch/common/libisr_tables.a
LOAD tfm/secure_fw/s_veneers.o
LOAD modules/nrf/subsys/nrf_security/src/libmbedcrypto.a
LOAD C:/ncs/v2.5.99-dev1/nrfxlib/crypto/nrf_oberon/lib/cortex-m33/soft-float/liboberon_mbedtls_3.0.13.a
LOAD modules/nrf/subsys/nrf_security/src/libmbedcrypto_base.a
LOAD C:/ncs/v2.5.99-dev1/nrfxlib/crypto/nrf_oberon/lib/cortex-m33/soft-float/liboberon_3.0.13.a
LOAD c:\ncs\toolchains\c57af46cb7\opt\zephyr-sdk\arm-zephyr-eabi\bin\../lib/gcc/../../picolibc/arm-zephyr-eabi/lib/thumb/v8-m.main/nofp\libc.a
LOAD c:/ncs/toolchains/c57af46cb7/opt/zephyr-sdk/arm-zephyr-eabi/bin/../lib/gcc/arm-zephyr-eabi/12.2.0/thumb/v8-m.main/nofp\libgcc.a
                0x0000000000000020                _region_min_align = 0x20

.rel.plt        0x000000000001c000        0x0
 *(SORT_BY_ALIGNMENT(.rel.plt))
                [!provide]                        PROVIDE (__rel_iplt_start = .)
 *(SORT_BY_ALIGNMENT(.rel.iplt))
 .rel.iplt      0x000000000001c000        0x0 zephyr/CMakeFiles/zephyr_final.dir/isr_tables.c.obj
                [!provide]                        PROVIDE (__rel_iplt_end = .)

.rela.plt       0x0000000000000000        0x0
 *(SORT_BY_ALIGNMENT(.rela.plt))
                [!provide]                        PROVIDE (__rela_iplt_start = .)
 *(SORT_BY_ALIGNMENT(.rela.iplt))
                [!provide]                        PROVIDE (__rela_iplt_end = .)

.rel.dyn
 *(SORT_BY_ALIGNMENT(.rel.*))

.rela.dyn
 *(SORT_BY_ALIGNMENT(.rela.*))

/DISCARD/
 *(SORT_BY_ALIGNMENT(.plt))

/DISCARD/
 *(SORT_BY_ALIGNMENT(.iplt))
                0x000000000001c000                __rom_region_start = 0x1c000

rom_start       0x000000000001c000      0x154
                0x000000000001c000                __rom_start_address = .
                0x000000000001c000                . = (. + (0x0 - (. - __rom_start_address)))
                0x000000000001c000                . = ALIGN (0x4)
                0x000000000001c000                . = ALIGN (0x80)
                0x000000000001c000                . = ALIGN (0x200)
                0x000000000001c000                _vector_start = .
 *(SORT_BY_ALIGNMENT(.exc_vector_table))
 *(SORT_BY_ALIGNMENT(.exc_vector_table.*))
 .exc_vector_table._vector_table_section
                0x000000000001c000       0x40 zephyr/arch/arch/arm/core/aarch32/cortex_m/libarch__arm__core__aarch32__cortex_m.a(vector_table.S.obj)
                0x000000000001c000                _vector_table
 *(SORT_BY_ALIGNMENT(.vectors))
                0x000000000001c154                _vector_end = .
                0x000000000001c040                . = ALIGN (0x4)
 *(SORT_BY_ALIGNMENT(.gnu.linkonce.irq_vector_table*))
 .gnu.linkonce.irq_vector_table
                0x000000000001c040      0x114 zephyr/CMakeFiles/zephyr_final.dir/isr_tables.c.obj
                0x000000000001c040                _irq_vector_table
                0x000000000001c154                _vector_end = .

text            0x000000000001c158     0xf378
                0x000000000001c158                __text_region_start = .
 *(SORT_BY_ALIGNMENT(.text))
 .text          0x000000000001c158       0xa0 c:/ncs/toolchains/c57af46cb7/opt/zephyr-sdk/arm-zephyr-eabi/bin/../lib/gcc/arm-zephyr-eabi/12.2.0/thumb/v8-m.main/nofp\libgcc.a(_aeabi_ldivmod.o)
                0x000000000001c158                __aeabi_ldivmod
 .text          0x000000000001c1f8       0x30 c:/ncs/toolchains/c57af46cb7/opt/zephyr-sdk/arm-zephyr-eabi/bin/../lib/gcc/arm-zephyr-eabi/12.2.0/thumb/v8-m.main/nofp\libgcc.a(_aeabi_uldivmod.o)
                0x000000000001c1f8                __aeabi_uldivmod
 .text          0x000000000001c228        0x4 c:/ncs/toolchains/c57af46cb7/opt/zephyr-sdk/arm-zephyr-eabi/bin/../lib/gcc/arm-zephyr-eabi/12.2.0/thumb/v8-m.main/nofp\libgcc.a(_dvmd_tls.o)
                0x000000000001c228                __aeabi_idiv0
                0x000000000001c228                __aeabi_ldiv0
 .text          0x000000000001c22c      0x29c c:/ncs/toolchains/c57af46cb7/opt/zephyr-sdk/arm-zephyr-eabi/bin/../lib/gcc/arm-zephyr-eabi/12.2.0/thumb/v8-m.main/nofp\libgcc.a(_udivmoddi4.o)
                0x000000000001c22c                __udivmoddi4
 .text          0x000000000001c4c8       0x10 c:\ncs\toolchains\c57af46cb7\opt\zephyr-sdk\arm-zephyr-eabi\bin\../lib/gcc/../../picolibc/arm-zephyr-eabi/lib/thumb/v8-m.main/nofp\libc.a(strlen.S.o)
                0x000000000001c4c8                strlen
 *(SORT_BY_ALIGNMENT(.text.*))
 .text.adxl362_attr_set
                0x000000000001c4d8      0x110 zephyr/drivers/sensor/adxl362/libdrivers__sensor__adxl362.a(adxl362.c.obj)
 .text.sensor_channel_get.constprop.0.isra.0
                0x000000000001c5e8       0x18 app/libapp.a(main.c.obj)
 .text.main     0x000000000001c600       0x9c app/libapp.a(main.c.obj)
                0x000000000001c600                main
 .text.cbvprintf_package
                0x000000000001c69c      0x3a4 zephyr/libzephyr.a(cbprintf_packaged.c.obj)
                0x000000000001c69c                cbvprintf_package
 .text.cbprintf_package_convert
                0x000000000001ca40      0x3b4 zephyr/libzephyr.a(cbprintf_packaged.c.obj)
                0x000000000001ca40                cbprintf_package_convert
 .text.__printk_hook_install
                0x000000000001cdf4        0xc zephyr/libzephyr.a(printk.c.obj)
                0x000000000001cdf4                __printk_hook_install
 .text.z_thread_entry
                0x000000000001ce00       0x34 zephyr/libzephyr.a(thread_entry.c.obj)
                0x000000000001ce00                z_thread_entry
 .text.process_event
                0x000000000001ce34      0x21c zephyr/libzephyr.a(onoff.c.obj)
 .text.rtc_pretick_init
                0x000000000001d050       0x60 zephyr/libzephyr.a(soc.c.obj)
 .text.z_arm_on_enter_cpu_idle
                0x000000000001d0b0       0x68 zephyr/libzephyr.a(soc.c.obj)
                0x000000000001d0b0                z_arm_on_enter_cpu_idle
 .text.arch_busy_wait
                0x000000000001d118       0x24 zephyr/libzephyr.a(soc.c.obj)
                0x000000000001d118                arch_busy_wait
 .text.rtc_cb   0x000000000001d13c       0x40 zephyr/libzephyr.a(sync_rtc.c.obj)
 .text.sync_rtc_setup
                0x000000000001d17c       0xc8 zephyr/libzephyr.a(sync_rtc.c.obj)
 .text.mbox_callback
                0x000000000001d244       0x80 zephyr/libzephyr.a(sync_rtc.c.obj)
 .text.z_arm_platform_init
                0x000000000001d2c4        0x4 zephyr/libzephyr.a(soc_nrf_common.S.obj)
                0x000000000001d2c4                z_arm_platform_init
 .text.activate_foreach_backend
                0x000000000001d2c8       0x64 zephyr/libzephyr.a(log_core.c.obj)
 .text.enable_logger
                0x000000000001d32c       0x5c zephyr/libzephyr.a(log_core.c.obj)
 .text.log_process_thread_timer_expiry_fn
                0x000000000001d388        0xc zephyr/libzephyr.a(log_core.c.obj)
 .text.z_log_init
                0x000000000001d394       0x90 zephyr/libzephyr.a(log_core.c.obj)
 .text.log_format_func_t_get
                0x000000000001d424        0xc zephyr/libzephyr.a(log_core.c.obj)
                0x000000000001d424                log_format_func_t_get
 .text.log_set_timestamp_func
                0x000000000001d430       0x20 zephyr/libzephyr.a(log_core.c.obj)
                0x000000000001d430                log_set_timestamp_func
 .text.z_log_notify_backend_enabled
                0x000000000001d450       0x1c zephyr/libzephyr.a(log_core.c.obj)
                0x000000000001d450                z_log_notify_backend_enabled
 .text.z_log_dropped
                0x000000000001d46c       0x28 zephyr/libzephyr.a(log_core.c.obj)
                0x000000000001d46c                z_log_dropped
 .text.z_log_dropped_read_and_clear
                0x000000000001d494       0x18 zephyr/libzephyr.a(log_core.c.obj)
                0x000000000001d494                z_log_dropped_read_and_clear
 .text.dropped_notify
                0x000000000001d4ac       0x30 zephyr/libzephyr.a(log_core.c.obj)
                0x000000000001d4ac                dropped_notify
 .text.z_log_msg_init
                0x000000000001d4dc       0x20 zephyr/libzephyr.a(log_core.c.obj)
                0x000000000001d4dc                z_log_msg_init
 .text.log_core_init
                0x000000000001d4fc       0x34 zephyr/libzephyr.a(log_core.c.obj)
                0x000000000001d4fc                log_core_init
 .text.z_log_msg_alloc
                0x000000000001d530       0x10 zephyr/libzephyr.a(log_core.c.obj)
                0x000000000001d530                z_log_msg_alloc
 .text.z_log_msg_local_claim
                0x000000000001d540        0xc zephyr/libzephyr.a(log_core.c.obj)
                0x000000000001d540                z_log_msg_local_claim
 .text.z_log_msg_free
                0x000000000001d54c       0x10 zephyr/libzephyr.a(log_core.c.obj)
                0x000000000001d54c                z_log_msg_free
 .text.z_log_msg_pending
                0x000000000001d55c        0xc zephyr/libzephyr.a(log_core.c.obj)
                0x000000000001d55c                z_log_msg_pending
 .text.z_impl_log_process
                0x000000000001d568       0xb4 zephyr/libzephyr.a(log_core.c.obj)
                0x000000000001d568                z_impl_log_process
 .text.z_impl_log_panic
                0x000000000001d61c       0x44 zephyr/libzephyr.a(log_core.c.obj)
                0x000000000001d61c                z_impl_log_panic
 .text.log_process_thread_func
                0x000000000001d660       0xa4 zephyr/libzephyr.a(log_core.c.obj)
 .text.z_log_msg_post_finalize
                0x000000000001d704       0x78 zephyr/libzephyr.a(log_core.c.obj)
 .text.z_log_msg_commit
                0x000000000001d77c       0x24 zephyr/libzephyr.a(log_core.c.obj)
                0x000000000001d77c                z_log_msg_commit
 .text.log_source_name_get
                0x000000000001d7a0       0x1c zephyr/libzephyr.a(log_mgmt.c.obj)
                0x000000000001d7a0                log_source_name_get
 .text.log_backend_enable
                0x000000000001d7bc       0x28 zephyr/libzephyr.a(log_mgmt.c.obj)
                0x000000000001d7bc                log_backend_enable
 .text.z_impl_z_log_msg_static_create
                0x000000000001d7e4      0x108 zephyr/libzephyr.a(log_msg.c.obj)
                0x000000000001d7e4                z_impl_z_log_msg_static_create
 .text.z_impl_z_log_msg_runtime_vcreate
                0x000000000001d8ec       0x8c zephyr/libzephyr.a(log_msg.c.obj)
                0x000000000001d8ec                z_impl_z_log_msg_runtime_vcreate
 .text.print_formatted
                0x000000000001d978       0x24 zephyr/libzephyr.a(log_output.c.obj)
 .text.newline_print
                0x000000000001d99c       0x1c zephyr/libzephyr.a(log_output.c.obj)
 .text.log_output_process
                0x000000000001d9b8      0x2a8 zephyr/libzephyr.a(log_output.c.obj)
                0x000000000001d9b8                log_output_process
 .text.log_output_msg_process
                0x000000000001dc60       0x70 zephyr/libzephyr.a(log_output.c.obj)
                0x000000000001dc60                log_output_msg_process
 .text.log_output_dropped_process
                0x000000000001dcd0       0x58 zephyr/libzephyr.a(log_output.c.obj)
                0x000000000001dcd0                log_output_dropped_process
 .text.log_output_timestamp_freq_set
                0x000000000001dd28       0x2c zephyr/libzephyr.a(log_output.c.obj)
                0x000000000001dd28                log_output_timestamp_freq_set
 .text.format_set
                0x000000000001dd54        0xc zephyr/libzephyr.a(log_backend_uart.c.obj)
 .text.panic    0x000000000001dd60       0x14 zephyr/libzephyr.a(log_backend_uart.c.obj)
 .text.dropped  0x000000000001dd74        0xc zephyr/libzephyr.a(log_backend_uart.c.obj)
 .text.process  0x000000000001dd80       0x24 zephyr/libzephyr.a(log_backend_uart.c.obj)
 .text.char_out
                0x000000000001dda4       0x24 zephyr/libzephyr.a(log_backend_uart.c.obj)
 .text.class_handler
                0x000000000001ddc8       0x40 zephyr/libzephyr.a(usb_device.c.obj)
 .text.custom_handler
                0x000000000001de08       0x60 zephyr/libzephyr.a(usb_device.c.obj)
 .text.vendor_handler
                0x000000000001de68       0x3c zephyr/libzephyr.a(usb_device.c.obj)
 .text.usb_reset_alt_setting
                0x000000000001dea4       0x10 zephyr/libzephyr.a(usb_device.c.obj)
 .text.is_ep_valid.part.0
                0x000000000001deb4       0x38 zephyr/libzephyr.a(usb_device.c.obj)
 .text.usb_handle_request.constprop.0
                0x000000000001deec       0x2c zephyr/libzephyr.a(usb_device.c.obj)
 .text.usb_device_init.part.0
                0x000000000001df18       0x2c zephyr/libzephyr.a(usb_device.c.obj)
 .text.usb_halt_endpoint_req.isra.0
                0x000000000001df44       0x50 zephyr/libzephyr.a(usb_device.c.obj)
 .text.get_ep_bm_from_addr.part.0
                0x000000000001df94       0x30 zephyr/libzephyr.a(usb_device.c.obj)
 .text.forward_status_cb
                0x000000000001dfc4       0xb0 zephyr/libzephyr.a(usb_device.c.obj)
 .text.disable_endpoint
                0x000000000001e074       0x60 zephyr/libzephyr.a(usb_device.c.obj)
 .text.set_endpoint
                0x000000000001e0d4       0xc0 zephyr/libzephyr.a(usb_device.c.obj)
 .text.usb_handle_standard_request
                0x000000000001e194      0x29c zephyr/libzephyr.a(usb_device.c.obj)
 .text.usb_data_to_host
                0x000000000001e430       0x60 zephyr/libzephyr.a(usb_device.c.obj)
 .text.usb_handle_control_transfer
                0x000000000001e490      0x104 zephyr/libzephyr.a(usb_device.c.obj)
 .text.usb_set_config
                0x000000000001e594       0x2c zephyr/libzephyr.a(usb_device.c.obj)
                0x000000000001e594                usb_set_config
 .text.usb_enable
                0x000000000001e5c0      0x140 zephyr/libzephyr.a(usb_device.c.obj)
                0x000000000001e5c0                usb_enable
 .text.usb_device_init
                0x000000000001e700       0x30 zephyr/libzephyr.a(usb_device.c.obj)
 .text.usb_update_sn_string_descriptor
                0x000000000001e730       0x88 zephyr/libzephyr.a(usb_descriptor.c.obj)
                0x000000000001e730                usb_update_sn_string_descriptor
 .text.usb_get_device_descriptor
                0x000000000001e7b8      0x26c zephyr/libzephyr.a(usb_descriptor.c.obj)
                0x000000000001e7b8                usb_get_device_descriptor
 .text.usb_ep_get_transfer
                0x000000000001ea24       0x2c zephyr/libzephyr.a(usb_transfer.c.obj)
 .text.usb_transfer_work
                0x000000000001ea50      0x158 zephyr/libzephyr.a(usb_transfer.c.obj)
 .text.usb_transfer_ep_callback
                0x000000000001eba8       0x78 zephyr/libzephyr.a(usb_transfer.c.obj)
                0x000000000001eba8                usb_transfer_ep_callback
 .text.usb_transfer
                0x000000000001ec20      0x144 zephyr/libzephyr.a(usb_transfer.c.obj)
                0x000000000001ec20                usb_transfer
 .text.usb_cancel_transfer
                0x000000000001ed64       0x3c zephyr/libzephyr.a(usb_transfer.c.obj)
                0x000000000001ed64                usb_cancel_transfer
 .text.usb_cancel_transfers
                0x000000000001eda0       0x48 zephyr/libzephyr.a(usb_transfer.c.obj)
                0x000000000001eda0                usb_cancel_transfers
 .text.usb_transfer_init
                0x000000000001ede8       0x34 zephyr/libzephyr.a(usb_transfer.c.obj)
                0x000000000001ede8                usb_transfer_init
 .text.cdc_acm_int_in
                0x000000000001ee1c       0x18 zephyr/libzephyr.a(cdc_acm.c.obj)
 .text.cdc_acm_irq_rx_enable
                0x000000000001ee34       0x20 zephyr/libzephyr.a(cdc_acm.c.obj)
 .text.cdc_acm_irq_tx_enable
                0x000000000001ee54       0x20 zephyr/libzephyr.a(cdc_acm.c.obj)
 .text.cdc_acm_fifo_fill
                0x000000000001ee74       0x38 zephyr/libzephyr.a(cdc_acm.c.obj)
 .text.cdc_acm_poll_out
                0x000000000001eeac       0x64 zephyr/libzephyr.a(cdc_acm.c.obj)
 .text.tx_work_handler
                0x000000000001ef10       0x5c zephyr/libzephyr.a(cdc_acm.c.obj)
 .text.cdc_acm_class_handle_req
                0x000000000001ef6c       0x64 zephyr/libzephyr.a(cdc_acm.c.obj)
                0x000000000001ef6c                cdc_acm_class_handle_req
 .text.cdc_acm_reset_port
                0x000000000001efd0       0x3c zephyr/libzephyr.a(cdc_acm.c.obj)
 .text.cdc_acm_write_cb
                0x000000000001f00c       0x44 zephyr/libzephyr.a(cdc_acm.c.obj)
 .text.cdc_acm_init
                0x000000000001f050       0x48 zephyr/libzephyr.a(cdc_acm.c.obj)
 .text.cdc_acm_read_cb
                0x000000000001f098       0x6c zephyr/libzephyr.a(cdc_acm.c.obj)
 .text.cdc_acm_dev_status_cb
                0x000000000001f104       0x88 zephyr/libzephyr.a(cdc_acm.c.obj)
 .text.z_usb_work_q_init
                0x000000000001f18c       0x34 zephyr/libzephyr.a(usb_work_q.c.obj)
 .text.z_arm_cpu_idle_init
                0x000000000001f1c0        0xc zephyr/arch/arch/arm/core/aarch32/libarch__arm__core__aarch32.a(cpu_idle.S.obj)
                0x000000000001f1c0                z_arm_cpu_idle_init
 .text.arch_cpu_idle
                0x000000000001f1cc       0x28 zephyr/arch/arch/arm/core/aarch32/libarch__arm__core__aarch32.a(cpu_idle.S.obj)
                0x000000000001f1cc                arch_cpu_idle
 .text.arch_cpu_atomic_idle
                0x000000000001f1f4       0x24 zephyr/arch/arch/arm/core/aarch32/libarch__arm__core__aarch32.a(cpu_idle.S.obj)
                0x000000000001f1f4                arch_cpu_atomic_idle
 .text.z_arm_fatal_error
                0x000000000001f218       0xcc zephyr/arch/arch/arm/core/aarch32/libarch__arm__core__aarch32.a(fatal.c.obj)
                0x000000000001f218                z_arm_fatal_error
 .text.arch_irq_enable
                0x000000000001f2e4       0x1c zephyr/arch/arch/arm/core/aarch32/libarch__arm__core__aarch32.a(irq_manage.c.obj)
                0x000000000001f2e4                arch_irq_enable
 .text.arch_irq_disable
                0x000000000001f300       0x28 zephyr/arch/arch/arm/core/aarch32/libarch__arm__core__aarch32.a(irq_manage.c.obj)
                0x000000000001f300                arch_irq_disable
 .text.arch_irq_is_enabled
                0x000000000001f328       0x1c zephyr/arch/arch/arm/core/aarch32/libarch__arm__core__aarch32.a(irq_manage.c.obj)
                0x000000000001f328                arch_irq_is_enabled
 .text.z_arm_irq_priority_set
                0x000000000001f344       0x2c zephyr/arch/arch/arm/core/aarch32/libarch__arm__core__aarch32.a(irq_manage.c.obj)
                0x000000000001f344                z_arm_irq_priority_set
 .text.z_SysNmiOnReset
                0x000000000001f370        0x8 zephyr/arch/arch/arm/core/aarch32/libarch__arm__core__aarch32.a(nmi_on_reset.S.obj)
                0x000000000001f370                z_SysNmiOnReset
 .text.z_arm_prep_c
                0x000000000001f378       0x38 zephyr/arch/arch/arm/core/aarch32/libarch__arm__core__aarch32.a(prep_c.c.obj)
                0x000000000001f378                z_arm_prep_c
 .text.arch_swap
                0x000000000001f3b0       0x34 zephyr/arch/arch/arm/core/aarch32/libarch__arm__core__aarch32.a(swap.c.obj)
                0x000000000001f3b0                arch_swap
 .text.z_arm_pendsv
                0x000000000001f3e4       0x70 zephyr/arch/arch/arm/core/aarch32/libarch__arm__core__aarch32.a(swap_helper.S.obj)
                0x000000000001f3e4                z_arm_pendsv
 .text.z_arm_svc
                0x000000000001f454       0x20 zephyr/arch/arch/arm/core/aarch32/libarch__arm__core__aarch32.a(swap_helper.S.obj)
                0x000000000001f454                z_arm_svc
 .text.arch_new_thread
                0x000000000001f474       0x3c zephyr/arch/arch/arm/core/aarch32/libarch__arm__core__aarch32.a(thread.c.obj)
                0x000000000001f474                arch_new_thread
 .text.arch_switch_to_main_thread
                0x000000000001f4b0       0x34 zephyr/arch/arch/arm/core/aarch32/libarch__arm__core__aarch32.a(thread.c.obj)
                0x000000000001f4b0                arch_switch_to_main_thread
 .text._isr_wrapper
                0x000000000001f4e4       0x28 zephyr/arch/arch/arm/core/aarch32/libarch__arm__core__aarch32.a(isr_wrapper.S.obj)
                0x000000000001f4e4                _isr_wrapper
 .text.arch_tls_stack_setup
                0x000000000001f50c       0x5c zephyr/arch/arch/arm/core/aarch32/libarch__arm__core__aarch32.a(tls.c.obj)
                0x000000000001f50c                arch_tls_stack_setup
 .text._HandlerModeExit
                0x000000000001f568       0x1c zephyr/arch/arch/arm/core/aarch32/cortex_m/libarch__arm__core__aarch32__cortex_m.a(exc_exit.S.obj)
                0x000000000001f568                z_arm_int_exit
                0x000000000001f568                z_arm_exc_exit
 .text.mem_manage_fault.constprop.0
                0x000000000001f584      0x144 zephyr/arch/arch/arm/core/aarch32/cortex_m/libarch__arm__core__aarch32__cortex_m.a(fault.c.obj)
 .text.bus_fault.constprop.0
                0x000000000001f6c8      0x154 zephyr/arch/arch/arm/core/aarch32/cortex_m/libarch__arm__core__aarch32__cortex_m.a(fault.c.obj)
 .text.usage_fault.constprop.0
                0x000000000001f81c      0x128 zephyr/arch/arch/arm/core/aarch32/cortex_m/libarch__arm__core__aarch32__cortex_m.a(fault.c.obj)
 .text.z_arm_fault
                0x000000000001f944      0x230 zephyr/arch/arch/arm/core/aarch32/cortex_m/libarch__arm__core__aarch32__cortex_m.a(fault.c.obj)
                0x000000000001f944                z_arm_fault
 .text.z_arm_fault_init
                0x000000000001fb74       0x18 zephyr/arch/arch/arm/core/aarch32/cortex_m/libarch__arm__core__aarch32__cortex_m.a(fault.c.obj)
                0x000000000001fb74                z_arm_fault_init
 .text.__fault  0x000000000001fb8c       0x14 zephyr/arch/arch/arm/core/aarch32/cortex_m/libarch__arm__core__aarch32__cortex_m.a(fault_s.S.obj)
                0x000000000001fb8c                z_arm_usage_fault
                0x000000000001fb8c                z_arm_mpu_fault
                0x000000000001fb8c                z_arm_exc_spurious
                0x000000000001fb8c                z_arm_debug_monitor
                0x000000000001fb8c                z_arm_hard_fault
                0x000000000001fb8c                z_arm_bus_fault
 .text.z_arm_interrupt_init
                0x000000000001fba0       0x18 zephyr/arch/arch/arm/core/aarch32/cortex_m/libarch__arm__core__aarch32__cortex_m.a(irq_init.c.obj)
                0x000000000001fba0                z_arm_interrupt_init
 .text._reset_section
                0x000000000001fbb8       0x60 zephyr/arch/arch/arm/core/aarch32/cortex_m/libarch__arm__core__aarch32__cortex_m.a(reset.S.obj)
                0x000000000001fbb8                __start
                0x000000000001fbb8                z_arm_reset
 .text.sys_arch_reboot
                0x000000000001fc18       0x24 zephyr/arch/arch/arm/core/aarch32/cortex_m/libarch__arm__core__aarch32__cortex_m.a(scb.c.obj)
                0x000000000001fc18                sys_arch_reboot
 .text.z_arm_clear_arm_mpu_config
                0x000000000001fc3c       0x24 zephyr/arch/arch/arm/core/aarch32/cortex_m/libarch__arm__core__aarch32__cortex_m.a(scb.c.obj)
                0x000000000001fc3c                z_arm_clear_arm_mpu_config
 .text.z_arm_init_arch_hw_at_boot
                0x000000000001fc60       0x4c zephyr/arch/arch/arm/core/aarch32/cortex_m/libarch__arm__core__aarch32__cortex_m.a(scb.c.obj)
                0x000000000001fc60                z_arm_init_arch_hw_at_boot
 .text.z_impl_k_thread_abort
                0x000000000001fcac       0x2c zephyr/arch/arch/arm/core/aarch32/cortex_m/libarch__arm__core__aarch32__cortex_m.a(thread_abort.c.obj)
                0x000000000001fcac                z_impl_k_thread_abort
 .text.z_arm_configure_static_mpu_regions
                0x000000000001fcd8       0x38 zephyr/arch/arch/arm/core/aarch32/mpu/libarch__arm__core__aarch32__mpu.a(arm_core_mpu.c.obj)
                0x000000000001fcd8                z_arm_configure_static_mpu_regions
 .text.region_init
                0x000000000001fd10       0x34 zephyr/arch/arch/arm/core/aarch32/mpu/libarch__arm__core__aarch32__mpu.a(arm_mpu.c.obj)
 .text.region_allocate_and_init.part.0
                0x000000000001fd44       0x30 zephyr/arch/arch/arm/core/aarch32/mpu/libarch__arm__core__aarch32__mpu.a(arm_mpu.c.obj)
 .text.mpu_configure_regions_and_partition.constprop.0
                0x000000000001fd74      0x19c zephyr/arch/arch/arm/core/aarch32/mpu/libarch__arm__core__aarch32__mpu.a(arm_mpu.c.obj)
 .text.arm_core_mpu_enable
                0x000000000001ff10       0x18 zephyr/arch/arch/arm/core/aarch32/mpu/libarch__arm__core__aarch32__mpu.a(arm_mpu.c.obj)
                0x000000000001ff10                arm_core_mpu_enable
 .text.arm_core_mpu_disable
                0x000000000001ff28       0x14 zephyr/arch/arch/arm/core/aarch32/mpu/libarch__arm__core__aarch32__mpu.a(arm_mpu.c.obj)
                0x000000000001ff28                arm_core_mpu_disable
 .text.arm_core_mpu_configure_static_mpu_regions
                0x000000000001ff3c       0x14 zephyr/arch/arch/arm/core/aarch32/mpu/libarch__arm__core__aarch32__mpu.a(arm_mpu.c.obj)
                0x000000000001ff3c                arm_core_mpu_configure_static_mpu_regions
 .text.arm_core_mpu_mark_areas_for_dynamic_regions
                0x000000000001ff50       0xb8 zephyr/arch/arch/arm/core/aarch32/mpu/libarch__arm__core__aarch32__mpu.a(arm_mpu.c.obj)
                0x000000000001ff50                arm_core_mpu_mark_areas_for_dynamic_regions
 .text.z_arm_mpu_init
                0x0000000000020008       0x4c zephyr/arch/arch/arm/core/aarch32/mpu/libarch__arm__core__aarch32__mpu.a(arm_mpu.c.obj)
                0x0000000000020008                z_arm_mpu_init
 .text.z_impl_zephyr_fputc
                0x0000000000020054       0x10 zephyr/lib/libc/picolibc/liblib__libc__picolibc.a(libc-hooks.c.obj)
                0x0000000000020054                z_impl_zephyr_fputc
 .text.__stdout_hook_install
                0x0000000000020064       0x18 zephyr/lib/libc/picolibc/liblib__libc__picolibc.a(libc-hooks.c.obj)
                0x0000000000020064                __stdout_hook_install
 .text.cbvprintf
                0x000000000002007c       0x38 zephyr/lib/libc/picolibc/liblib__libc__picolibc.a(libc-hooks.c.obj)
                0x000000000002007c                cbvprintf
 .text.__chk_fail
                0x00000000000200b4       0x18 zephyr/lib/libc/picolibc/liblib__libc__picolibc.a(libc-hooks.c.obj)
                0x00000000000200b4                __chk_fail
 .text.malloc_prepare
                0x00000000000200cc       0x24 zephyr/lib/libc/common/liblib__libc__common.a(malloc.c.obj)
 .text.setup    0x00000000000200f0       0x68 zephyr/boards/arm/thingy53_nrf5340/libboards__arm__thingy53_nrf5340.a(board.c.obj)
 .text.usbd_evt_put
                0x0000000000020158        0xc zephyr/drivers/usb/device/libdrivers__usb__device.a(usb_dc_nrfx.c.obj)
 .text.usbd_work_schedule
                0x0000000000020164       0x10 zephyr/drivers/usb/device/libdrivers__usb__device.a(usb_dc_nrfx.c.obj)
 .text.endpoint_ctx
                0x0000000000020174       0x60 zephyr/drivers/usb/device/libdrivers__usb__device.a(usb_dc_nrfx.c.obj)
 .text.usbd_evt_get
                0x00000000000201d4       0x10 zephyr/drivers/usb/device/libdrivers__usb__device.a(usb_dc_nrfx.c.obj)
 .text.usb_init
                0x00000000000201e4       0x80 zephyr/drivers/usb/device/libdrivers__usb__device.a(usb_dc_nrfx.c.obj)
 .text.hfxo_stop.constprop.0.isra.0
                0x0000000000020264       0x38 zephyr/drivers/usb/device/libdrivers__usb__device.a(usb_dc_nrfx.c.obj)
 .text.eps_ctx_init
                0x000000000002029c       0x68 zephyr/drivers/usb/device/libdrivers__usb__device.a(usb_dc_nrfx.c.obj)
 .text.usbd_evt_flush
                0x0000000000020304       0x1c zephyr/drivers/usb/device/libdrivers__usb__device.a(usb_dc_nrfx.c.obj)
 .text.usbd_evt_alloc
                0x0000000000020320       0x78 zephyr/drivers/usb/device/libdrivers__usb__device.a(usb_dc_nrfx.c.obj)
 .text.submit_dc_power_event
                0x0000000000020398       0x2c zephyr/drivers/usb/device/libdrivers__usb__device.a(usb_dc_nrfx.c.obj)
 .text.usb_dc_power_event_handler
                0x00000000000203c4       0x60 zephyr/drivers/usb/device/libdrivers__usb__device.a(usb_dc_nrfx.c.obj)
 .text.usbd_event_transfer_data
                0x0000000000020424       0xe0 zephyr/drivers/usb/device/libdrivers__usb__device.a(usb_dc_nrfx.c.obj)
 .text.usbd_event_handler
                0x0000000000020504      0x170 zephyr/drivers/usb/device/libdrivers__usb__device.a(usb_dc_nrfx.c.obj)
 .text.usbd_work_handler
                0x0000000000020674      0x3a4 zephyr/drivers/usb/device/libdrivers__usb__device.a(usb_dc_nrfx.c.obj)
 .text.usb_dc_attach
                0x0000000000020a18       0x64 zephyr/drivers/usb/device/libdrivers__usb__device.a(usb_dc_nrfx.c.obj)
                0x0000000000020a18                usb_dc_attach
 .text.usb_dc_set_address
                0x0000000000020a7c       0x24 zephyr/drivers/usb/device/libdrivers__usb__device.a(usb_dc_nrfx.c.obj)
                0x0000000000020a7c                usb_dc_set_address
 .text.usb_dc_ep_check_cap
                0x0000000000020aa0       0x64 zephyr/drivers/usb/device/libdrivers__usb__device.a(usb_dc_nrfx.c.obj)
                0x0000000000020aa0                usb_dc_ep_check_cap
 .text.usb_dc_ep_configure
                0x0000000000020b04       0x68 zephyr/drivers/usb/device/libdrivers__usb__device.a(usb_dc_nrfx.c.obj)
                0x0000000000020b04                usb_dc_ep_configure
 .text.usb_dc_ep_set_stall
                0x0000000000020b6c       0x74 zephyr/drivers/usb/device/libdrivers__usb__device.a(usb_dc_nrfx.c.obj)
                0x0000000000020b6c                usb_dc_ep_set_stall
 .text.usb_dc_ep_clear_stall
                0x0000000000020be0       0x40 zephyr/drivers/usb/device/libdrivers__usb__device.a(usb_dc_nrfx.c.obj)
                0x0000000000020be0                usb_dc_ep_clear_stall
 .text.usb_dc_ep_is_stalled
                0x0000000000020c20       0x38 zephyr/drivers/usb/device/libdrivers__usb__device.a(usb_dc_nrfx.c.obj)
                0x0000000000020c20                usb_dc_ep_is_stalled
 .text.usb_dc_ep_enable
                0x0000000000020c58       0x54 zephyr/drivers/usb/device/libdrivers__usb__device.a(usb_dc_nrfx.c.obj)
                0x0000000000020c58                usb_dc_ep_enable
 .text.usb_dc_ep_write
                0x0000000000020cac      0x144 zephyr/drivers/usb/device/libdrivers__usb__device.a(usb_dc_nrfx.c.obj)
                0x0000000000020cac                usb_dc_ep_write
 .text.usb_dc_ep_read_wait
                0x0000000000020df0       0xcc zephyr/drivers/usb/device/libdrivers__usb__device.a(usb_dc_nrfx.c.obj)
                0x0000000000020df0                usb_dc_ep_read_wait
 .text.usb_dc_ep_read_continue
                0x0000000000020ebc       0xb0 zephyr/drivers/usb/device/libdrivers__usb__device.a(usb_dc_nrfx.c.obj)
                0x0000000000020ebc                usb_dc_ep_read_continue
 .text.usb_dc_ep_set_callback
                0x0000000000020f6c       0x28 zephyr/drivers/usb/device/libdrivers__usb__device.a(usb_dc_nrfx.c.obj)
                0x0000000000020f6c                usb_dc_ep_set_callback
 .text.usb_dc_set_status_callback
                0x0000000000020f94        0xc zephyr/drivers/usb/device/libdrivers__usb__device.a(usb_dc_nrfx.c.obj)
                0x0000000000020f94                usb_dc_set_status_callback
 .text.usb_dc_ep_mps
                0x0000000000020fa0       0x24 zephyr/drivers/usb/device/libdrivers__usb__device.a(usb_dc_nrfx.c.obj)
                0x0000000000020fa0                usb_dc_ep_mps
 .text.onoff_stop
                0x0000000000020fc4       0x30 zephyr/drivers/clock_control/libdrivers__clock_control.a(clock_control_nrf.c.obj)
 .text.onoff_start
                0x0000000000020ff4       0x44 zephyr/drivers/clock_control/libdrivers__clock_control.a(clock_control_nrf.c.obj)
 .text.clk_init
                0x0000000000021038       0x64 zephyr/drivers/clock_control/libdrivers__clock_control.a(clock_control_nrf.c.obj)
 .text.clkstarted_handle.constprop.0
                0x000000000002109c       0x34 zephyr/drivers/clock_control/libdrivers__clock_control.a(clock_control_nrf.c.obj)
 .text.clock_event_handler
                0x00000000000210d0       0x30 zephyr/drivers/clock_control/libdrivers__clock_control.a(clock_control_nrf.c.obj)
 .text.generic_hfclk_start
                0x0000000000021100       0x64 zephyr/drivers/clock_control/libdrivers__clock_control.a(clock_control_nrf.c.obj)
 .text.api_blocking_start
                0x0000000000021164       0x34 zephyr/drivers/clock_control/libdrivers__clock_control.a(clock_control_nrf.c.obj)
 .text.generic_hfclk_stop
                0x0000000000021198       0x34 zephyr/drivers/clock_control/libdrivers__clock_control.a(clock_control_nrf.c.obj)
 .text.z_nrf_clock_control_get_onoff
                0x00000000000211cc       0x10 zephyr/drivers/clock_control/libdrivers__clock_control.a(clock_control_nrf.c.obj)
                0x00000000000211cc                z_nrf_clock_control_get_onoff
 .text.z_nrf_clock_control_lf_on
                0x00000000000211dc       0xf8 zephyr/drivers/clock_control/libdrivers__clock_control.a(clock_control_nrf.c.obj)
                0x00000000000211dc                z_nrf_clock_control_lf_on
 .text.uart_console_init
                0x00000000000212d4       0x28 zephyr/drivers/console/libdrivers__console.a(uart_console.c.obj)
 .text.console_out
                0x00000000000212fc       0x28 zephyr/drivers/console/libdrivers__console.a(uart_console.c.obj)
 .text.gpio_nrfx_pin_interrupt_configure
                0x0000000000021324       0xe4 zephyr/drivers/gpio/libdrivers__gpio.a(gpio_nrfx.c.obj)
 .text.gpio_nrfx_init
                0x0000000000021408       0x38 zephyr/drivers/gpio/libdrivers__gpio.a(gpio_nrfx.c.obj)
 .text.nrfx_gpio_handler
                0x0000000000021440       0x4c zephyr/drivers/gpio/libdrivers__gpio.a(gpio_nrfx.c.obj)
 .text.gpio_nrfx_pin_configure
                0x000000000002148c      0x124 zephyr/drivers/gpio/libdrivers__gpio.a(gpio_nrfx.c.obj)
 .text.z_impl_hwinfo_get_device_id
                0x00000000000215b0       0x3c zephyr/drivers/hwinfo/libdrivers__hwinfo.a(hwinfo_nrf.c.obj)
                0x00000000000215b0                z_impl_hwinfo_get_device_id
 .text.i2c_nrfx_twim_init
                0x00000000000215ec       0x7c zephyr/drivers/i2c/libdrivers__i2c.a(i2c_nrfx_twim.c.obj)
 .text.i2c_nrfx_twim_recover_bus
                0x0000000000021668       0x3c zephyr/drivers/i2c/libdrivers__i2c.a(i2c_nrfx_twim.c.obj)
 .text.event_handler
                0x00000000000216a4       0x34 zephyr/drivers/i2c/libdrivers__i2c.a(i2c_nrfx_twim.c.obj)
 .text.i2c_nrfx_twim_configure
                0x00000000000216d8       0x60 zephyr/drivers/i2c/libdrivers__i2c.a(i2c_nrfx_twim.c.obj)
 .text.i2c_nrfx_twim_transfer
                0x0000000000021738      0x200 zephyr/drivers/i2c/libdrivers__i2c.a(i2c_nrfx_twim.c.obj)
 .text.mbox_nrf_init
                0x0000000000021938       0xb4 zephyr/drivers/mbox/libdrivers__mbox.a(mbox_nrfx_ipc.c.obj)
 .text.mbox_nrf_set_enabled
                0x00000000000219ec       0xa0 zephyr/drivers/mbox/libdrivers__mbox.a(mbox_nrfx_ipc.c.obj)
 .text.mbox_nrf_send
                0x0000000000021a8c       0x54 zephyr/drivers/mbox/libdrivers__mbox.a(mbox_nrfx_ipc.c.obj)
 .text.mbox_dispatcher
                0x0000000000021ae0       0x7c zephyr/drivers/mbox/libdrivers__mbox.a(mbox_nrfx_ipc.c.obj)
 .text.nrf_gpio_pin_port_decode
                0x0000000000021b5c       0x24 zephyr/drivers/pinctrl/libdrivers__pinctrl.a(pinctrl_nrf.c.obj)
 .text.pinctrl_configure_pins
                0x0000000000021b80      0x178 zephyr/drivers/pinctrl/libdrivers__pinctrl.a(pinctrl_nrf.c.obj)
                0x0000000000021b80                pinctrl_configure_pins
 .text.regulator_fixed_init
                0x0000000000021cf8       0xa0 zephyr/drivers/regulator/libdrivers__regulator.a(regulator_fixed.c.obj)
 .text.regulator_fixed_enable
                0x0000000000021d98       0x48 zephyr/drivers/regulator/libdrivers__regulator.a(regulator_fixed.c.obj)
 .text.adxl362_accel_convert
                0x0000000000021de0       0x3c zephyr/drivers/sensor/adxl362/libdrivers__sensor__adxl362.a(adxl362.c.obj)
 .text.adxl362_init
                0x0000000000021e1c      0x188 zephyr/drivers/sensor/adxl362/libdrivers__sensor__adxl362.a(adxl362.c.obj)
 .text.bme680_sample_fetch
                0x0000000000021fa4      0x2b8 zephyr/drivers/sensor/bme680/libdrivers__sensor__bme680.a(bme680.c.obj)
 .text.bme680_init
                0x000000000002225c      0x260 zephyr/drivers/sensor/bme680/libdrivers__sensor__bme680.a(bme680.c.obj)
 .text.bmm150_init.part.0
                0x00000000000224bc       0x28 zephyr/drivers/sensor/bmm150/libdrivers__sensor__bmm150.a(bmm150.c.obj)
 .text.bmm150_sample_fetch
                0x00000000000224e4       0xb8 zephyr/drivers/sensor/bmm150/libdrivers__sensor__bmm150.a(bmm150.c.obj)
 .text.bmm150_channel_get
                0x000000000002259c       0x90 zephyr/drivers/sensor/bmm150/libdrivers__sensor__bmm150.a(bmm150.c.obj)
 .text.bmm150_init
                0x000000000002262c      0x208 zephyr/drivers/sensor/bmm150/libdrivers__sensor__bmm150.a(bmm150.c.obj)
 .text.spi_nrfx_init
                0x0000000000022834      0x130 zephyr/drivers/spi/libdrivers__spi.a(spi_nrfx_spim.c.obj)
 .text.transfer_next_chunk
                0x0000000000022964       0x98 zephyr/drivers/spi/libdrivers__spi.a(spi_nrfx_spim.c.obj)
 .text.event_handler
                0x00000000000229fc       0xd8 zephyr/drivers/spi/libdrivers__spi.a(spi_nrfx_spim.c.obj)
 .text.spi_nrfx_transceive
                0x0000000000022ad4      0x438 zephyr/drivers/spi/libdrivers__spi.a(spi_nrfx_spim.c.obj)
 .text.nrf_gpio_cfg_input
                0x0000000000022f0c       0x40 zephyr/drivers/spi/libdrivers__spi.a(spi_nrfx_common.c.obj)
 .text.spi_nrfx_wake_init
                0x0000000000022f4c       0x54 zephyr/drivers/spi/libdrivers__spi.a(spi_nrfx_common.c.obj)
                0x0000000000022f4c                spi_nrfx_wake_init
 .text.compare_int_lock
                0x0000000000022fa0       0x40 zephyr/drivers/timer/libdrivers__timer.a(nrf_rtc_timer.c.obj)
 .text.sys_clock_timeout_handler
                0x0000000000022fe0       0x48 zephyr/drivers/timer/libdrivers__timer.a(nrf_rtc_timer.c.obj)
 .text.compare_int_unlock
                0x0000000000023028       0x4c zephyr/drivers/timer/libdrivers__timer.a(nrf_rtc_timer.c.obj)
 .text.z_nrf_rtc_timer_compare_evt_address_get
                0x0000000000023074       0x10 zephyr/drivers/timer/libdrivers__timer.a(nrf_rtc_timer.c.obj)
                0x0000000000023074                z_nrf_rtc_timer_compare_evt_address_get
 .text.z_nrf_rtc_timer_compare_read
                0x0000000000023084       0x10 zephyr/drivers/timer/libdrivers__timer.a(nrf_rtc_timer.c.obj)
                0x0000000000023084                z_nrf_rtc_timer_compare_read
 .text.z_nrf_rtc_timer_read
                0x0000000000023094       0x44 zephyr/drivers/timer/libdrivers__timer.a(nrf_rtc_timer.c.obj)
                0x0000000000023094                z_nrf_rtc_timer_read
 .text.compare_set
                0x00000000000230d8      0x124 zephyr/drivers/timer/libdrivers__timer.a(nrf_rtc_timer.c.obj)
 .text.sys_clock_driver_init
                0x00000000000231fc       0xa4 zephyr/drivers/timer/libdrivers__timer.a(nrf_rtc_timer.c.obj)
 .text.rtc_nrf_isr
                0x00000000000232a0      0x100 zephyr/drivers/timer/libdrivers__timer.a(nrf_rtc_timer.c.obj)
                0x00000000000232a0                rtc_nrf_isr
 .text.z_nrf_rtc_timer_chan_alloc
                0x00000000000233a0       0x3c zephyr/drivers/timer/libdrivers__timer.a(nrf_rtc_timer.c.obj)
                0x00000000000233a0                z_nrf_rtc_timer_chan_alloc
 .text.z_nrf_rtc_timer_chan_free
                0x00000000000233dc       0x1c zephyr/drivers/timer/libdrivers__timer.a(nrf_rtc_timer.c.obj)
                0x00000000000233dc                z_nrf_rtc_timer_chan_free
 .text.sys_clock_set_timeout
                0x00000000000233f8       0x64 zephyr/drivers/timer/libdrivers__timer.a(nrf_rtc_timer.c.obj)
                0x00000000000233f8                sys_clock_set_timeout
 .text.sys_clock_elapsed
                0x000000000002345c       0x14 zephyr/drivers/timer/libdrivers__timer.a(nrf_rtc_timer.c.obj)
                0x000000000002345c                sys_clock_elapsed
 .text.k_sys_fatal_error_handler
                0x0000000000023470       0x2c modules/nrf/lib/fatal_error/lib..__nrf__lib__fatal_error.a(fatal_error.c.obj)
                0x0000000000023470                k_sys_fatal_error_handler
 .text.tfm_ns_interface_dispatch
                0x000000000002349c       0x64 modules/trusted-firmware-m/libtfm_api.a(interface.c.obj)
                0x000000000002349c                tfm_ns_interface_dispatch
 .text.tfm_platform_ioctl
                0x0000000000023500       0x4c modules/trusted-firmware-m/libtfm_api.a(tfm_platform_api.c.obj)
                0x0000000000023500                tfm_platform_ioctl
 .text.psa_generate_random
                0x000000000002354c       0x40 modules/trusted-firmware-m/libtfm_api.a(tfm_crypto_api.c.obj)
                0x000000000002354c                psa_generate_random
 .text.psa_call
                0x000000000002358c       0x38 modules/trusted-firmware-m/libtfm_api.a(tfm_psa_ns_api.c.obj)
                0x000000000002358c                psa_call
 .text.nrfx_flag32_alloc
                0x00000000000235c4       0x40 modules/hal_nordic/nrfx/libmodules__hal_nordic__nrfx.a(nrfx_flag32_allocator.c.obj)
                0x00000000000235c4                nrfx_flag32_alloc
 .text.nrfx_flag32_free
                0x0000000000023604       0x38 modules/hal_nordic/nrfx/libmodules__hal_nordic__nrfx.a(nrfx_flag32_allocator.c.obj)
                0x0000000000023604                nrfx_flag32_free
 .text.nrfx_gppi_channels_enable
                0x000000000002363c        0xc modules/hal_nordic/nrfx/libmodules__hal_nordic__nrfx.a(nrfx_gppi_dppi.c.obj)
                0x000000000002363c                nrfx_gppi_channels_enable
 .text.nrfx_gppi_channels_disable
                0x0000000000023648        0xc modules/hal_nordic/nrfx/libmodules__hal_nordic__nrfx.a(nrfx_gppi_dppi.c.obj)
                0x0000000000023648                nrfx_gppi_channels_disable
 .text.clock_stop
                0x0000000000023654      0x158 modules/hal_nordic/nrfx/libmodules__hal_nordic__nrfx.a(nrfx_clock.c.obj)
 .text.nrfx_clock_init
                0x00000000000237ac       0x20 modules/hal_nordic/nrfx/libmodules__hal_nordic__nrfx.a(nrfx_clock.c.obj)
                0x00000000000237ac                nrfx_clock_init
 .text.nrfx_clock_enable
                0x00000000000237cc       0x38 modules/hal_nordic/nrfx/libmodules__hal_nordic__nrfx.a(nrfx_clock.c.obj)
                0x00000000000237cc                nrfx_clock_enable
 .text.nrfx_clock_start
                0x0000000000023804       0xd8 modules/hal_nordic/nrfx/libmodules__hal_nordic__nrfx.a(nrfx_clock.c.obj)
                0x0000000000023804                nrfx_clock_start
 .text.nrfx_clock_irq_handler
                0x00000000000238dc       0xac modules/hal_nordic/nrfx/libmodules__hal_nordic__nrfx.a(nrfx_clock.c.obj)
                0x00000000000238dc                nrfx_clock_irq_handler
 .text.nrfx_dppi_channel_alloc
                0x0000000000023988        0xc modules/hal_nordic/nrfx/libmodules__hal_nordic__nrfx.a(nrfx_dppi.c.obj)
                0x0000000000023988                nrfx_dppi_channel_alloc
 .text.nrfx_dppi_channel_free
                0x0000000000023994       0x1c modules/hal_nordic/nrfx/libmodules__hal_nordic__nrfx.a(nrfx_dppi.c.obj)
                0x0000000000023994                nrfx_dppi_channel_free
 .text.nrf_gpio_pin_port_decode
                0x00000000000239b0       0x24 modules/hal_nordic/nrfx/libmodules__hal_nordic__nrfx.a(nrfx_gpiote.c.obj)
 .text.get_pin_idx
                0x00000000000239d4       0x14 modules/hal_nordic/nrfx/libmodules__hal_nordic__nrfx.a(nrfx_gpiote.c.obj)
 .text.release_handler.constprop.0
                0x00000000000239e8       0x5c modules/hal_nordic/nrfx/libmodules__hal_nordic__nrfx.a(nrfx_gpiote.c.obj)
 .text.pin_te_get.constprop.0
                0x0000000000023a44       0x18 modules/hal_nordic/nrfx/libmodules__hal_nordic__nrfx.a(nrfx_gpiote.c.obj)
 .text.pin_is_output.constprop.0
                0x0000000000023a5c       0x18 modules/hal_nordic/nrfx/libmodules__hal_nordic__nrfx.a(nrfx_gpiote.c.obj)
 .text.pin_in_use_by_te.constprop.0
                0x0000000000023a74       0x18 modules/hal_nordic/nrfx/libmodules__hal_nordic__nrfx.a(nrfx_gpiote.c.obj)
 .text.latch_pending_read_and_check
                0x0000000000023a8c       0x3c modules/hal_nordic/nrfx/libmodules__hal_nordic__nrfx.a(nrfx_gpiote.c.obj)
 .text.__nrfy_internal_gpiote_events_process.constprop.0
                0x0000000000023ac8       0x5c modules/hal_nordic/nrfx/libmodules__hal_nordic__nrfx.a(nrfx_gpiote.c.obj)
 .text.irq_handler.constprop.0
                0x0000000000023b24      0x1a8 modules/hal_nordic/nrfx/libmodules__hal_nordic__nrfx.a(nrfx_gpiote.c.obj)
 .text.pin_trigger_disable.constprop.0
                0x0000000000023ccc       0x4c modules/hal_nordic/nrfx/libmodules__hal_nordic__nrfx.a(nrfx_gpiote.c.obj)
 .text.pin_uninit.constprop.0
                0x0000000000023d18       0x84 modules/hal_nordic/nrfx/libmodules__hal_nordic__nrfx.a(nrfx_gpiote.c.obj)
 .text.nrfx_gpiote_input_configure
                0x0000000000023d9c      0x16c modules/hal_nordic/nrfx/libmodules__hal_nordic__nrfx.a(nrfx_gpiote.c.obj)
                0x0000000000023d9c                nrfx_gpiote_input_configure
 .text.nrfx_gpiote_output_configure
                0x0000000000023f08       0xf4 modules/hal_nordic/nrfx/libmodules__hal_nordic__nrfx.a(nrfx_gpiote.c.obj)
                0x0000000000023f08                nrfx_gpiote_output_configure
 .text.nrfx_gpiote_global_callback_set
                0x0000000000023ffc        0xc modules/hal_nordic/nrfx/libmodules__hal_nordic__nrfx.a(nrfx_gpiote.c.obj)
                0x0000000000023ffc                nrfx_gpiote_global_callback_set
 .text.nrfx_gpiote_channel_get
                0x0000000000024008       0x30 modules/hal_nordic/nrfx/libmodules__hal_nordic__nrfx.a(nrfx_gpiote.c.obj)
                0x0000000000024008                nrfx_gpiote_channel_get
 .text.nrfx_gpiote_init
                0x0000000000024038       0x78 modules/hal_nordic/nrfx/libmodules__hal_nordic__nrfx.a(nrfx_gpiote.c.obj)
                0x0000000000024038                nrfx_gpiote_init
 .text.nrfx_gpiote_is_init
                0x00000000000240b0       0x14 modules/hal_nordic/nrfx/libmodules__hal_nordic__nrfx.a(nrfx_gpiote.c.obj)
                0x00000000000240b0                nrfx_gpiote_is_init
 .text.nrfx_gpiote_channel_free
                0x00000000000240c4        0xc modules/hal_nordic/nrfx/libmodules__hal_nordic__nrfx.a(nrfx_gpiote.c.obj)
                0x00000000000240c4                nrfx_gpiote_channel_free
 .text.nrfx_gpiote_channel_alloc
                0x00000000000240d0        0xc modules/hal_nordic/nrfx/libmodules__hal_nordic__nrfx.a(nrfx_gpiote.c.obj)
                0x00000000000240d0                nrfx_gpiote_channel_alloc
 .text.nrfx_gpiote_trigger_enable
                0x00000000000240dc       0x98 modules/hal_nordic/nrfx/libmodules__hal_nordic__nrfx.a(nrfx_gpiote.c.obj)
                0x00000000000240dc                nrfx_gpiote_trigger_enable
 .text.nrfx_gpiote_1_irq_handler
                0x0000000000024174        0xc modules/hal_nordic/nrfx/libmodules__hal_nordic__nrfx.a(nrfx_gpiote.c.obj)
                0x0000000000024174                nrfx_gpiote_1_irq_handler
 .text.nrfx_ipc_init
                0x0000000000024180       0x30 modules/hal_nordic/nrfx/libmodules__hal_nordic__nrfx.a(nrfx_ipc.c.obj)
                0x0000000000024180                nrfx_ipc_init
 .text.nrfx_ipc_config_load
                0x00000000000241b0       0x40 modules/hal_nordic/nrfx/libmodules__hal_nordic__nrfx.a(nrfx_ipc.c.obj)
                0x00000000000241b0                nrfx_ipc_config_load
 .text.nrfx_ipc_receive_event_enable
                0x00000000000241f0       0x10 modules/hal_nordic/nrfx/libmodules__hal_nordic__nrfx.a(nrfx_ipc.c.obj)
                0x00000000000241f0                nrfx_ipc_receive_event_enable
 .text.nrfx_ipc_receive_event_disable
                0x0000000000024200       0x10 modules/hal_nordic/nrfx/libmodules__hal_nordic__nrfx.a(nrfx_ipc.c.obj)
                0x0000000000024200                nrfx_ipc_receive_event_disable
 .text.nrfx_ipc_irq_handler
                0x0000000000024210       0x40 modules/hal_nordic/nrfx/libmodules__hal_nordic__nrfx.a(nrfx_ipc.c.obj)
                0x0000000000024210                nrfx_ipc_irq_handler
 .text.nrfx_power_init
                0x0000000000024250       0x48 modules/hal_nordic/nrfx/libmodules__hal_nordic__nrfx.a(nrfx_power.c.obj)
                0x0000000000024250                nrfx_power_init
 .text.nrfx_power_irq_handler
                0x0000000000024298       0x70 modules/hal_nordic/nrfx/libmodules__hal_nordic__nrfx.a(nrfx_power.c.obj)
                0x0000000000024298                nrfx_power_irq_handler
 .text.nrf_gpio_pin_port_decode
                0x0000000000024308       0x24 modules/hal_nordic/nrfx/libmodules__hal_nordic__nrfx.a(nrfx_spim.c.obj)
 .text.spim_configuration_verify
                0x000000000002432c       0xf8 modules/hal_nordic/nrfx/libmodules__hal_nordic__nrfx.a(nrfx_spim.c.obj)
 .text.pin_init
                0x0000000000024424       0x50 modules/hal_nordic/nrfx/libmodules__hal_nordic__nrfx.a(nrfx_spim.c.obj)
 .text.spim_configure
                0x0000000000024474      0x25c modules/hal_nordic/nrfx/libmodules__hal_nordic__nrfx.a(nrfx_spim.c.obj)
 .text.spim_pin_uninit
                0x00000000000246d0       0x30 modules/hal_nordic/nrfx/libmodules__hal_nordic__nrfx.a(nrfx_spim.c.obj)
 .text.nrfx_spim_init
                0x0000000000024700       0x5c modules/hal_nordic/nrfx/libmodules__hal_nordic__nrfx.a(nrfx_spim.c.obj)
                0x0000000000024700                nrfx_spim_init
 .text.nrfx_spim_uninit
                0x000000000002475c       0x90 modules/hal_nordic/nrfx/libmodules__hal_nordic__nrfx.a(nrfx_spim.c.obj)
                0x000000000002475c                nrfx_spim_uninit
 .text.nrfx_spim_xfer
                0x00000000000247ec      0x164 modules/hal_nordic/nrfx/libmodules__hal_nordic__nrfx.a(nrfx_spim.c.obj)
                0x00000000000247ec                nrfx_spim_xfer
 .text.nrfx_spim_3_irq_handler
                0x0000000000024950       0x10 modules/hal_nordic/nrfx/libmodules__hal_nordic__nrfx.a(nrfx_spim.c.obj)
                0x0000000000024950                nrfx_spim_3_irq_handler
 .text.nrfx_spim_4_irq_handler
                0x0000000000024960       0x10 modules/hal_nordic/nrfx/libmodules__hal_nordic__nrfx.a(nrfx_spim.c.obj)
                0x0000000000024960                nrfx_spim_4_irq_handler
 .text.nrf_gpio_cfg.constprop.0
                0x0000000000024970       0x48 modules/hal_nordic/nrfx/libmodules__hal_nordic__nrfx.a(nrfx_twim.c.obj)
 .text.twim_configure
                0x00000000000249b8       0x3c modules/hal_nordic/nrfx/libmodules__hal_nordic__nrfx.a(nrfx_twim.c.obj)
 .text.nrfx_twim_init
                0x00000000000249f4       0xb8 modules/hal_nordic/nrfx/libmodules__hal_nordic__nrfx.a(nrfx_twim.c.obj)
                0x00000000000249f4                nrfx_twim_init
 .text.nrfx_twim_enable
                0x0000000000024aac       0x20 modules/hal_nordic/nrfx/libmodules__hal_nordic__nrfx.a(nrfx_twim.c.obj)
                0x0000000000024aac                nrfx_twim_enable
 .text.nrfx_twim_disable
                0x0000000000024acc       0x3c modules/hal_nordic/nrfx/libmodules__hal_nordic__nrfx.a(nrfx_twim.c.obj)
                0x0000000000024acc                nrfx_twim_disable
 .text.nrfx_twim_xfer
                0x0000000000024b08      0x350 modules/hal_nordic/nrfx/libmodules__hal_nordic__nrfx.a(nrfx_twim.c.obj)
                0x0000000000024b08                nrfx_twim_xfer
 .text.nrfx_twim_1_irq_handler
                0x0000000000024e58      0x188 modules/hal_nordic/nrfx/libmodules__hal_nordic__nrfx.a(nrfx_twim.c.obj)
                0x0000000000024e58                nrfx_twim_1_irq_handler
 .text.ep_state_access
                0x0000000000024fe0       0x1c modules/hal_nordic/nrfx/libmodules__hal_nordic__nrfx.a(nrfx_usbd.c.obj)
 .text.ev_usbreset_handler
                0x0000000000024ffc       0x2c modules/hal_nordic/nrfx/libmodules__hal_nordic__nrfx.a(nrfx_usbd.c.obj)
 .text.ev_usbevent_handler
                0x0000000000025028       0x74 modules/hal_nordic/nrfx/libmodules__hal_nordic__nrfx.a(nrfx_usbd.c.obj)
 .text.nrfx_usbd_feeder_flash
                0x000000000002509c       0x38 modules/hal_nordic/nrfx/libmodules__hal_nordic__nrfx.a(nrfx_usbd.c.obj)
                0x000000000002509c                nrfx_usbd_feeder_flash
 .text.nrfx_usbd_feeder_flash_zlp
                0x00000000000250d4       0x40 modules/hal_nordic/nrfx/libmodules__hal_nordic__nrfx.a(nrfx_usbd.c.obj)
                0x00000000000250d4                nrfx_usbd_feeder_flash_zlp
 .text.ev_sof_handler
                0x0000000000025114       0x44 modules/hal_nordic/nrfx/libmodules__hal_nordic__nrfx.a(nrfx_usbd.c.obj)
 .text.atomic_and.constprop.0.isra.0
                0x0000000000025158       0x18 modules/hal_nordic/nrfx/libmodules__hal_nordic__nrfx.a(nrfx_usbd.c.obj)
 .text.nrf_usbd_epin_dma_handler
                0x0000000000025170       0x38 modules/hal_nordic/nrfx/libmodules__hal_nordic__nrfx.a(nrfx_usbd.c.obj)
 .text.nrf_usbd_ep0in_dma_handler
                0x00000000000251a8       0x2c modules/hal_nordic/nrfx/libmodules__hal_nordic__nrfx.a(nrfx_usbd.c.obj)
 .text.usbd_ep_data_handler
                0x00000000000251d4       0x8c modules/hal_nordic/nrfx/libmodules__hal_nordic__nrfx.a(nrfx_usbd.c.obj)
 .text.ev_setup_data_handler
                0x0000000000025260       0x1c modules/hal_nordic/nrfx/libmodules__hal_nordic__nrfx.a(nrfx_usbd.c.obj)
 .text.ev_dma_epin8_handler
                0x000000000002527c       0x54 modules/hal_nordic/nrfx/libmodules__hal_nordic__nrfx.a(nrfx_usbd.c.obj)
 .text.ev_dma_epout8_handler
                0x00000000000252d0       0x48 modules/hal_nordic/nrfx/libmodules__hal_nordic__nrfx.a(nrfx_usbd.c.obj)
 .text.nrfx_usbd_uninit
                0x0000000000025318       0x14 modules/hal_nordic/nrfx/libmodules__hal_nordic__nrfx.a(nrfx_usbd.c.obj)
                0x0000000000025318                nrfx_usbd_uninit
 .text.nrfx_usbd_enable
                0x000000000002532c       0x78 modules/hal_nordic/nrfx/libmodules__hal_nordic__nrfx.a(nrfx_usbd.c.obj)
                0x000000000002532c                nrfx_usbd_enable
 .text.nrfx_usbd_start
                0x00000000000253a4       0x3c modules/hal_nordic/nrfx/libmodules__hal_nordic__nrfx.a(nrfx_usbd.c.obj)
                0x00000000000253a4                nrfx_usbd_start
 .text.nrfx_usbd_is_enabled
                0x00000000000253e0       0x14 modules/hal_nordic/nrfx/libmodules__hal_nordic__nrfx.a(nrfx_usbd.c.obj)
                0x00000000000253e0                nrfx_usbd_is_enabled
 .text.nrfx_usbd_suspend
                0x00000000000253f4       0x58 modules/hal_nordic/nrfx/libmodules__hal_nordic__nrfx.a(nrfx_usbd.c.obj)
                0x00000000000253f4                nrfx_usbd_suspend
 .text.nrfx_usbd_init
                0x000000000002544c       0x84 modules/hal_nordic/nrfx/libmodules__hal_nordic__nrfx.a(nrfx_usbd.c.obj)
                0x000000000002544c                nrfx_usbd_init
 .text.nrfx_usbd_ep_transfer
                0x00000000000254d0       0xf8 modules/hal_nordic/nrfx/libmodules__hal_nordic__nrfx.a(nrfx_usbd.c.obj)
                0x00000000000254d0                nrfx_usbd_ep_transfer
 .text.nrfx_usbd_epout_size_get
                0x00000000000255c8       0x28 modules/hal_nordic/nrfx/libmodules__hal_nordic__nrfx.a(nrfx_usbd.c.obj)
                0x00000000000255c8                nrfx_usbd_epout_size_get
 .text.usbd_dmareq_process
                0x00000000000255f0      0x1ac modules/hal_nordic/nrfx/libmodules__hal_nordic__nrfx.a(nrfx_usbd.c.obj)
 .text.ev_epdata_handler
                0x000000000002579c       0x44 modules/hal_nordic/nrfx/libmodules__hal_nordic__nrfx.a(nrfx_usbd.c.obj)
 .text.nrf_usbd_epout_dma_handler
                0x00000000000257e0       0x68 modules/hal_nordic/nrfx/libmodules__hal_nordic__nrfx.a(nrfx_usbd.c.obj)
 .text.nrfx_usbd_ep_stall
                0x0000000000025848       0x10 modules/hal_nordic/nrfx/libmodules__hal_nordic__nrfx.a(nrfx_usbd.c.obj)
                0x0000000000025848                nrfx_usbd_ep_stall
 .text.nrfx_usbd_ep_stall_check
                0x0000000000025858       0x34 modules/hal_nordic/nrfx/libmodules__hal_nordic__nrfx.a(nrfx_usbd.c.obj)
                0x0000000000025858                nrfx_usbd_ep_stall_check
 .text.nrfx_usbd_ep_dtoggle_clear
                0x000000000002588c       0x18 modules/hal_nordic/nrfx/libmodules__hal_nordic__nrfx.a(nrfx_usbd.c.obj)
                0x000000000002588c                nrfx_usbd_ep_dtoggle_clear
 .text.nrfx_usbd_setup_get
                0x00000000000258a4       0x44 modules/hal_nordic/nrfx/libmodules__hal_nordic__nrfx.a(nrfx_usbd.c.obj)
                0x00000000000258a4                nrfx_usbd_setup_get
 .text.nrfx_usbd_setup_data_clear
                0x00000000000258e8       0x10 modules/hal_nordic/nrfx/libmodules__hal_nordic__nrfx.a(nrfx_usbd.c.obj)
                0x00000000000258e8                nrfx_usbd_setup_data_clear
 .text.ev_dma_epout0_handler
                0x00000000000258f8       0x58 modules/hal_nordic/nrfx/libmodules__hal_nordic__nrfx.a(nrfx_usbd.c.obj)
 .text.nrfx_usbd_setup_clear
                0x0000000000025950       0x10 modules/hal_nordic/nrfx/libmodules__hal_nordic__nrfx.a(nrfx_usbd.c.obj)
                0x0000000000025950                nrfx_usbd_setup_clear
 .text.nrfx_usbd_setup_stall
                0x0000000000025960       0x10 modules/hal_nordic/nrfx/libmodules__hal_nordic__nrfx.a(nrfx_usbd.c.obj)
                0x0000000000025960                nrfx_usbd_setup_stall
 .text.nrfx_usbd_last_setup_dir_get
                0x0000000000025970        0xc modules/hal_nordic/nrfx/libmodules__hal_nordic__nrfx.a(nrfx_usbd.c.obj)
                0x0000000000025970                nrfx_usbd_last_setup_dir_get
 .text.nrfx_usbd_transfer_out_drop
                0x000000000002597c       0x54 modules/hal_nordic/nrfx/libmodules__hal_nordic__nrfx.a(nrfx_usbd.c.obj)
                0x000000000002597c                nrfx_usbd_transfer_out_drop
 .text.usbd_ep_abort
                0x00000000000259d0       0xf4 modules/hal_nordic/nrfx/libmodules__hal_nordic__nrfx.a(nrfx_usbd.c.obj)
 .text.ev_setup_handler
                0x0000000000025ac4       0x68 modules/hal_nordic/nrfx/libmodules__hal_nordic__nrfx.a(nrfx_usbd.c.obj)
 .text.nrfx_usbd_irq_handler
                0x0000000000025b2c       0x7c modules/hal_nordic/nrfx/libmodules__hal_nordic__nrfx.a(nrfx_usbd.c.obj)
                0x0000000000025b2c                nrfx_usbd_irq_handler
 .text.nrfx_usbd_stop
                0x0000000000025ba8       0x80 modules/hal_nordic/nrfx/libmodules__hal_nordic__nrfx.a(nrfx_usbd.c.obj)
                0x0000000000025ba8                nrfx_usbd_stop
 .text.nrfx_usbd_disable
                0x0000000000025c28       0x64 modules/hal_nordic/nrfx/libmodules__hal_nordic__nrfx.a(nrfx_usbd.c.obj)
                0x0000000000025c28                nrfx_usbd_disable
 .text.nrfx_usbd_ep_disable
                0x0000000000025c8c       0x50 modules/hal_nordic/nrfx/libmodules__hal_nordic__nrfx.a(nrfx_usbd.c.obj)
                0x0000000000025c8c                nrfx_usbd_ep_disable
 .text.nrfx_usbd_ep_enable
                0x0000000000025cdc       0xa8 modules/hal_nordic/nrfx/libmodules__hal_nordic__nrfx.a(nrfx_usbd.c.obj)
                0x0000000000025cdc                nrfx_usbd_ep_enable
 .text.nrfx_usbd_ep_stall_clear
                0x0000000000025d84       0x20 modules/hal_nordic/nrfx/libmodules__hal_nordic__nrfx.a(nrfx_usbd.c.obj)
                0x0000000000025d84                nrfx_usbd_ep_stall_clear
 .text.nrfx_usbreg_enable
                0x0000000000025da4       0x10 modules/hal_nordic/nrfx/libmodules__hal_nordic__nrfx.a(nrfx_usbreg.c.obj)
                0x0000000000025da4                nrfx_usbreg_enable
 .text.nrfx_usbreg_disable
                0x0000000000025db4       0x10 modules/hal_nordic/nrfx/libmodules__hal_nordic__nrfx.a(nrfx_usbreg.c.obj)
                0x0000000000025db4                nrfx_usbreg_disable
 .text.nrfx_usbreg_uninit
                0x0000000000025dc4       0x20 modules/hal_nordic/nrfx/libmodules__hal_nordic__nrfx.a(nrfx_usbreg.c.obj)
                0x0000000000025dc4                nrfx_usbreg_uninit
 .text.nrfx_usbreg_init
                0x0000000000025de4       0x30 modules/hal_nordic/nrfx/libmodules__hal_nordic__nrfx.a(nrfx_usbreg.c.obj)
                0x0000000000025de4                nrfx_usbreg_init
 .text.nrfx_usbreg_irq_handler
                0x0000000000025e14       0x50 modules/hal_nordic/nrfx/libmodules__hal_nordic__nrfx.a(nrfx_usbreg.c.obj)
                0x0000000000025e14                nrfx_usbreg_irq_handler
 .text.nrf_gpio_pin_port_decode
                0x0000000000025e64       0x24 modules/hal_nordic/nrfx/libmodules__hal_nordic__nrfx.a(nrfx_twi_twim.c.obj)
 .text.nrfx_twi_twim_bus_recover
                0x0000000000025e88       0xd4 modules/hal_nordic/nrfx/libmodules__hal_nordic__nrfx.a(nrfx_twi_twim.c.obj)
                0x0000000000025e88                nrfx_twi_twim_bus_recover
 .text.z_fatal_error
                0x0000000000025f5c      0x104 zephyr/kernel/libkernel.a(fatal.c.obj)
                0x0000000000025f5c                z_fatal_error
 .text.z_sys_init_run_level
                0x0000000000026060       0x48 zephyr/kernel/libkernel.a(init.c.obj)
 .text.bg_thread_main
                0x00000000000260a8       0x34 zephyr/kernel/libkernel.a(init.c.obj)
 .text.z_bss_zero
                0x00000000000260dc       0x18 zephyr/kernel/libkernel.a(init.c.obj)
                0x00000000000260dc                z_bss_zero
 .text.z_init_cpu
                0x00000000000260f4       0x7c zephyr/kernel/libkernel.a(init.c.obj)
                0x00000000000260f4                z_init_cpu
 .text.z_cstart
                0x0000000000026170       0xe0 zephyr/kernel/libkernel.a(init.c.obj)
                0x0000000000026170                z_cstart
 .text.init_mem_slab_module
                0x0000000000026250       0x24 zephyr/kernel/libkernel.a(mem_slab.c.obj)
 .text.k_mem_slab_alloc
                0x0000000000026274       0x5c zephyr/kernel/libkernel.a(mem_slab.c.obj)
                0x0000000000026274                k_mem_slab_alloc
 .text.z_setup_new_thread
                0x00000000000262d0       0x7c zephyr/kernel/libkernel.a(thread.c.obj)
                0x00000000000262d0                z_setup_new_thread
 .text.z_impl_k_thread_create
                0x000000000002634c       0x58 zephyr/kernel/libkernel.a(thread.c.obj)
                0x000000000002634c                z_impl_k_thread_create
 .text.z_init_static_threads
                0x00000000000263a4       0xb8 zephyr/kernel/libkernel.a(thread.c.obj)
                0x00000000000263a4                z_init_static_threads
 .text.z_impl_k_mutex_lock
                0x000000000002645c       0xf4 zephyr/kernel/libkernel.a(mutex.c.obj)
                0x000000000002645c                z_impl_k_mutex_lock
 .text.z_impl_k_mutex_unlock
                0x0000000000026550       0x78 zephyr/kernel/libkernel.a(mutex.c.obj)
                0x0000000000026550                z_impl_k_mutex_unlock
 .text.z_impl_k_queue_get
                0x00000000000265c8       0x68 zephyr/kernel/libkernel.a(queue.c.obj)
                0x00000000000265c8                z_impl_k_queue_get
 .text.z_impl_k_sem_give
                0x0000000000026630       0x48 zephyr/kernel/libkernel.a(sem.c.obj)
                0x0000000000026630                z_impl_k_sem_give
 .text.z_impl_k_sem_take
                0x0000000000026678       0x50 zephyr/kernel/libkernel.a(sem.c.obj)
                0x0000000000026678                z_impl_k_sem_take
 .text.z_impl_k_sem_reset
                0x00000000000266c8       0x3c zephyr/kernel/libkernel.a(sem.c.obj)
                0x00000000000266c8                z_impl_k_sem_reset
 .text.work_queue_main
                0x0000000000026704      0x138 zephyr/kernel/libkernel.a(work.c.obj)
 .text.submit_to_queue_locked
                0x000000000002683c       0xb4 zephyr/kernel/libkernel.a(work.c.obj)
 .text.k_work_queue_start
                0x00000000000268f0       0x70 zephyr/kernel/libkernel.a(work.c.obj)
                0x00000000000268f0                k_work_queue_start
 .text.k_work_schedule_for_queue
                0x0000000000026960       0x54 zephyr/kernel/libkernel.a(work.c.obj)
                0x0000000000026960                k_work_schedule_for_queue
 .text.sliceable
                0x00000000000269b4       0x3c zephyr/kernel/libkernel.a(sched.c.obj)
 .text.slice_timeout
                0x00000000000269f0       0x20 zephyr/kernel/libkernel.a(sched.c.obj)
 .text.z_reset_time_slice
                0x0000000000026a10       0x50 zephyr/kernel/libkernel.a(sched.c.obj)
                0x0000000000026a10                z_reset_time_slice
 .text.update_cache
                0x0000000000026a60       0x3c zephyr/kernel/libkernel.a(sched.c.obj)
 .text.move_thread_to_end_of_prio_q
                0x0000000000026a9c       0x74 zephyr/kernel/libkernel.a(sched.c.obj)
 .text.ready_thread
                0x0000000000026b10       0x68 zephyr/kernel/libkernel.a(sched.c.obj)
 .text.unready_thread
                0x0000000000026b78       0x30 zephyr/kernel/libkernel.a(sched.c.obj)
 .text.pend_locked
                0x0000000000026ba8       0x30 zephyr/kernel/libkernel.a(sched.c.obj)
 .text.z_time_slice
                0x0000000000026bd8       0x60 zephyr/kernel/libkernel.a(sched.c.obj)
                0x0000000000026bd8                z_time_slice
 .text.z_pend_curr
                0x0000000000026c38       0x3c zephyr/kernel/libkernel.a(sched.c.obj)
                0x0000000000026c38                z_pend_curr
 .text.z_set_prio
                0x0000000000026c74       0x8c zephyr/kernel/libkernel.a(sched.c.obj)
                0x0000000000026c74                z_set_prio
 .text.z_reschedule
                0x0000000000026d00       0x24 zephyr/kernel/libkernel.a(sched.c.obj)
                0x0000000000026d00                z_reschedule
 .text.z_sched_start
                0x0000000000026d24       0x3c zephyr/kernel/libkernel.a(sched.c.obj)
                0x0000000000026d24                z_sched_start
 .text.z_impl_k_thread_suspend
                0x0000000000026d60       0x64 zephyr/kernel/libkernel.a(sched.c.obj)
                0x0000000000026d60                z_impl_k_thread_suspend
 .text.k_sched_lock
                0x0000000000026dc4       0x28 zephyr/kernel/libkernel.a(sched.c.obj)
                0x0000000000026dc4                k_sched_lock
 .text.k_sched_unlock
                0x0000000000026dec       0x38 zephyr/kernel/libkernel.a(sched.c.obj)
                0x0000000000026dec                k_sched_unlock
 .text.z_sched_init
                0x0000000000026e24       0x10 zephyr/kernel/libkernel.a(sched.c.obj)
                0x0000000000026e24                z_sched_init
 .text.z_impl_k_yield
                0x0000000000026e34       0x7c zephyr/kernel/libkernel.a(sched.c.obj)
                0x0000000000026e34                z_impl_k_yield
 .text.z_tick_sleep
                0x0000000000026eb0       0x88 zephyr/kernel/libkernel.a(sched.c.obj)
 .text.z_impl_k_sleep
                0x0000000000026f38       0x34 zephyr/kernel/libkernel.a(sched.c.obj)
                0x0000000000026f38                z_impl_k_sleep
 .text.z_impl_k_usleep
                0x0000000000026f6c       0x34 zephyr/kernel/libkernel.a(sched.c.obj)
                0x0000000000026f6c                z_impl_k_usleep
 .text.z_impl_z_current_get
                0x0000000000026fa0        0xc zephyr/kernel/libkernel.a(sched.c.obj)
                0x0000000000026fa0                z_impl_z_current_get
 .text.z_thread_abort
                0x0000000000026fac       0xc0 zephyr/kernel/libkernel.a(sched.c.obj)
                0x0000000000026fac                z_thread_abort
 .text.z_sched_wait
                0x000000000002706c       0x24 zephyr/kernel/libkernel.a(sched.c.obj)
                0x000000000002706c                z_sched_wait
 .text.z_data_copy
                0x0000000000027090       0x34 zephyr/kernel/libkernel.a(xip.c.obj)
                0x0000000000027090                z_data_copy
 .text.elapsed  0x00000000000270c4       0x14 zephyr/kernel/libkernel.a(timeout.c.obj)
 .text.next_timeout
                0x00000000000270d8       0x40 zephyr/kernel/libkernel.a(timeout.c.obj)
 .text.remove_timeout
                0x0000000000027118       0x38 zephyr/kernel/libkernel.a(timeout.c.obj)
 .text.z_add_timeout
                0x0000000000027150       0xec zephyr/kernel/libkernel.a(timeout.c.obj)
                0x0000000000027150                z_add_timeout
 .text.sys_clock_announce
                0x000000000002723c       0xd4 zephyr/kernel/libkernel.a(timeout.c.obj)
                0x000000000002723c                sys_clock_announce
 .text.sys_clock_tick_get
                0x0000000000027310       0x34 zephyr/kernel/libkernel.a(timeout.c.obj)
                0x0000000000027310                sys_clock_tick_get
 .text.z_timer_expiration_handler
                0x0000000000027344       0xe4 zephyr/kernel/libkernel.a(timer.c.obj)
                0x0000000000027344                z_timer_expiration_handler
 .text.z_impl_k_timer_start
                0x0000000000027428       0x60 zephyr/kernel/libkernel.a(timer.c.obj)
                0x0000000000027428                z_impl_k_timer_start
 .text.z_thread_aligned_alloc
                0x0000000000027488       0x40 zephyr/kernel/libkernel.a(mempool.c.obj)
                0x0000000000027488                z_thread_aligned_alloc
 .text.boot_banner
                0x00000000000274c8        0xc zephyr/kernel/libkernel.a(banner.c.obj)
                0x00000000000274c8                boot_banner
 .text.statics_init
                0x00000000000274d4       0x24 zephyr/kernel/libkernel.a(kheap.c.obj)
 .text.k_sys_work_q_init
                0x00000000000274f8       0x34 zephyr/kernel/libkernel.a(system_work_q.c.obj)
 .text.snprintf
                0x000000000002752c       0x58 c:\ncs\toolchains\c57af46cb7\opt\zephyr-sdk\arm-zephyr-eabi\bin\../lib/gcc/../../picolibc/arm-zephyr-eabi/lib/thumb/v8-m.main/nofp\libc.a(libc_tinystdio_snprintf.c.o)
                0x000000000002752c                snprintf
 .text.skip_to_arg
                0x0000000000027584      0x134 c:\ncs\toolchains\c57af46cb7\opt\zephyr-sdk\arm-zephyr-eabi\bin\../lib/gcc/../../picolibc/arm-zephyr-eabi/lib/thumb/v8-m.main/nofp\libc.a(libc_tinystdio_vfprintf.c.o)
 .text.vfprintf
                0x00000000000276b8      0xb9c c:\ncs\toolchains\c57af46cb7\opt\zephyr-sdk\arm-zephyr-eabi\bin\../lib/gcc/../../picolibc/arm-zephyr-eabi/lib/thumb/v8-m.main/nofp\libc.a(libc_tinystdio_vfprintf.c.o)
                0x00000000000276b8                __d_vfprintf
 .text.div10    0x0000000000028254       0x28 c:\ncs\toolchains\c57af46cb7\opt\zephyr-sdk\arm-zephyr-eabi\bin\../lib/gcc/../../picolibc/arm-zephyr-eabi/lib/thumb/v8-m.main/nofp\libc.a(libc_tinystdio_dtoa_ryu.c.o)
 .text.__dtoa_engine
                0x000000000002827c      0x4ac c:\ncs\toolchains\c57af46cb7\opt\zephyr-sdk\arm-zephyr-eabi\bin\../lib/gcc/../../picolibc/arm-zephyr-eabi/lib/thumb/v8-m.main/nofp\libc.a(libc_tinystdio_dtoa_ryu.c.o)
                0x000000000002827c                __dtoa_engine
 .text.__pow5Factor
                0x0000000000028728       0x30 c:\ncs\toolchains\c57af46cb7\opt\zephyr-sdk\arm-zephyr-eabi\bin\../lib/gcc/../../picolibc/arm-zephyr-eabi/lib/thumb/v8-m.main/nofp\libc.a(libc_tinystdio_ryu_table.c.o)
                0x0000000000028728                __pow5Factor
 .text.__double_computePow5
                0x0000000000028758       0xe4 c:\ncs\toolchains\c57af46cb7\opt\zephyr-sdk\arm-zephyr-eabi\bin\../lib/gcc/../../picolibc/arm-zephyr-eabi/lib/thumb/v8-m.main/nofp\libc.a(libc_tinystdio_ryu_table.c.o)
                0x0000000000028758                __double_computePow5
 .text.__double_computeInvPow5
                0x000000000002883c       0xf8 c:\ncs\toolchains\c57af46cb7\opt\zephyr-sdk\arm-zephyr-eabi\bin\../lib/gcc/../../picolibc/arm-zephyr-eabi/lib/thumb/v8-m.main/nofp\libc.a(libc_tinystdio_ryu_table.c.o)
                0x000000000002883c                __double_computeInvPow5
 .text.__log10Pow2
                0x0000000000028934        0xc c:\ncs\toolchains\c57af46cb7\opt\zephyr-sdk\arm-zephyr-eabi\bin\../lib/gcc/../../picolibc/arm-zephyr-eabi/lib/thumb/v8-m.main/nofp\libc.a(libc_tinystdio_ryu_log10.c.o)
                0x0000000000028934                __log10Pow2
 .text.__log10Pow5
                0x0000000000028940        0xc c:\ncs\toolchains\c57af46cb7\opt\zephyr-sdk\arm-zephyr-eabi\bin\../lib/gcc/../../picolibc/arm-zephyr-eabi/lib/thumb/v8-m.main/nofp\libc.a(libc_tinystdio_ryu_log10.c.o)
                0x0000000000028940                __log10Pow5
 .text.__pow5bits
                0x000000000002894c       0x10 c:\ncs\toolchains\c57af46cb7\opt\zephyr-sdk\arm-zephyr-eabi\bin\../lib/gcc/../../picolibc/arm-zephyr-eabi/lib/thumb/v8-m.main/nofp\libc.a(libc_tinystdio_ryu_pow5bits.c.o)
                0x000000000002894c                __pow5bits
 .text.cbpprintf_external
                0x000000000002895c       0x62 zephyr/libzephyr.a(cbprintf_packaged.c.obj)
                0x000000000002895c                cbpprintf_external
 .text.is_ptr   0x00000000000289be       0x4a zephyr/libzephyr.a(cbprintf_packaged.c.obj)
                0x00000000000289be                is_ptr
 .text.arch_printk_char_out
                0x0000000000028a08        0x4 zephyr/libzephyr.a(printk.c.obj)
                0x0000000000028a08                arch_printk_char_out
 .text.printk   0x0000000000028a0c       0x1a zephyr/libzephyr.a(printk.c.obj)
                0x0000000000028a0c                printk
 .text.chunk_field
                0x0000000000028a26       0x16 zephyr/libzephyr.a(heap.c.obj)
 .text.chunk_set
                0x0000000000028a3c       0x16 zephyr/libzephyr.a(heap.c.obj)
 .text.chunk_size
                0x0000000000028a52        0xc zephyr/libzephyr.a(heap.c.obj)
 .text.set_chunk_used
                0x0000000000028a5e       0x30 zephyr/libzephyr.a(heap.c.obj)
 .text.set_chunk_size
                0x0000000000028a8e        0x8 zephyr/libzephyr.a(heap.c.obj)
 .text.mem_to_chunkid
                0x0000000000028a96       0x14 zephyr/libzephyr.a(heap.c.obj)
 .text.bucket_idx.isra.0
                0x0000000000028aaa       0x1c zephyr/libzephyr.a(heap.c.obj)
 .text.free_list_remove_bidx
                0x0000000000028ac6       0x5c zephyr/libzephyr.a(heap.c.obj)
 .text.free_list_remove
                0x0000000000028b22       0x2e zephyr/libzephyr.a(heap.c.obj)
 .text.alloc_chunk
                0x0000000000028b50       0x74 zephyr/libzephyr.a(heap.c.obj)
 .text.split_chunks
                0x0000000000028bc4       0x4e zephyr/libzephyr.a(heap.c.obj)
 .text.merge_chunks
                0x0000000000028c12       0x3c zephyr/libzephyr.a(heap.c.obj)
 .text.free_list_add
                0x0000000000028c4e       0x84 zephyr/libzephyr.a(heap.c.obj)
 .text.free_chunk
                0x0000000000028cd2       0x84 zephyr/libzephyr.a(heap.c.obj)
 .text.sys_heap_free
                0x0000000000028d56       0x24 zephyr/libzephyr.a(heap.c.obj)
                0x0000000000028d56                sys_heap_free
 .text.sys_heap_alloc
                0x0000000000028d7a       0x6e zephyr/libzephyr.a(heap.c.obj)
                0x0000000000028d7a                sys_heap_alloc
 .text.sys_heap_aligned_alloc
                0x0000000000028de8       0xe8 zephyr/libzephyr.a(heap.c.obj)
                0x0000000000028de8                sys_heap_aligned_alloc
 .text.sys_heap_init
                0x0000000000028ed0       0xb0 zephyr/libzephyr.a(heap.c.obj)
                0x0000000000028ed0                sys_heap_init
 .text.sys_slist_find_and_remove
                0x0000000000028f80       0x36 zephyr/libzephyr.a(onoff.c.obj)
 .text.process_recheck
                0x0000000000028fb6       0x38 zephyr/libzephyr.a(onoff.c.obj)
 .text.validate_args
                0x0000000000028fee       0x20 zephyr/libzephyr.a(onoff.c.obj)
 .text.notify_one
                0x000000000002900e       0x2c zephyr/libzephyr.a(onoff.c.obj)
 .text.transition_complete
                0x000000000002903a       0x1c zephyr/libzephyr.a(onoff.c.obj)
 .text.onoff_manager_init
                0x0000000000029056       0x26 zephyr/libzephyr.a(onoff.c.obj)
                0x0000000000029056                onoff_manager_init
 .text.onoff_request
                0x000000000002907c       0xb0 zephyr/libzephyr.a(onoff.c.obj)
                0x000000000002907c                onoff_request
 .text.onoff_release
                0x000000000002912c       0x4a zephyr/libzephyr.a(onoff.c.obj)
                0x000000000002912c                onoff_release
 .text.onoff_cancel
                0x0000000000029176       0x38 zephyr/libzephyr.a(onoff.c.obj)
                0x0000000000029176                onoff_cancel
 .text.sys_notify_validate
                0x00000000000291ae       0x22 zephyr/libzephyr.a(notify.c.obj)
                0x00000000000291ae                sys_notify_validate
 .text.sys_notify_finalize
                0x00000000000291d0       0x1a zephyr/libzephyr.a(notify.c.obj)
                0x00000000000291d0                sys_notify_finalize
 .text.ring_buf_put_claim
                0x00000000000291ea       0x3a zephyr/libzephyr.a(ring_buffer.c.obj)
                0x00000000000291ea                ring_buf_put_claim
 .text.ring_buf_put_finish
                0x0000000000029224       0x2a zephyr/libzephyr.a(ring_buffer.c.obj)
                0x0000000000029224                ring_buf_put_finish
 .text.ring_buf_put
                0x000000000002924e       0x3e zephyr/libzephyr.a(ring_buffer.c.obj)
                0x000000000002924e                ring_buf_put
 .text.ring_buf_get_claim
                0x000000000002928c       0x38 zephyr/libzephyr.a(ring_buffer.c.obj)
                0x000000000002928c                ring_buf_get_claim
 .text.ring_buf_get_finish
                0x00000000000292c4       0x2a zephyr/libzephyr.a(ring_buffer.c.obj)
                0x00000000000292c4                ring_buf_get_finish
 .text.ring_buf_get
                0x00000000000292ee       0x40 zephyr/libzephyr.a(ring_buffer.c.obj)
                0x00000000000292ee                ring_buf_get
 .text.free_space
                0x000000000002932e       0x26 zephyr/libzephyr.a(mpsc_pbuf.c.obj)
 .text.get_usage
                0x0000000000029354       0x22 zephyr/libzephyr.a(mpsc_pbuf.c.obj)
 .text.idx_inc  0x0000000000029376       0x1c zephyr/libzephyr.a(mpsc_pbuf.c.obj)
 .text.rd_idx_inc
                0x0000000000029392       0x18 zephyr/libzephyr.a(mpsc_pbuf.c.obj)
 .text.add_skip_item
                0x00000000000293aa       0x3e zephyr/libzephyr.a(mpsc_pbuf.c.obj)
 .text.drop_item_locked
                0x00000000000293e8       0xee zephyr/libzephyr.a(mpsc_pbuf.c.obj)
 .text.post_drop_action
                0x00000000000294d6       0x36 zephyr/libzephyr.a(mpsc_pbuf.c.obj)
 .text.max_utilization_update
                0x000000000002950c       0x1a zephyr/libzephyr.a(mpsc_pbuf.c.obj)
 .text.mpsc_pbuf_init
                0x0000000000029526       0x42 zephyr/libzephyr.a(mpsc_pbuf.c.obj)
                0x0000000000029526                mpsc_pbuf_init
 .text.mpsc_pbuf_alloc
                0x0000000000029568       0xfc zephyr/libzephyr.a(mpsc_pbuf.c.obj)
                0x0000000000029568                mpsc_pbuf_alloc
 .text.mpsc_pbuf_commit
                0x0000000000029664       0x40 zephyr/libzephyr.a(mpsc_pbuf.c.obj)
                0x0000000000029664                mpsc_pbuf_commit
 .text.mpsc_pbuf_claim
                0x00000000000296a4       0xa4 zephyr/libzephyr.a(mpsc_pbuf.c.obj)
                0x00000000000296a4                mpsc_pbuf_claim
 .text.mpsc_pbuf_free
                0x0000000000029748       0x78 zephyr/libzephyr.a(mpsc_pbuf.c.obj)
                0x0000000000029748                mpsc_pbuf_free
 .text.mpsc_pbuf_is_pending
                0x00000000000297c0       0x1a zephyr/libzephyr.a(mpsc_pbuf.c.obj)
                0x00000000000297c0                mpsc_pbuf_is_pending
 .text._ConfigAbsSyms
                0x00000000000297da        0x2 zephyr/libzephyr.a(configs.c.obj)
                0x00000000000297da                _ConfigAbsSyms
 .text.nordicsemi_nrf53_init
                0x00000000000297dc       0x3e zephyr/libzephyr.a(soc.c.obj)
 .text.soc_secure_gpio_pin_mcu_select
                0x000000000002981a        0xe zephyr/libzephyr.a(soc_secure.c.obj)
                0x000000000002981a                soc_secure_gpio_pin_mcu_select
 .text.soc_secure_mem_read
                0x0000000000029828       0x34 zephyr/libzephyr.a(soc_secure.c.obj)
                0x0000000000029828                soc_secure_mem_read
 .text.log_msg_generic_get_wlen
                0x000000000002985c       0x20 zephyr/libzephyr.a(log_core.c.obj)
 .text.dummy_timestamp
                0x000000000002987c        0x4 zephyr/libzephyr.a(log_core.c.obj)
 .text.default_get_timestamp
                0x0000000000029880        0x4 zephyr/libzephyr.a(log_core.c.obj)
 .text.atomic_inc
                0x0000000000029884       0x12 zephyr/libzephyr.a(log_core.c.obj)
 .text.z_log_vprintk
                0x0000000000029896       0x1c zephyr/libzephyr.a(log_core.c.obj)
                0x0000000000029896                z_log_vprintk
 .text.z_log_notify_drop
                0x00000000000298b2        0x6 zephyr/libzephyr.a(log_core.c.obj)
 .text.z_log_get_tag
                0x00000000000298b8        0x4 zephyr/libzephyr.a(log_core.c.obj)
                0x00000000000298b8                z_log_get_tag
 .text.z_cbprintf_cpy
                0x00000000000298bc       0x2c zephyr/libzephyr.a(log_msg.c.obj)
 .text.z_log_msg_finalize
                0x00000000000298e8       0x32 zephyr/libzephyr.a(log_msg.c.obj)
                0x00000000000298e8                z_log_msg_finalize
 .text.buffer_write
                0x000000000002991a       0x1a zephyr/libzephyr.a(log_output.c.obj)
 .text.log_output_flush
                0x0000000000029934       0x1a zephyr/libzephyr.a(log_output.c.obj)
                0x0000000000029934                log_output_flush
 .text.out_func
                0x000000000002994e       0x2e zephyr/libzephyr.a(log_output.c.obj)
 .text.cr_out_func
                0x000000000002997c       0x1c zephyr/libzephyr.a(log_output.c.obj)
 .text.log_backend_uart_init
                0x0000000000029998        0x2 zephyr/libzephyr.a(log_backend_uart.c.obj)
 .text.get_ep_bm_from_addr
                0x000000000002999a       0x1e zephyr/libzephyr.a(usb_device.c.obj)
 .text.usb_write
                0x00000000000299b8       0x30 zephyr/libzephyr.a(usb_device.c.obj)
                0x00000000000299b8                usb_write
 .text.usb_get_dev_data_by_cfg
                0x00000000000299e8       0x16 zephyr/libzephyr.a(usb_descriptor.c.obj)
                0x00000000000299e8                usb_get_dev_data_by_cfg
 .text.usb_get_dev_data_by_iface
                0x00000000000299fe       0x1a zephyr/libzephyr.a(usb_descriptor.c.obj)
                0x00000000000299fe                usb_get_dev_data_by_iface
 .text.usb_get_dev_data_by_ep
                0x0000000000029a18       0x2c zephyr/libzephyr.a(usb_descriptor.c.obj)
                0x0000000000029a18                usb_get_dev_data_by_ep
 .text.usb_transfer_is_busy
                0x0000000000029a44       0x16 zephyr/libzephyr.a(usb_transfer.c.obj)
                0x0000000000029a44                usb_transfer_is_busy
 .text.cdc_interface_config
                0x0000000000029a5a       0x14 zephyr/libzephyr.a(cdc_acm.c.obj)
 .text.cdc_acm_irq_callback_work_handler
                0x0000000000029a6e        0xa zephyr/libzephyr.a(cdc_acm.c.obj)
 .text.cdc_acm_irq_tx_disable
                0x0000000000029a78        0xa zephyr/libzephyr.a(cdc_acm.c.obj)
 .text.cdc_acm_irq_tx_ready
                0x0000000000029a82        0xe zephyr/libzephyr.a(cdc_acm.c.obj)
 .text.cdc_acm_irq_rx_disable
                0x0000000000029a90        0xa zephyr/libzephyr.a(cdc_acm.c.obj)
 .text.cdc_acm_irq_rx_ready
                0x0000000000029a9a        0x8 zephyr/libzephyr.a(cdc_acm.c.obj)
 .text.cdc_acm_irq_is_pending
                0x0000000000029aa2       0x1e zephyr/libzephyr.a(cdc_acm.c.obj)
 .text.cdc_acm_irq_update
                0x0000000000029ac0        0x4 zephyr/libzephyr.a(cdc_acm.c.obj)
 .text.cdc_acm_irq_callback_set
                0x0000000000029ac4        0x8 zephyr/libzephyr.a(cdc_acm.c.obj)
 .text.cdc_acm_configure
                0x0000000000029acc        0x4 zephyr/libzephyr.a(cdc_acm.c.obj)
 .text.cdc_acm_config_get
                0x0000000000029ad0       0x58 zephyr/libzephyr.a(cdc_acm.c.obj)
 .text.cdc_acm_fifo_read
                0x0000000000029b28       0x54 zephyr/libzephyr.a(cdc_acm.c.obj)
 .text.cdc_acm_poll_in
                0x0000000000029b7c       0x12 zephyr/libzephyr.a(cdc_acm.c.obj)
 .text.z_do_kernel_oops
                0x0000000000029b8e        0x8 zephyr/arch/arch/arm/core/aarch32/libarch__arm__core__aarch32.a(fatal.c.obj)
                0x0000000000029b8e                z_do_kernel_oops
 .text.z_irq_spurious
                0x0000000000029b96        0x8 zephyr/arch/arch/arm/core/aarch32/libarch__arm__core__aarch32.a(irq_manage.c.obj)
                0x0000000000029b96                z_irq_spurious
 .text.z_arm_nmi
                0x0000000000029b9e        0xe zephyr/arch/arch/arm/core/aarch32/libarch__arm__core__aarch32.a(nmi.c.obj)
                0x0000000000029b9e                z_arm_nmi
 .text.configure_builtin_stack_guard
                0x0000000000029bac        0x8 zephyr/arch/arch/arm/core/aarch32/libarch__arm__core__aarch32.a(thread.c.obj)
                0x0000000000029bac                configure_builtin_stack_guard
 .text.z_log_msg_static_create.constprop.0
                0x0000000000029bb4        0x6 zephyr/arch/arch/arm/core/aarch32/cortex_m/libarch__arm__core__aarch32__cortex_m.a(fault.c.obj)
 .text.z_arm_save_fp_context
                0x0000000000029bba        0x2 zephyr/arch/arch/arm/core/aarch32/cortex_m/libarch__arm__core__aarch32__cortex_m.a(fpu.c.obj)
                0x0000000000029bba                z_arm_save_fp_context
 .text.z_arm_restore_fp_context
                0x0000000000029bbc        0x2 zephyr/arch/arch/arm/core/aarch32/cortex_m/libarch__arm__core__aarch32__cortex_m.a(fpu.c.obj)
                0x0000000000029bbc                z_arm_restore_fp_context
 .text.arm_cmse_mpu_region_get
                0x0000000000029bbe       0x12 zephyr/arch/arch/arm/core/aarch32/cortex_m/cmse/libarch__arm__core__aarch32__cortex_m__cmse.a(arm_core_cmse.c.obj)
                0x0000000000029bbe                arm_cmse_mpu_region_get
 .text.mpu_configure_region
                0x0000000000029bd0       0x40 zephyr/arch/arch/arm/core/aarch32/mpu/libarch__arm__core__aarch32__mpu.a(arm_mpu.c.obj)
 .text.cbputc   0x0000000000029c10        0xc zephyr/lib/libc/picolibc/liblib__libc__picolibc.a(libc-hooks.c.obj)
 .text.picolibc_put
                0x0000000000029c1c        0xa zephyr/lib/libc/picolibc/liblib__libc__picolibc.a(libc-hooks.c.obj)
 .text.ep_ctx_reset
                0x0000000000029c26       0x26 zephyr/drivers/usb/device/libdrivers__usb__device.a(usb_dc_nrfx.c.obj)
 .text.z_log_msg_static_create.constprop.0
                0x0000000000029c4c        0x6 zephyr/drivers/usb/device/libdrivers__usb__device.a(usb_dc_nrfx.c.obj)
 .text.k_mutex_lock.constprop.0.isra.0
                0x0000000000029c52        0x4 zephyr/drivers/usb/device/libdrivers__usb__device.a(usb_dc_nrfx.c.obj)
 .text.k_mutex_unlock.isra.0
                0x0000000000029c56        0x4 zephyr/drivers/usb/device/libdrivers__usb__device.a(usb_dc_nrfx.c.obj)
 .text.attached_evt_delay_handler
                0x0000000000029c5a        0x6 zephyr/drivers/usb/device/libdrivers__usb__device.a(usb_dc_nrfx.c.obj)
 .text.usb_dc_ep_disable
                0x0000000000029c60       0x32 zephyr/drivers/usb/device/libdrivers__usb__device.a(usb_dc_nrfx.c.obj)
                0x0000000000029c60                usb_dc_ep_disable
 .text.usb_dc_ep_read
                0x0000000000029c92       0x1e zephyr/drivers/usb/device/libdrivers__usb__device.a(usb_dc_nrfx.c.obj)
                0x0000000000029c92                usb_dc_ep_read
 .text.get_status
                0x0000000000029cb0       0x12 zephyr/drivers/clock_control/libdrivers__clock_control.a(clock_control_nrf.c.obj)
 .text.set_on_state
                0x0000000000029cc2       0x26 zephyr/drivers/clock_control/libdrivers__clock_control.a(clock_control_nrf.c.obj)
 .text.stop     0x0000000000029ce8       0x52 zephyr/drivers/clock_control/libdrivers__clock_control.a(clock_control_nrf.c.obj)
 .text.api_stop
                0x0000000000029d3a        0x6 zephyr/drivers/clock_control/libdrivers__clock_control.a(clock_control_nrf.c.obj)
 .text.async_start
                0x0000000000029d40       0x5c zephyr/drivers/clock_control/libdrivers__clock_control.a(clock_control_nrf.c.obj)
 .text.api_start
                0x0000000000029d9c        0xe zephyr/drivers/clock_control/libdrivers__clock_control.a(clock_control_nrf.c.obj)
 .text.onoff_started_callback
                0x0000000000029daa       0x12 zephyr/drivers/clock_control/libdrivers__clock_control.a(clock_control_nrf.c.obj)
 .text.hfclkaudio_start
                0x0000000000029dbc        0x6 zephyr/drivers/clock_control/libdrivers__clock_control.a(clock_control_nrf.c.obj)
 .text.hfclk192m_start
                0x0000000000029dc2        0x6 zephyr/drivers/clock_control/libdrivers__clock_control.a(clock_control_nrf.c.obj)
 .text.lfclk_start
                0x0000000000029dc8        0x6 zephyr/drivers/clock_control/libdrivers__clock_control.a(clock_control_nrf.c.obj)
 .text.hfclkaudio_stop
                0x0000000000029dce        0x6 zephyr/drivers/clock_control/libdrivers__clock_control.a(clock_control_nrf.c.obj)
 .text.hfclk192m_stop
                0x0000000000029dd4        0x6 zephyr/drivers/clock_control/libdrivers__clock_control.a(clock_control_nrf.c.obj)
 .text.lfclk_stop
                0x0000000000029dda        0x6 zephyr/drivers/clock_control/libdrivers__clock_control.a(clock_control_nrf.c.obj)
 .text.blocking_start_callback
                0x0000000000029de0        0x6 zephyr/drivers/clock_control/libdrivers__clock_control.a(clock_control_nrf.c.obj)
 .text.entropy_psa_crypto_rng_get_entropy
                0x0000000000029de6       0x14 zephyr/drivers/entropy/libdrivers__entropy.a(entropy_psa_crypto.c.obj)
 .text.entropy_psa_crypto_rng_init