Archive member included to satisfy reference by file (symbol)

app/libapp.a(main.c.obj)      (--whole-archive)
app/libapp.a(flash_map_extended.c.obj)
                              (--whole-archive)
app/libapp.a(os.c.obj)        (--whole-archive)
app/libapp.a(keys.c.obj)      (--whole-archive)
app/libapp.a(boot_serial_extensions.c.obj)
                              (--whole-archive)
app/libapp.a(image_validate.c.obj)
                              (--whole-archive)
app/libapp.a(tlv.c.obj)       (--whole-archive)
app/libapp.a(encrypted.c.obj)
                              (--whole-archive)
app/libapp.a(image_rsa.c.obj)
                              (--whole-archive)
app/libapp.a(image_ecdsa.c.obj)
                              (--whole-archive)
app/libapp.a(image_ed25519.c.obj)
                              (--whole-archive)
app/libapp.a(bootutil_misc.c.obj)
                              (--whole-archive)
app/libapp.a(fault_injection_hardening.c.obj)
                              (--whole-archive)
app/libapp.a(loader.c.obj)    (--whole-archive)
app/libapp.a(swap_misc.c.obj)
                              (--whole-archive)
app/libapp.a(swap_scratch.c.obj)
                              (--whole-archive)
app/libapp.a(swap_move.c.obj)
                              (--whole-archive)
app/libapp.a(caps.c.obj)      (--whole-archive)
app/libapp.a(autogen-pubkey.c.obj)
                              (--whole-archive)
app/libapp.a(arm_cleanup.c.obj)
                              (--whole-archive)
app/libapp.a(nrf_cleanup.c.obj)
                              (--whole-archive)
zephyr/libzephyr.a(crc32c_sw.c.obj)
                              (--whole-archive)
zephyr/libzephyr.a(crc32_sw.c.obj)
                              (--whole-archive)
zephyr/libzephyr.a(crc16_sw.c.obj)
                              (--whole-archive)
zephyr/libzephyr.a(crc8_sw.c.obj)
                              (--whole-archive)
zephyr/libzephyr.a(crc7_sw.c.obj)
                              (--whole-archive)
zephyr/libzephyr.a(base64.c.obj)
                              (--whole-archive)
zephyr/libzephyr.a(cbprintf_packaged.c.obj)
                              (--whole-archive)
zephyr/libzephyr.a(dec.c.obj)
                              (--whole-archive)
zephyr/libzephyr.a(fdtable.c.obj)
                              (--whole-archive)
zephyr/libzephyr.a(hex.c.obj)
                              (--whole-archive)
zephyr/libzephyr.a(printk.c.obj)
                              (--whole-archive)
zephyr/libzephyr.a(rb.c.obj)  (--whole-archive)
zephyr/libzephyr.a(sem.c.obj)
                              (--whole-archive)
zephyr/libzephyr.a(thread_entry.c.obj)
                              (--whole-archive)
zephyr/libzephyr.a(timeutil.c.obj)
                              (--whole-archive)
zephyr/libzephyr.a(heap.c.obj)
                              (--whole-archive)
zephyr/libzephyr.a(heap-validate.c.obj)
                              (--whole-archive)
zephyr/libzephyr.a(bitarray.c.obj)
                              (--whole-archive)
zephyr/libzephyr.a(multi_heap.c.obj)
                              (--whole-archive)
zephyr/libzephyr.a(onoff.c.obj)
                              (--whole-archive)
zephyr/libzephyr.a(notify.c.obj)
                              (--whole-archive)
zephyr/libzephyr.a(cbprintf_nano.c.obj)
                              (--whole-archive)
zephyr/libzephyr.a(cbprintf.c.obj)
                              (--whole-archive)
zephyr/libzephyr.a(ring_buffer.c.obj)
                              (--whole-archive)
zephyr/libzephyr.a(assert.c.obj)
                              (--whole-archive)
zephyr/libzephyr.a(reboot.c.obj)
                              (--whole-archive)
zephyr/libzephyr.a(configs.c.obj)
                              (--whole-archive)
zephyr/libzephyr.a(soc.c.obj)
                              (--whole-archive)
zephyr/libzephyr.a(soc_nrf_common.S.obj)
                              (--whole-archive)
zephyr/libzephyr.a(validate_base_addresses.c.obj)
                              (--whole-archive)
zephyr/libzephyr.a(validate_enabled_instances.c.obj)
                              (--whole-archive)
zephyr/libzephyr.a(flash_map.c.obj)
                              (--whole-archive)
zephyr/libzephyr.a(flash_map_layout.c.obj)
                              (--whole-archive)
zephyr/libzephyr.a(tracing_none.c.obj)
                              (--whole-archive)
zephyr/libzephyr.a(usb_device.c.obj)
                              (--whole-archive)
zephyr/libzephyr.a(usb_descriptor.c.obj)
                              (--whole-archive)
zephyr/libzephyr.a(usb_transfer.c.obj)
                              (--whole-archive)
zephyr/libzephyr.a(cdc_acm.c.obj)
                              (--whole-archive)
zephyr/libzephyr.a(usb_work_q.c.obj)
                              (--whole-archive)
zephyr/libzephyr.a(flash_map_partition_manager.c.obj)
                              (--whole-archive)
[...]
Memory Configuration

Name             Origin             Length             Attributes
FLASH            0x0000000000000000 0x0000000000010000 xr
RAM              0x0000000020002000 0x000000000007e000 xw
IDT_LIST         0x00000000fffff7ff 0x0000000000000800 xw
*default*        0x0000000000000000 0xffffffffffffffff

Linker script and memory map

LOAD zephyr/CMakeFiles/zephyr_final.dir/misc/empty_file.c.obj
LOAD zephyr/CMakeFiles/zephyr_final.dir/isr_tables.c.obj
LOAD app/libapp.a
LOAD zephyr/libzephyr.a
LOAD zephyr/arch/common/libarch__common.a
LOAD zephyr/arch/arch/arm/core/aarch32/libarch__arm__core__aarch32.a
LOAD zephyr/arch/arch/arm/core/aarch32/cortex_m/libarch__arm__core__aarch32__cortex_m.a
LOAD zephyr/arch/arch/arm/core/aarch32/cortex_m/cmse/libarch__arm__core__aarch32__cortex_m__cmse.a
LOAD zephyr/lib/libc/minimal/liblib__libc__minimal.a
LOAD zephyr/lib/libc/common/liblib__libc__common.a
LOAD zephyr/boards/boards/arm/thingy53_nrf5340_cpuapp/libboards__arm__thingy53_nrf5340.a
LOAD zephyr/drivers/usb/device/libdrivers__usb__device.a
LOAD zephyr/drivers/clock_control/libdrivers__clock_control.a
LOAD zephyr/drivers/flash/libdrivers__flash.a
LOAD zephyr/drivers/gpio/libdrivers__gpio.a
LOAD zephyr/drivers/hwinfo/libdrivers__hwinfo.a
LOAD zephyr/drivers/pinctrl/libdrivers__pinctrl.a
LOAD zephyr/drivers/regulator/libdrivers__regulator.a
LOAD zephyr/drivers/serial/libdrivers__serial.a
LOAD zephyr/drivers/timer/libdrivers__timer.a
LOAD modules/nrf/lib/fprotect/lib..__nrf__lib__fprotect.a
LOAD modules/nrf/subsys/pcd/lib..__nrf__subsys__pcd.a
LOAD modules/nrf/modules/mcuboot/hooks/lib..__nrf__modules__mcuboot__hooks.a
LOAD modules/nrf/drivers/hw_cc3xx/lib..__nrf__drivers__hw_cc3xx.a
LOAD modules/mcuboot/boot/bootutil/zephyr/libmcuboot_util.a
LOAD modules/mbedtls/libmbedTLSBase.a
LOAD modules/mbedtls/libmbedTLSCrypto.a
LOAD modules/mbedtls/libmbedTLSX509.a
LOAD modules/mbedtls/libmodules__mbedtls.a
LOAD modules/hal_nordic/nrfx/libmodules__hal_nordic__nrfx.a
LOAD modules/zcbor/libmodules__zcbor.a
LOAD zephyr/kernel/libkernel.a
LOAD zephyr/CMakeFiles/offsets.dir/./arch/arm/core/offsets/offsets.c.obj
LOAD c:/ncs/toolchains/c57af46cb7/opt/zephyr-sdk/arm-zephyr-eabi/bin/../lib/gcc/arm-zephyr-eabi/12.2.0/thumb/v8-m.main/nofp\libgcc.a
LOAD zephyr/arch/common/libisr_tables.a
LOAD modules/mbedtls/libmbedTLSBase.a
LOAD modules/mbedtls/libmbedTLSCrypto.a
LOAD modules/mbedtls/libmbedTLSX509.a
LOAD C:/ncs/v2.5.99-dev1/nrfxlib/crypto/nrf_cc312_platform/lib/cortex-m33/soft-float/no-interrupts/libnrf_cc312_platform_0.9.18.a
                0x0000000000000004                _region_min_align = 0x4

.rel.plt        0x0000000000000000        0x0
 *(SORT_BY_ALIGNMENT(.rel.plt))
                [!provide]                        PROVIDE (__rel_iplt_start = .)
 *(SORT_BY_ALIGNMENT(.rel.iplt))
 .rel.iplt      0x0000000000000000        0x0 zephyr/CMakeFiles/zephyr_final.dir/isr_tables.c.obj
                [!provide]                        PROVIDE (__rel_iplt_end = .)

.rela.plt       0x0000000000000000        0x0
 *(SORT_BY_ALIGNMENT(.rela.plt))
                [!provide]                        PROVIDE (__rela_iplt_start = .)
 *(SORT_BY_ALIGNMENT(.rela.iplt))
                [!provide]                        PROVIDE (__rela_iplt_end = .)

.rel.dyn
 *(SORT_BY_ALIGNMENT(.rel.*))

.rela.dyn
 *(SORT_BY_ALIGNMENT(.rela.*))

/DISCARD/
 *(SORT_BY_ALIGNMENT(.plt))

/DISCARD/
 *(SORT_BY_ALIGNMENT(.iplt))
                0x0000000000000000                __rom_region_start = 0x0

rom_start       0x0000000000000000      0x154
                0x0000000000000000                __rom_start_address = .
                0x0000000000000000                . = (. + (0x0 - (. - __rom_start_address)))
                0x0000000000000000                . = ALIGN (0x4)
                0x0000000000000000                . = ALIGN (0x80)
                0x0000000000000000                . = ALIGN (0x200)
                0x0000000000000000                _vector_start = .
 *(SORT_BY_ALIGNMENT(.exc_vector_table))
 *(SORT_BY_ALIGNMENT(.exc_vector_table.*))
 .exc_vector_table._vector_table_section
                0x0000000000000000       0x40 zephyr/arch/arch/arm/core/aarch32/cortex_m/libarch__arm__core__aarch32__cortex_m.a(vector_table.S.obj)
                0x0000000000000000                _vector_table
 *(SORT_BY_ALIGNMENT(.vectors))
                0x0000000000000154                _vector_end = .
                0x0000000000000040                . = ALIGN (0x4)
 *(SORT_BY_ALIGNMENT(.gnu.linkonce.irq_vector_table*))
 .gnu.linkonce.irq_vector_table
                0x0000000000000040      0x114 zephyr/CMakeFiles/zephyr_final.dir/isr_tables.c.obj
                0x0000000000000040                _irq_vector_table
                0x0000000000000154                _vector_end = .

text            0x0000000000000154     0xe550
                0x0000000000000154                __text_region_start = .
 *(SORT_BY_ALIGNMENT(.text))
 .text          0x0000000000000154       0x30 c:/ncs/toolchains/c57af46cb7/opt/zephyr-sdk/arm-zephyr-eabi/bin/../lib/gcc/arm-zephyr-eabi/12.2.0/thumb/v8-m.main/nofp\libgcc.a(_aeabi_uldivmod.o)
                0x0000000000000154                __aeabi_uldivmod
 .text          0x0000000000000184        0x4 c:/ncs/toolchains/c57af46cb7/opt/zephyr-sdk/arm-zephyr-eabi/bin/../lib/gcc/arm-zephyr-eabi/12.2.0/thumb/v8-m.main/nofp\libgcc.a(_dvmd_tls.o)
                0x0000000000000184                __aeabi_idiv0
                0x0000000000000184                __aeabi_ldiv0
 .text          0x0000000000000188      0x29c c:/ncs/toolchains/c57af46cb7/opt/zephyr-sdk/arm-zephyr-eabi/bin/../lib/gcc/arm-zephyr-eabi/12.2.0/thumb/v8-m.main/nofp\libgcc.a(_udivmoddi4.o)
                0x0000000000000188                __udivmoddi4
 *(SORT_BY_ALIGNMENT(.text.*))
 .text.main     0x0000000000000424      0x138 app/libapp.a(main.c.obj)
                0x0000000000000424                main
 .text.flash_area_id_from_multi_image_slot
                0x000000000000055c       0x24 app/libapp.a(flash_map_extended.c.obj)
                0x000000000000055c                flash_area_id_from_multi_image_slot
 .text.flash_area_id_from_direct_image
                0x0000000000000580       0x14 app/libapp.a(flash_map_extended.c.obj)
                0x0000000000000580                flash_area_id_from_direct_image
 .text.os_heap_init
                0x0000000000000594       0x10 app/libapp.a(os.c.obj)
                0x0000000000000594                os_heap_init
 .text.bs_peruser_system_specific
                0x00000000000005a4       0x8c app/libapp.a(boot_serial_extensions.c.obj)
                0x00000000000005a4                bs_peruser_system_specific
 .text.bootutil_img_validate
                0x0000000000000630      0x1f8 app/libapp.a(image_validate.c.obj)
                0x0000000000000630                bootutil_img_validate
 .text.bootutil_verify_sig
                0x0000000000000828      0x208 app/libapp.a(image_rsa.c.obj)
                0x0000000000000828                bootutil_verify_sig
 .text.boot_fih_memequal
                0x0000000000000a30       0x30 app/libapp.a(bootutil_misc.c.obj)
                0x0000000000000a30                boot_fih_memequal
 .text.fih_cfi_get_and_increment
                0x0000000000000a60       0x10 app/libapp.a(fault_injection_hardening.c.obj)
                0x0000000000000a60                fih_cfi_get_and_increment
 .text.fih_cfi_decrement
                0x0000000000000a70       0x10 app/libapp.a(fault_injection_hardening.c.obj)
                0x0000000000000a70                fih_cfi_decrement
 .text.fih_cfi_validate
                0x0000000000000a80       0x14 app/libapp.a(fault_injection_hardening.c.obj)
                0x0000000000000a80                fih_cfi_validate
 .text.boot_initialize_area
                0x0000000000000a94       0x60 app/libapp.a(loader.c.obj)
 .text.boot_read_sectors
                0x0000000000000af4       0x4c app/libapp.a(loader.c.obj)
 .text.boot_validate_slot.isra.0
                0x0000000000000b40      0x1b0 app/libapp.a(loader.c.obj)
 .text.boot_copy_region
                0x0000000000000cf0       0xac app/libapp.a(loader.c.obj)
                0x0000000000000cf0                boot_copy_region
 .text.context_boot_go
                0x0000000000000d9c      0x670 app/libapp.a(loader.c.obj)
                0x0000000000000d9c                context_boot_go
 .text.boot_go  0x000000000000140c       0x34 app/libapp.a(loader.c.obj)
                0x000000000000140c                boot_go
 .text.cleanup_arm_nvic
                0x0000000000001440       0x38 app/libapp.a(arm_cleanup.c.obj)
                0x0000000000001440                cleanup_arm_nvic
 .text.z_arm_clear_arm_mpu_config
                0x0000000000001478       0x24 app/libapp.a(arm_cleanup.c.obj)
                0x0000000000001478                z_arm_clear_arm_mpu_config
 .text.nrf_cleanup_peripheral
                0x000000000000149c       0x90 app/libapp.a(nrf_cleanup.c.obj)
                0x000000000000149c                nrf_cleanup_peripheral
 .text.nrf_cleanup_ns_ram
                0x000000000000152c       0x10 app/libapp.a(nrf_cleanup.c.obj)
                0x000000000000152c                nrf_cleanup_ns_ram
 .text.base64_encode
                0x000000000000153c       0xfc zephyr/libzephyr.a(base64.c.obj)
                0x000000000000153c                base64_encode
 .text.base64_decode
                0x0000000000001638      0x140 zephyr/libzephyr.a(base64.c.obj)
                0x0000000000001638                base64_decode
 .text.process_event
                0x0000000000001778      0x21c zephyr/libzephyr.a(onoff.c.obj)
 .text.z_cbvprintf_impl
                0x0000000000001994      0x444 zephyr/libzephyr.a(cbprintf_nano.c.obj)
                0x0000000000001994                z_cbvprintf_impl
 .text.rtc_pretick_init
                0x0000000000001dd8       0x60 zephyr/libzephyr.a(soc.c.obj)
 .text.nrf_gpio_pin_control_select.constprop.0
                0x0000000000001e38       0x1c zephyr/libzephyr.a(soc.c.obj)
 .text.nordicsemi_nrf53_init
                0x0000000000001e54       0x38 zephyr/libzephyr.a(soc.c.obj)
 .text.z_arm_on_enter_cpu_idle
                0x0000000000001e8c       0x64 zephyr/libzephyr.a(soc.c.obj)
                0x0000000000001e8c                z_arm_on_enter_cpu_idle
 .text.arch_busy_wait
                0x0000000000001ef0       0x24 zephyr/libzephyr.a(soc.c.obj)
                0x0000000000001ef0                arch_busy_wait
 .text.z_arm_platform_init
                0x0000000000001f14        0x4 zephyr/libzephyr.a(soc_nrf_common.S.obj)
                0x0000000000001f14                z_arm_platform_init
 .text.flash_area_open
                0x0000000000001f18       0x50 zephyr/libzephyr.a(flash_map.c.obj)
                0x0000000000001f18                flash_area_open
 .text.flash_area_get_sectors
                0x0000000000001f68       0x60 zephyr/libzephyr.a(flash_map_layout.c.obj)
                0x0000000000001f68                flash_area_get_sectors
 .text.class_handler
                0x0000000000001fc8       0x40 zephyr/libzephyr.a(usb_device.c.obj)
 .text.custom_handler
                0x0000000000002008       0x60 zephyr/libzephyr.a(usb_device.c.obj)
 .text.vendor_handler
                0x0000000000002068       0x3c zephyr/libzephyr.a(usb_device.c.obj)
 .text.disable_endpoint
                0x00000000000020a4       0x2c zephyr/libzephyr.a(usb_device.c.obj)
 .text.usb_reset_alt_setting
                0x00000000000020d0       0x10 zephyr/libzephyr.a(usb_device.c.obj)
 .text.is_ep_valid.part.0
                0x00000000000020e0       0x38 zephyr/libzephyr.a(usb_device.c.obj)
 .text.usb_handle_request.constprop.0
                0x0000000000002118       0x2c zephyr/libzephyr.a(usb_device.c.obj)
 .text.forward_status_cb
                0x0000000000002144       0xac zephyr/libzephyr.a(usb_device.c.obj)
 .text.usb_halt_endpoint_req.isra.0
                0x00000000000021f0       0x50 zephyr/libzephyr.a(usb_device.c.obj)
 .text.set_endpoint
                0x0000000000002240       0x84 zephyr/libzephyr.a(usb_device.c.obj)
 .text.usb_handle_standard_request
                0x00000000000022c4      0x29c zephyr/libzephyr.a(usb_device.c.obj)
 .text.usb_disable
                0x0000000000002560       0x60 zephyr/libzephyr.a(usb_device.c.obj)
                0x0000000000002560                usb_disable
 .text.usb_data_to_host
                0x00000000000025c0       0x60 zephyr/libzephyr.a(usb_device.c.obj)
 .text.usb_handle_control_transfer
                0x0000000000002620       0xdc zephyr/libzephyr.a(usb_device.c.obj)
 .text.usb_set_config
                0x00000000000026fc       0x2c zephyr/libzephyr.a(usb_device.c.obj)
                0x00000000000026fc                usb_set_config
 .text.usb_device_init
                0x0000000000002728       0x28 zephyr/libzephyr.a(usb_device.c.obj)
 .text.usb_enable
                0x0000000000002750      0x124 zephyr/libzephyr.a(usb_device.c.obj)
                0x0000000000002750                usb_enable
 .text.usb_update_sn_string_descriptor
                0x0000000000002874       0x88 zephyr/libzephyr.a(usb_descriptor.c.obj)
                0x0000000000002874                usb_update_sn_string_descriptor
 .text.usb_get_device_descriptor
                0x00000000000028fc      0x1d8 zephyr/libzephyr.a(usb_descriptor.c.obj)
                0x00000000000028fc                usb_get_device_descriptor
 .text.usb_ep_get_transfer
                0x0000000000002ad4       0x2c zephyr/libzephyr.a(usb_transfer.c.obj)
 .text.usb_transfer_work
                0x0000000000002b00      0x104 zephyr/libzephyr.a(usb_transfer.c.obj)
 .text.usb_transfer_ep_callback
                0x0000000000002c04       0x5c zephyr/libzephyr.a(usb_transfer.c.obj)
                0x0000000000002c04                usb_transfer_ep_callback
 .text.usb_transfer
                0x0000000000002c60       0xe4 zephyr/libzephyr.a(usb_transfer.c.obj)
                0x0000000000002c60                usb_transfer
 .text.usb_cancel_transfer
                0x0000000000002d44       0x3c zephyr/libzephyr.a(usb_transfer.c.obj)
                0x0000000000002d44                usb_cancel_transfer
 .text.usb_cancel_transfers
                0x0000000000002d80       0x48 zephyr/libzephyr.a(usb_transfer.c.obj)
                0x0000000000002d80                usb_cancel_transfers
 .text.usb_transfer_init
                0x0000000000002dc8       0x34 zephyr/libzephyr.a(usb_transfer.c.obj)
                0x0000000000002dc8                usb_transfer_init
 .text.cdc_acm_class_handle_req
                0x0000000000002dfc       0x58 zephyr/libzephyr.a(cdc_acm.c.obj)
                0x0000000000002dfc                cdc_acm_class_handle_req
 .text.cdc_acm_int_in
                0x0000000000002e54       0x18 zephyr/libzephyr.a(cdc_acm.c.obj)
 .text.cdc_acm_irq_rx_enable
                0x0000000000002e6c       0x20 zephyr/libzephyr.a(cdc_acm.c.obj)
 .text.cdc_acm_irq_tx_enable
                0x0000000000002e8c       0x20 zephyr/libzephyr.a(cdc_acm.c.obj)
 .text.cdc_acm_reset_port
                0x0000000000002eac       0x3c zephyr/libzephyr.a(cdc_acm.c.obj)
 .text.cdc_acm_fifo_fill
                0x0000000000002ee8       0x38 zephyr/libzephyr.a(cdc_acm.c.obj)
 .text.cdc_acm_poll_out
                0x0000000000002f20       0x64 zephyr/libzephyr.a(cdc_acm.c.obj)
 .text.tx_work_handler
                0x0000000000002f84       0x5c zephyr/libzephyr.a(cdc_acm.c.obj)
 .text.cdc_acm_write_cb
                0x0000000000002fe0       0x44 zephyr/libzephyr.a(cdc_acm.c.obj)
 .text.cdc_acm_init
                0x0000000000003024       0x48 zephyr/libzephyr.a(cdc_acm.c.obj)
 .text.cdc_acm_send_notification.isra.0
                0x000000000000306c       0x44 zephyr/libzephyr.a(cdc_acm.c.obj)
 .text.cdc_acm_read_cb
                0x00000000000030b0       0x6c zephyr/libzephyr.a(cdc_acm.c.obj)
 .text.cdc_acm_dev_status_cb
                0x000000000000311c       0x88 zephyr/libzephyr.a(cdc_acm.c.obj)
 .text.z_usb_work_q_init
                0x00000000000031a4       0x34 zephyr/libzephyr.a(usb_work_q.c.obj)
 .text.nrf_cc3xx_platform_abort_init
                0x00000000000031d8        0xc zephyr/libzephyr.a(nrf_cc3xx_platform_abort_zephyr.c.obj)
                0x00000000000031d8                nrf_cc3xx_platform_abort_init
 .text.mutex_free_platform
                0x00000000000031e4       0x54 zephyr/libzephyr.a(nrf_cc3xx_platform_mutex_zephyr.c.obj)
 .text.mutex_lock_platform
                0x0000000000003238       0x74 zephyr/libzephyr.a(nrf_cc3xx_platform_mutex_zephyr.c.obj)
 .text.mutex_unlock_platform
                0x00000000000032ac       0x68 zephyr/libzephyr.a(nrf_cc3xx_platform_mutex_zephyr.c.obj)
 .text.mutex_init_platform
                0x0000000000003314       0x94 zephyr/libzephyr.a(nrf_cc3xx_platform_mutex_zephyr.c.obj)
 .text.nrf_cc3xx_platform_mutex_init
                0x00000000000033a8       0x2c zephyr/libzephyr.a(nrf_cc3xx_platform_mutex_zephyr.c.obj)
                0x00000000000033a8                nrf_cc3xx_platform_mutex_init
 .text.boot_uart_fifo_callback
                0x00000000000033d4       0xa0 zephyr/libzephyr.a(serial_adapter.c.obj)
 .text.console_out
                0x0000000000003474       0x18 zephyr/libzephyr.a(serial_adapter.c.obj)
                0x0000000000003474                console_out
 .text.console_read
                0x000000000000348c       0x94 zephyr/libzephyr.a(serial_adapter.c.obj)
                0x000000000000348c                console_read
 .text.boot_console_init
                0x0000000000003520       0xb0 zephyr/libzephyr.a(serial_adapter.c.obj)
                0x0000000000003520                boot_console_init
 .text.boot_serial_output
                0x00000000000035d0      0x140 zephyr/libzephyr.a(boot_serial.c.obj)
 .text.boot_serial_in_dec.constprop.0
                0x0000000000003710       0x68 zephyr/libzephyr.a(boot_serial.c.obj)
 .text.zcbor_tstr_encode_ptr.constprop.0.isra.0
                0x0000000000003778       0x18 zephyr/libzephyr.a(boot_serial.c.obj)
 .text.bs_upload
                0x0000000000003790      0x2a4 zephyr/libzephyr.a(boot_serial.c.obj)
 .text.bs_rc_rsp
                0x0000000000003a34       0x38 zephyr/libzephyr.a(boot_serial.c.obj)
 .text.reset_cbor_state
                0x0000000000003a6c       0x24 zephyr/libzephyr.a(boot_serial.c.obj)
                0x0000000000003a6c                reset_cbor_state
 .text.boot_serial_input
                0x0000000000003a90      0x2c0 zephyr/libzephyr.a(boot_serial.c.obj)
                0x0000000000003a90                boot_serial_input
 .text.boot_serial_start
                0x0000000000003d50       0xe4 zephyr/libzephyr.a(boot_serial.c.obj)
                0x0000000000003d50                boot_serial_start
 .text.z_arm_cpu_idle_init
                0x0000000000003e34        0xc zephyr/arch/arch/arm/core/aarch32/libarch__arm__core__aarch32.a(cpu_idle.S.obj)
                0x0000000000003e34                z_arm_cpu_idle_init
 .text.arch_cpu_idle
                0x0000000000003e40       0x28 zephyr/arch/arch/arm/core/aarch32/libarch__arm__core__aarch32.a(cpu_idle.S.obj)
                0x0000000000003e40                arch_cpu_idle
 .text.arch_cpu_atomic_idle
                0x0000000000003e68       0x24 zephyr/arch/arch/arm/core/aarch32/libarch__arm__core__aarch32.a(cpu_idle.S.obj)
                0x0000000000003e68                arch_cpu_atomic_idle
 .text.arch_irq_enable
                0x0000000000003e8c       0x1c zephyr/arch/arch/arm/core/aarch32/libarch__arm__core__aarch32.a(irq_manage.c.obj)
                0x0000000000003e8c                arch_irq_enable
 .text.arch_irq_disable
                0x0000000000003ea8       0x28 zephyr/arch/arch/arm/core/aarch32/libarch__arm__core__aarch32.a(irq_manage.c.obj)
                0x0000000000003ea8                arch_irq_disable
 .text.arch_irq_is_enabled
                0x0000000000003ed0       0x1c zephyr/arch/arch/arm/core/aarch32/libarch__arm__core__aarch32.a(irq_manage.c.obj)
                0x0000000000003ed0                arch_irq_is_enabled
 .text.z_arm_irq_priority_set
                0x0000000000003eec       0x2c zephyr/arch/arch/arm/core/aarch32/libarch__arm__core__aarch32.a(irq_manage.c.obj)
                0x0000000000003eec                z_arm_irq_priority_set
 .text.z_SysNmiOnReset
                0x0000000000003f18        0x8 zephyr/arch/arch/arm/core/aarch32/libarch__arm__core__aarch32.a(nmi_on_reset.S.obj)
                0x0000000000003f18                z_SysNmiOnReset
 .text.z_arm_prep_c
                0x0000000000003f20       0x38 zephyr/arch/arch/arm/core/aarch32/libarch__arm__core__aarch32.a(prep_c.c.obj)
                0x0000000000003f20                z_arm_prep_c
 .text.arch_swap
                0x0000000000003f58       0x34 zephyr/arch/arch/arm/core/aarch32/libarch__arm__core__aarch32.a(swap.c.obj)
                0x0000000000003f58                arch_swap
 .text.z_arm_pendsv
                0x0000000000003f8c       0x58 zephyr/arch/arch/arm/core/aarch32/libarch__arm__core__aarch32.a(swap_helper.S.obj)
                0x0000000000003f8c                z_arm_pendsv
 .text.z_arm_svc
                0x0000000000003fe4       0x20 zephyr/arch/arch/arm/core/aarch32/libarch__arm__core__aarch32.a(swap_helper.S.obj)
                0x0000000000003fe4                z_arm_svc
 .text.arch_new_thread
                0x0000000000004004       0x38 zephyr/arch/arch/arm/core/aarch32/libarch__arm__core__aarch32.a(thread.c.obj)
                0x0000000000004004                arch_new_thread
 .text.arch_switch_to_main_thread
                0x000000000000403c       0x28 zephyr/arch/arch/arm/core/aarch32/libarch__arm__core__aarch32.a(thread.c.obj)
                0x000000000000403c                arch_switch_to_main_thread
 .text._isr_wrapper
                0x0000000000004064       0x28 zephyr/arch/arch/arm/core/aarch32/libarch__arm__core__aarch32.a(isr_wrapper.S.obj)
                0x0000000000004064                _isr_wrapper
 .text._HandlerModeExit
                0x000000000000408c       0x1c zephyr/arch/arch/arm/core/aarch32/cortex_m/libarch__arm__core__aarch32__cortex_m.a(exc_exit.S.obj)
                0x000000000000408c                z_arm_int_exit
                0x000000000000408c                z_arm_exc_exit
 .text.usage_fault.constprop.0
                0x00000000000040a8       0x5c zephyr/arch/arch/arm/core/aarch32/cortex_m/libarch__arm__core__aarch32__cortex_m.a(fault.c.obj)
 .text.bus_fault.constprop.0
                0x0000000000004104       0x68 zephyr/arch/arch/arm/core/aarch32/cortex_m/libarch__arm__core__aarch32__cortex_m.a(fault.c.obj)
 .text.mem_manage_fault.constprop.0
                0x000000000000416c       0x78 zephyr/arch/arch/arm/core/aarch32/cortex_m/libarch__arm__core__aarch32__cortex_m.a(fault.c.obj)
 .text.z_arm_fault
                0x00000000000041e4      0x118 zephyr/arch/arch/arm/core/aarch32/cortex_m/libarch__arm__core__aarch32__cortex_m.a(fault.c.obj)
                0x00000000000041e4                z_arm_fault
 .text.z_arm_fault_init
                0x00000000000042fc       0x18 zephyr/arch/arch/arm/core/aarch32/cortex_m/libarch__arm__core__aarch32__cortex_m.a(fault.c.obj)
                0x00000000000042fc                z_arm_fault_init
 .text.__fault  0x0000000000004314       0x14 zephyr/arch/arch/arm/core/aarch32/cortex_m/libarch__arm__core__aarch32__cortex_m.a(fault_s.S.obj)
                0x0000000000004314                z_arm_usage_fault
                0x0000000000004314                z_arm_mpu_fault
                0x0000000000004314                z_arm_exc_spurious
                0x0000000000004314                z_arm_debug_monitor
                0x0000000000004314                z_arm_hard_fault
                0x0000000000004314                z_arm_bus_fault
 .text.z_arm_interrupt_init
                0x0000000000004328       0x18 zephyr/arch/arch/arm/core/aarch32/cortex_m/libarch__arm__core__aarch32__cortex_m.a(irq_init.c.obj)
                0x0000000000004328                z_arm_interrupt_init
 .text._reset_section
                0x0000000000004340       0x60 zephyr/arch/arch/arm/core/aarch32/cortex_m/libarch__arm__core__aarch32__cortex_m.a(reset.S.obj)
                0x0000000000004340                __start
                0x0000000000004340                z_arm_reset
 .text.sys_arch_reboot
                0x00000000000043a0       0x24 zephyr/arch/arch/arm/core/aarch32/cortex_m/libarch__arm__core__aarch32__cortex_m.a(scb.c.obj)
                0x00000000000043a0                sys_arch_reboot
 .text.z_arm_init_arch_hw_at_boot
                0x00000000000043c4       0x44 zephyr/arch/arch/arm/core/aarch32/cortex_m/libarch__arm__core__aarch32__cortex_m.a(scb.c.obj)
                0x00000000000043c4                z_arm_init_arch_hw_at_boot
 .text.z_impl_k_thread_abort
                0x0000000000004408       0x2c zephyr/arch/arch/arm/core/aarch32/cortex_m/libarch__arm__core__aarch32__cortex_m.a(thread_abort.c.obj)
                0x0000000000004408                z_impl_k_thread_abort
 .text.snprintf
                0x0000000000004434       0x34 zephyr/lib/libc/minimal/liblib__libc__minimal.a(sprintf.c.obj)
                0x0000000000004434                snprintf
 .text.usbd_evt_put
                0x0000000000004468        0xc zephyr/drivers/usb/device/libdrivers__usb__device.a(usb_dc_nrfx.c.obj)
 .text.usbd_work_schedule
                0x0000000000004474       0x10 zephyr/drivers/usb/device/libdrivers__usb__device.a(usb_dc_nrfx.c.obj)
 .text.endpoint_ctx
                0x0000000000004484       0x60 zephyr/drivers/usb/device/libdrivers__usb__device.a(usb_dc_nrfx.c.obj)
 .text.usbd_evt_get
                0x00000000000044e4       0x10 zephyr/drivers/usb/device/libdrivers__usb__device.a(usb_dc_nrfx.c.obj)
 .text.usb_init
                0x00000000000044f4       0x80 zephyr/drivers/usb/device/libdrivers__usb__device.a(usb_dc_nrfx.c.obj)
 .text.hfxo_stop.constprop.0.isra.0
                0x0000000000004574       0x38 zephyr/drivers/usb/device/libdrivers__usb__device.a(usb_dc_nrfx.c.obj)
 .text.eps_ctx_init
                0x00000000000045ac       0x68 zephyr/drivers/usb/device/libdrivers__usb__device.a(usb_dc_nrfx.c.obj)
 .text.usbd_evt_flush
                0x0000000000004614       0x1c zephyr/drivers/usb/device/libdrivers__usb__device.a(usb_dc_nrfx.c.obj)
 .text.usbd_evt_alloc
                0x0000000000004630       0x44 zephyr/drivers/usb/device/libdrivers__usb__device.a(usb_dc_nrfx.c.obj)
 .text.submit_dc_power_event
                0x0000000000004674       0x2c zephyr/drivers/usb/device/libdrivers__usb__device.a(usb_dc_nrfx.c.obj)
 .text.usb_dc_power_event_handler
                0x00000000000046a0       0x38 zephyr/drivers/usb/device/libdrivers__usb__device.a(usb_dc_nrfx.c.obj)
 .text.usbd_event_transfer_data
                0x00000000000046d8       0xa8 zephyr/drivers/usb/device/libdrivers__usb__device.a(usb_dc_nrfx.c.obj)
 .text.usbd_event_handler
                0x0000000000004780      0x11c zephyr/drivers/usb/device/libdrivers__usb__device.a(usb_dc_nrfx.c.obj)
 .text.usbd_work_handler
                0x000000000000489c      0x2dc zephyr/drivers/usb/device/libdrivers__usb__device.a(usb_dc_nrfx.c.obj)
 .text.usb_dc_attach
                0x0000000000004b78       0x64 zephyr/drivers/usb/device/libdrivers__usb__device.a(usb_dc_nrfx.c.obj)
                0x0000000000004b78                usb_dc_attach
 .text.usb_dc_detach
                0x0000000000004bdc       0x40 zephyr/drivers/usb/device/libdrivers__usb__device.a(usb_dc_nrfx.c.obj)
                0x0000000000004bdc                usb_dc_detach
 .text.usb_dc_set_address
                0x0000000000004c1c       0x24 zephyr/drivers/usb/device/libdrivers__usb__device.a(usb_dc_nrfx.c.obj)
                0x0000000000004c1c                usb_dc_set_address
 .text.usb_dc_ep_configure
                0x0000000000004c40       0x48 zephyr/drivers/usb/device/libdrivers__usb__device.a(usb_dc_nrfx.c.obj)
                0x0000000000004c40                usb_dc_ep_configure
 .text.usb_dc_ep_set_stall
                0x0000000000004c88       0x50 zephyr/drivers/usb/device/libdrivers__usb__device.a(usb_dc_nrfx.c.obj)
                0x0000000000004c88                usb_dc_ep_set_stall
 .text.usb_dc_ep_clear_stall
                0x0000000000004cd8       0x40 zephyr/drivers/usb/device/libdrivers__usb__device.a(usb_dc_nrfx.c.obj)
                0x0000000000004cd8                usb_dc_ep_clear_stall
 .text.usb_dc_ep_is_stalled
                0x0000000000004d18       0x38 zephyr/drivers/usb/device/libdrivers__usb__device.a(usb_dc_nrfx.c.obj)
                0x0000000000004d18                usb_dc_ep_is_stalled
 .text.usb_dc_ep_enable
                0x0000000000004d50       0x54 zephyr/drivers/usb/device/libdrivers__usb__device.a(usb_dc_nrfx.c.obj)
                0x0000000000004d50                usb_dc_ep_enable
 .text.usb_dc_ep_write
                0x0000000000004da4       0xf8 zephyr/drivers/usb/device/libdrivers__usb__device.a(usb_dc_nrfx.c.obj)
                0x0000000000004da4                usb_dc_ep_write
 .text.usb_dc_ep_read_wait
                0x0000000000004e9c       0x90 zephyr/drivers/usb/device/libdrivers__usb__device.a(usb_dc_nrfx.c.obj)
                0x0000000000004e9c                usb_dc_ep_read_wait
 .text.usb_dc_ep_read_continue
                0x0000000000004f2c       0x84 zephyr/drivers/usb/device/libdrivers__usb__device.a(usb_dc_nrfx.c.obj)
                0x0000000000004f2c                usb_dc_ep_read_continue
 .text.usb_dc_ep_set_callback
                0x0000000000004fb0       0x28 zephyr/drivers/usb/device/libdrivers__usb__device.a(usb_dc_nrfx.c.obj)
                0x0000000000004fb0                usb_dc_ep_set_callback
 .text.usb_dc_set_status_callback
                0x0000000000004fd8        0xc zephyr/drivers/usb/device/libdrivers__usb__device.a(usb_dc_nrfx.c.obj)
                0x0000000000004fd8                usb_dc_set_status_callback
 .text.usb_dc_ep_mps
                0x0000000000004fe4       0x24 zephyr/drivers/usb/device/libdrivers__usb__device.a(usb_dc_nrfx.c.obj)
                0x0000000000004fe4                usb_dc_ep_mps
 .text.onoff_stop
                0x0000000000005008       0x30 zephyr/drivers/clock_control/libdrivers__clock_control.a(clock_control_nrf.c.obj)
 .text.onoff_start
                0x0000000000005038       0x44 zephyr/drivers/clock_control/libdrivers__clock_control.a(clock_control_nrf.c.obj)
 .text.clk_init
                0x000000000000507c       0x64 zephyr/drivers/clock_control/libdrivers__clock_control.a(clock_control_nrf.c.obj)
 .text.clkstarted_handle.constprop.0
                0x00000000000050e0       0x34 zephyr/drivers/clock_control/libdrivers__clock_control.a(clock_control_nrf.c.obj)
 .text.clock_event_handler
                0x0000000000005114       0x30 zephyr/drivers/clock_control/libdrivers__clock_control.a(clock_control_nrf.c.obj)
 .text.generic_hfclk_start
                0x0000000000005144       0x64 zephyr/drivers/clock_control/libdrivers__clock_control.a(clock_control_nrf.c.obj)
 .text.api_blocking_start
                0x00000000000051a8       0x34 zephyr/drivers/clock_control/libdrivers__clock_control.a(clock_control_nrf.c.obj)
 .text.generic_hfclk_stop
                0x00000000000051dc       0x34 zephyr/drivers/clock_control/libdrivers__clock_control.a(clock_control_nrf.c.obj)
 .text.z_nrf_clock_control_get_onoff
                0x0000000000005210       0x10 zephyr/drivers/clock_control/libdrivers__clock_control.a(clock_control_nrf.c.obj)
                0x0000000000005210                z_nrf_clock_control_get_onoff
 .text.z_nrf_clock_control_lf_on
                0x0000000000005220       0xfc zephyr/drivers/clock_control/libdrivers__clock_control.a(clock_control_nrf.c.obj)
                0x0000000000005220                z_nrf_clock_control_lf_on
 .text.qspi_get_zephyr_ret_code
                0x000000000000531c       0x1c zephyr/drivers/flash/libdrivers__flash.a(nrf_qspi_nor.c.obj)
 .text.qspi_nor_pages_layout
                0x0000000000005338       0x10 zephyr/drivers/flash/libdrivers__flash.a(nrf_qspi_nor.c.obj)
 .text.qspi_flash_get_parameters
                0x0000000000005348        0x8 zephyr/drivers/flash/libdrivers__flash.a(nrf_qspi_nor.c.obj)
 .text.qspi_wait_for_completion.isra.0
                0x0000000000005350       0x1c zephyr/drivers/flash/libdrivers__flash.a(nrf_qspi_nor.c.obj)
 .text.qspi_device_uninit
                0x000000000000536c       0x58 zephyr/drivers/flash/libdrivers__flash.a(nrf_qspi_nor.c.obj)
 .text.qspi_device_init
                0x00000000000053c4       0x50 zephyr/drivers/flash/libdrivers__flash.a(nrf_qspi_nor.c.obj)
 .text.qspi_nor_erase
                0x0000000000005414       0xf4 zephyr/drivers/flash/libdrivers__flash.a(nrf_qspi_nor.c.obj)
 .text.qspi_nor_init
                0x0000000000005508      0x138 zephyr/drivers/flash/libdrivers__flash.a(nrf_qspi_nor.c.obj)
 .text.qspi_nor_write
                0x0000000000005640      0x124 zephyr/drivers/flash/libdrivers__flash.a(nrf_qspi_nor.c.obj)
 .text.qspi_nor_read
                0x0000000000005764      0x150 zephyr/drivers/flash/libdrivers__flash.a(nrf_qspi_nor.c.obj)
 .text.flash_sim_page_layout
                0x00000000000058b4       0x10 zephyr/drivers/flash/libdrivers__flash.a(flash_simulator.c.obj)
 .text.flash_sim_get_parameters
                0x00000000000058c4        0x8 zephyr/drivers/flash/libdrivers__flash.a(flash_simulator.c.obj)
 .text.flash_sim_write
                0x00000000000058cc       0x78 zephyr/drivers/flash/libdrivers__flash.a(flash_simulator.c.obj)
 .text.flash_sim_read
                0x0000000000005944       0x28 zephyr/drivers/flash/libdrivers__flash.a(flash_simulator.c.obj)
 .text.flash_sim_erase
                0x000000000000596c       0x4c zephyr/drivers/flash/libdrivers__flash.a(flash_simulator.c.obj)
 .text.flash_init
                0x00000000000059b8       0x18 zephyr/drivers/flash/libdrivers__flash.a(flash_simulator.c.obj)
 .text.z_impl_flash_simulator_get_memory
                0x00000000000059d0       0x10 zephyr/drivers/flash/libdrivers__flash.a(flash_simulator.c.obj)
                0x00000000000059d0                z_impl_flash_simulator_get_memory
 .text.flash_nrf_pages_layout
                0x00000000000059e0       0x10 zephyr/drivers/flash/libdrivers__flash.a(soc_flash_nrf.c.obj)
 .text.flash_nrf_get_parameters
                0x00000000000059f0        0x8 zephyr/drivers/flash/libdrivers__flash.a(soc_flash_nrf.c.obj)
 .text.nrf_flash_init
                0x00000000000059f8       0x28 zephyr/drivers/flash/libdrivers__flash.a(soc_flash_nrf.c.obj)
 .text.flash_nrf_erase
                0x0000000000005a20       0x64 zephyr/drivers/flash/libdrivers__flash.a(soc_flash_nrf.c.obj)
 .text.flash_nrf_write
                0x0000000000005a84       0x98 zephyr/drivers/flash/libdrivers__flash.a(soc_flash_nrf.c.obj)
 .text.gpio_nrfx_init
                0x0000000000005b1c       0x20 zephyr/drivers/gpio/libdrivers__gpio.a(gpio_nrfx.c.obj)
 .text.gpio_nrfx_pin_configure
                0x0000000000005b3c       0xdc zephyr/drivers/gpio/libdrivers__gpio.a(gpio_nrfx.c.obj)
 .text.nrf_gpio_pin_port_decode
                0x0000000000005c18       0x24 zephyr/drivers/pinctrl/libdrivers__pinctrl.a(pinctrl_nrf.c.obj)
 .text.pinctrl_configure_pins
                0x0000000000005c3c      0x178 zephyr/drivers/pinctrl/libdrivers__pinctrl.a(pinctrl_nrf.c.obj)
                0x0000000000005c3c                pinctrl_configure_pins
 .text.regulator_fixed_enable
                0x0000000000005db4       0x48 zephyr/drivers/regulator/libdrivers__regulator.a(regulator_fixed.c.obj)
 .text.compare_int_lock
                0x0000000000005dfc       0x40 zephyr/drivers/timer/libdrivers__timer.a(nrf_rtc_timer.c.obj)
 .text.sys_clock_timeout_handler
                0x0000000000005e3c       0x48 zephyr/drivers/timer/libdrivers__timer.a(nrf_rtc_timer.c.obj)
 .text.compare_int_unlock
                0x0000000000005e84       0x4c zephyr/drivers/timer/libdrivers__timer.a(nrf_rtc_timer.c.obj)
 .text.z_nrf_rtc_timer_read
                0x0000000000005ed0       0x44 zephyr/drivers/timer/libdrivers__timer.a(nrf_rtc_timer.c.obj)
                0x0000000000005ed0                z_nrf_rtc_timer_read
 .text.compare_set
                0x0000000000005f14      0x124 zephyr/drivers/timer/libdrivers__timer.a(nrf_rtc_timer.c.obj)
 .text.sys_clock_driver_init
                0x0000000000006038       0x90 zephyr/drivers/timer/libdrivers__timer.a(nrf_rtc_timer.c.obj)
 .text.rtc_nrf_isr
                0x00000000000060c8       0xd0 zephyr/drivers/timer/libdrivers__timer.a(nrf_rtc_timer.c.obj)
                0x00000000000060c8                rtc_nrf_isr
 .text.sys_clock_set_timeout
                0x0000000000006198       0x64 zephyr/drivers/timer/libdrivers__timer.a(nrf_rtc_timer.c.obj)
                0x0000000000006198                sys_clock_set_timeout
 .text.sys_clock_elapsed
                0x00000000000061fc       0x14 zephyr/drivers/timer/libdrivers__timer.a(nrf_rtc_timer.c.obj)
                0x00000000000061fc                sys_clock_elapsed
 .text.sys_clock_disable
                0x0000000000006210       0x30 zephyr/drivers/timer/libdrivers__timer.a(nrf_rtc_timer.c.obj)
                0x0000000000006210                sys_clock_disable
 .text.fprotect_area
                0x0000000000006240       0x3c modules/nrf/lib/fprotect/lib..__nrf__lib__fprotect.a(fprotect_spu.c.obj)
                0x0000000000006240                fprotect_area
 .text.pcd_fw_copy_status_get
                0x000000000000627c       0x38 modules/nrf/subsys/pcd/lib..__nrf__subsys__pcd.a(pcd.c.obj)
                0x000000000000627c                pcd_fw_copy_status_get
 .text.network_core_finished_check_handler
                0x00000000000062b4       0x20 modules/nrf/subsys/pcd/lib..__nrf__subsys__pcd.a(pcd.c.obj)
 .text.network_core_pcd_cmdset.constprop.0
                0x00000000000062d4       0xd8 modules/nrf/subsys/pcd/lib..__nrf__subsys__pcd.a(pcd.c.obj)
 .text.pcd_network_core_update_initiate
                0x00000000000063ac       0x3c modules/nrf/subsys/pcd/lib..__nrf__subsys__pcd.a(pcd.c.obj)
                0x00000000000063ac                pcd_network_core_update_initiate
 .text.pcd_network_core_update
                0x00000000000063e8       0x14 modules/nrf/subsys/pcd/lib..__nrf__subsys__pcd.a(pcd.c.obj)
                0x00000000000063e8                pcd_network_core_update
 .text.pcd_lock_ram
                0x00000000000063fc       0x10 modules/nrf/subsys/pcd/lib..__nrf__subsys__pcd.a(pcd.c.obj)
                0x00000000000063fc                pcd_lock_ram
 .text.boot_image_check_hook
                0x000000000000640c       0x24 modules/nrf/modules/mcuboot/hooks/lib..__nrf__modules__mcuboot__hooks.a(nrf53_hooks.c.obj)
                0x000000000000640c                boot_image_check_hook
 .text.network_core_update
                0x0000000000006430       0x50 modules/nrf/modules/mcuboot/hooks/lib..__nrf__modules__mcuboot__hooks.a(nrf53_hooks.c.obj)
                0x0000000000006430                network_core_update
 .text.boot_write_magic
                0x0000000000006480       0x40 modules/mcuboot/boot/bootutil/zephyr/libmcuboot_util.a(bootutil_public.c.obj)
                0x0000000000006480                boot_write_magic
 .text.boot_read_swap_state
                0x00000000000064c0       0xac modules/mcuboot/boot/bootutil/zephyr/libmcuboot_util.a(bootutil_public.c.obj)
                0x00000000000064c0                boot_read_swap_state
 .text.boot_swap_type_multi
                0x000000000000656c       0xb0 modules/mcuboot/boot/bootutil/zephyr/libmcuboot_util.a(bootutil_public.c.obj)
                0x000000000000656c                boot_swap_type_multi
 .text.mbedtls_calloc
                0x000000000000661c        0xc modules/mbedtls/libmbedTLSBase.a(platform.c.obj)
                0x000000000000661c                mbedtls_calloc
 .text.mbedtls_free
                0x0000000000006628        0xc modules/mbedtls/libmbedTLSBase.a(platform.c.obj)
                0x0000000000006628                mbedtls_free
 .text.mbedtls_platform_set_calloc_free
                0x0000000000006634       0x14 modules/mbedtls/libmbedTLSBase.a(platform.c.obj)
                0x0000000000006634                mbedtls_platform_set_calloc_free
 .text.mbedtls_hash_info_psa_from_md
                0x0000000000006648       0x18 modules/mbedtls/libmbedTLSBase.a(hash_info.c.obj)
                0x0000000000006648                mbedtls_hash_info_psa_from_md
 .text.verify_header
                0x0000000000006660       0x40 modules/mbedtls/libmbedTLSBase.a(memory_buffer_alloc.c.obj)
 .text.verify_chain
                0x00000000000066a0       0x3c modules/mbedtls/libmbedTLSBase.a(memory_buffer_alloc.c.obj)
 .text.buffer_alloc_calloc
                0x00000000000066dc      0x114 modules/mbedtls/libmbedTLSBase.a(memory_buffer_alloc.c.obj)
 .text.buffer_alloc_free
                0x00000000000067f0      0x124 modules/mbedtls/libmbedTLSBase.a(memory_buffer_alloc.c.obj)
 .text.mbedtls_memory_buffer_alloc_init
                0x0000000000006914       0x68 modules/mbedtls/libmbedTLSBase.a(memory_buffer_alloc.c.obj)
                0x0000000000006914                mbedtls_memory_buffer_alloc_init
 .text.rsa_check_context.constprop.0
                0x000000000000697c       0xb8 modules/mbedtls/libmbedTLSBase.a(rsa.c.obj)
 .text.mbedtls_rsa_set_padding
                0x0000000000006a34       0x2c modules/mbedtls/libmbedTLSBase.a(rsa.c.obj)
                0x0000000000006a34                mbedtls_rsa_set_padding
 .text.mbedtls_rsa_check_pubkey
                0x0000000000006a60       0x4c modules/mbedtls/libmbedTLSBase.a(rsa.c.obj)
                0x0000000000006a60                mbedtls_rsa_check_pubkey
 .text.mbedtls_rsa_public
                0x0000000000006aac       0x90 modules/mbedtls/libmbedTLSBase.a(rsa.c.obj)
                0x0000000000006aac                mbedtls_rsa_public
 .text.mbedtls_sha256_starts
                0x0000000000006b3c       0xcc modules/mbedtls/libmbedTLSBase.a(sha256.c.obj)
                0x0000000000006b3c                mbedtls_sha256_starts
 .text.mbedtls_internal_sha256_process
                0x0000000000006c08      0x148 modules/mbedtls/libmbedTLSBase.a(sha256.c.obj)
                0x0000000000006c08                mbedtls_internal_sha256_process
 .text.nrf53_errata_42
                0x0000000000006d50       0x24 modules/hal_nordic/nrfx/libmodules__hal_nordic__nrfx.a(system_nrf5340_application.c.obj)
 .text.SystemInit
                0x0000000000006d74      0x1c4 modules/hal_nordic/nrfx/libmodules__hal_nordic__nrfx.a(system_nrf5340_application.c.obj)
                0x0000000000006d74                SystemInit
 .text.nrfx_flag32_alloc
                0x0000000000006f38       0x40 modules/hal_nordic/nrfx/libmodules__hal_nordic__nrfx.a(nrfx_flag32_allocator.c.obj)
                0x0000000000006f38                nrfx_flag32_alloc
 .text.nrfx_flag32_free
                0x0000000000006f78       0x38 modules/hal_nordic/nrfx/libmodules__hal_nordic__nrfx.a(nrfx_flag32_allocator.c.obj)
                0x0000000000006f78                nrfx_flag32_free
 .text.nrfx_gppi_channels_enable
                0x0000000000006fb0        0xc modules/hal_nordic/nrfx/libmodules__hal_nordic__nrfx.a(nrfx_gppi_dppi.c.obj)
                0x0000000000006fb0                nrfx_gppi_channels_enable
 .text.nrfx_clock_init
                0x0000000000006fbc       0x20 modules/hal_nordic/nrfx/libmodules__hal_nordic__nrfx.a(nrfx_clock.c.obj)
                0x0000000000006fbc                nrfx_clock_init
 .text.nrfx_clock_enable
                0x0000000000006fdc       0x38 modules/hal_nordic/nrfx/libmodules__hal_nordic__nrfx.a(nrfx_clock.c.obj)
                0x0000000000006fdc                nrfx_clock_enable
 .text.nrfx_clock_start
                0x0000000000007014       0xd0 modules/hal_nordic/nrfx/libmodules__hal_nordic__nrfx.a(nrfx_clock.c.obj)
                0x0000000000007014                nrfx_clock_start
 .text.nrfx_clock_irq_handler
                0x00000000000070e4       0xb0 modules/hal_nordic/nrfx/libmodules__hal_nordic__nrfx.a(nrfx_clock.c.obj)
                0x00000000000070e4                nrfx_clock_irq_handler
 .text.nrfx_dppi_channel_alloc
                0x0000000000007194        0xc modules/hal_nordic/nrfx/libmodules__hal_nordic__nrfx.a(nrfx_dppi.c.obj)
                0x0000000000007194                nrfx_dppi_channel_alloc
 .text.nrf_gpio_pin_port_decode
                0x00000000000071a0       0x24 modules/hal_nordic/nrfx/libmodules__hal_nordic__nrfx.a(nrfx_gpiote.c.obj)
 .text.get_pin_idx
                0x00000000000071c4       0x14 modules/hal_nordic/nrfx/libmodules__hal_nordic__nrfx.a(nrfx_gpiote.c.obj)
 .text.release_handler.constprop.0
                0x00000000000071d8       0x58 modules/hal_nordic/nrfx/libmodules__hal_nordic__nrfx.a(nrfx_gpiote.c.obj)
 .text.pin_te_get.constprop.0
                0x0000000000007230       0x18 modules/hal_nordic/nrfx/libmodules__hal_nordic__nrfx.a(nrfx_gpiote.c.obj)
 .text.pin_in_use_by_te.constprop.0
                0x0000000000007248       0x18 modules/hal_nordic/nrfx/libmodules__hal_nordic__nrfx.a(nrfx_gpiote.c.obj)
 .text.pin_is_input.constprop.0
                0x0000000000007260       0x1c modules/hal_nordic/nrfx/libmodules__hal_nordic__nrfx.a(nrfx_gpiote.c.obj)
 .text.pin_trigger_disable.constprop.0
                0x000000000000727c       0x4c modules/hal_nordic/nrfx/libmodules__hal_nordic__nrfx.a(nrfx_gpiote.c.obj)
 .text.pin_uninit.constprop.0
                0x00000000000072c8       0x84 modules/hal_nordic/nrfx/libmodules__hal_nordic__nrfx.a(nrfx_gpiote.c.obj)
 .text.nrfx_gpiote_input_configure
                0x000000000000734c      0x168 modules/hal_nordic/nrfx/libmodules__hal_nordic__nrfx.a(nrfx_gpiote.c.obj)
                0x000000000000734c                nrfx_gpiote_input_configure
 .text.nrfx_gpiote_output_configure
                0x00000000000074b4       0xf4 modules/hal_nordic/nrfx/libmodules__hal_nordic__nrfx.a(nrfx_gpiote.c.obj)
                0x00000000000074b4                nrfx_gpiote_output_configure
 .text.nrfx_gpiote_init
                0x00000000000075a8       0x74 modules/hal_nordic/nrfx/libmodules__hal_nordic__nrfx.a(nrfx_gpiote.c.obj)
                0x00000000000075a8                nrfx_gpiote_init
 .text.nrfx_gpiote_is_init
                0x000000000000761c       0x14 modules/hal_nordic/nrfx/libmodules__hal_nordic__nrfx.a(nrfx_gpiote.c.obj)
                0x000000000000761c                nrfx_gpiote_is_init
 .text.nvmc_readonly_mode_set
                0x0000000000007630       0x14 modules/hal_nordic/nrfx/libmodules__hal_nordic__nrfx.a(nrfx_nvmc.c.obj)
 .text.nvmc_word_write
                0x0000000000007644       0x18 modules/hal_nordic/nrfx/libmodules__hal_nordic__nrfx.a(nrfx_nvmc.c.obj)
 .text.nrfx_nvmc_page_erase
                0x000000000000765c       0x3c modules/hal_nordic/nrfx/libmodules__hal_nordic__nrfx.a(nrfx_nvmc.c.obj)
                0x000000000000765c                nrfx_nvmc_page_erase
 .text.nrfx_nvmc_word_write
                0x0000000000007698       0x20 modules/hal_nordic/nrfx/libmodules__hal_nordic__nrfx.a(nrfx_nvmc.c.obj)
                0x0000000000007698                nrfx_nvmc_word_write
 .text.nrfx_nvmc_bytes_write
                0x00000000000076b8       0x84 modules/hal_nordic/nrfx/libmodules__hal_nordic__nrfx.a(nrfx_nvmc.c.obj)
                0x00000000000076b8                nrfx_nvmc_bytes_write
 .text.nrfx_power_init
                0x000000000000773c       0x74 modules/hal_nordic/nrfx/libmodules__hal_nordic__nrfx.a(nrfx_power.c.obj)
                0x000000000000773c                nrfx_power_init
 .text.nrfx_power_irq_handler
                0x00000000000077b0       0x70 modules/hal_nordic/nrfx/libmodules__hal_nordic__nrfx.a(nrfx_power.c.obj)
                0x00000000000077b0                nrfx_power_irq_handler
 .text.qspi_deactivate
                0x0000000000007820       0x40 modules/hal_nordic/nrfx/libmodules__hal_nordic__nrfx.a(nrfx_qspi.c.obj)
 .text.qspi_ready_wait
                0x0000000000007860       0x54 modules/hal_nordic/nrfx/libmodules__hal_nordic__nrfx.a(nrfx_qspi.c.obj)
 .text.qspi_activate
                0x00000000000078b4       0x34 modules/hal_nordic/nrfx/libmodules__hal_nordic__nrfx.a(nrfx_qspi.c.obj)
 .text.qspi_xfer
                0x00000000000078e8       0xe8 modules/hal_nordic/nrfx/libmodules__hal_nordic__nrfx.a(nrfx_qspi.c.obj)
 .text.qspi_event_xfer_handle.constprop.0
                0x00000000000079d0       0x28 modules/hal_nordic/nrfx/libmodules__hal_nordic__nrfx.a(nrfx_qspi.c.obj)
 .text.nrf_gpio_cfg.constprop.0
                0x00000000000079f8       0x44 modules/hal_nordic/nrfx/libmodules__hal_nordic__nrfx.a(nrfx_qspi.c.obj)
 .text.nrf_qspi_cinstrdata_get.constprop.0
                0x0000000000007a3c       0x40 modules/hal_nordic/nrfx/libmodules__hal_nordic__nrfx.a(nrfx_qspi.c.obj)
 .text.nrf_qspi_cinstrdata_set.constprop.0
                0x0000000000007a7c       0x64 modules/hal_nordic/nrfx/libmodules__hal_nordic__nrfx.a(nrfx_qspi.c.obj)
 .text.nrf_qspi_pins_set.constprop.0
                0x0000000000007ae0       0x5c modules/hal_nordic/nrfx/libmodules__hal_nordic__nrfx.a(nrfx_qspi.c.obj)
 .text.qspi_workaround_apply
                0x0000000000007b3c       0x70 modules/hal_nordic/nrfx/libmodules__hal_nordic__nrfx.a(nrfx_qspi.c.obj)
 .text.qspi_configure
                0x0000000000007bac      0x138 modules/hal_nordic/nrfx/libmodules__hal_nordic__nrfx.a(nrfx_qspi.c.obj)
 .text.nrfx_qspi_init
                0x0000000000007ce4       0x40 modules/hal_nordic/nrfx/libmodules__hal_nordic__nrfx.a(nrfx_qspi.c.obj)
                0x0000000000007ce4                nrfx_qspi_init
 .text.nrfx_qspi_cinstr_xfer
                0x0000000000007d24       0xa8 modules/hal_nordic/nrfx/libmodules__hal_nordic__nrfx.a(nrfx_qspi.c.obj)
                0x0000000000007d24                nrfx_qspi_cinstr_xfer
 .text.nrfx_qspi_mem_busy_check
                0x0000000000007dcc       0x44 modules/hal_nordic/nrfx/libmodules__hal_nordic__nrfx.a(nrfx_qspi.c.obj)
                0x0000000000007dcc                nrfx_qspi_mem_busy_check
 .text.nrfx_qspi_uninit
                0x0000000000007e10       0x78 modules/hal_nordic/nrfx/libmodules__hal_nordic__nrfx.a(nrfx_qspi.c.obj)
                0x0000000000007e10                nrfx_qspi_uninit
 .text.nrfx_qspi_erase
                0x0000000000007e88       0x9c modules/hal_nordic/nrfx/libmodules__hal_nordic__nrfx.a(nrfx_qspi.c.obj)
                0x0000000000007e88                nrfx_qspi_erase
 .text.nrfx_qspi_irq_handler
                0x0000000000007f24       0x94 modules/hal_nordic/nrfx/libmodules__hal_nordic__nrfx.a(nrfx_qspi.c.obj)
                0x0000000000007f24                nrfx_qspi_irq_handler
 .text.ep_state_access
                0x0000000000007fb8       0x1c modules/hal_nordic/nrfx/libmodules__hal_nordic__nrfx.a(nrfx_usbd.c.obj)
 .text.ev_usbreset_handler
                0x0000000000007fd4       0x2c modules/hal_nordic/nrfx/libmodules__hal_nordic__nrfx.a(nrfx_usbd.c.obj)
 .text.ev_usbevent_handler
                0x0000000000008000       0x74 modules/hal_nordic/nrfx/libmodules__hal_nordic__nrfx.a(nrfx_usbd.c.obj)
 .text.nrfx_usbd_feeder_flash
                0x0000000000008074       0x38 modules/hal_nordic/nrfx/libmodules__hal_nordic__nrfx.a(nrfx_usbd.c.obj)
                0x0000000000008074                nrfx_usbd_feeder_flash
 .text.nrfx_usbd_feeder_flash_zlp
                0x00000000000080ac       0x40 modules/hal_nordic/nrfx/libmodules__hal_nordic__nrfx.a(nrfx_usbd.c.obj)
                0x00000000000080ac                nrfx_usbd_feeder_flash_zlp
 .text.ev_sof_handler
                0x00000000000080ec       0x44 modules/hal_nordic/nrfx/libmodules__hal_nordic__nrfx.a(nrfx_usbd.c.obj)
 .text.atomic_and.constprop.0.isra.0
                0x0000000000008130       0x18 modules/hal_nordic/nrfx/libmodules__hal_nordic__nrfx.a(nrfx_usbd.c.obj)
 .text.nrf_usbd_epin_dma_handler
                0x0000000000008148       0x38 modules/hal_nordic/nrfx/libmodules__hal_nordic__nrfx.a(nrfx_usbd.c.obj)
 .text.nrf_usbd_ep0in_dma_handler
                0x0000000000008180       0x2c modules/hal_nordic/nrfx/libmodules__hal_nordic__nrfx.a(nrfx_usbd.c.obj)
 .text.usbd_ep_data_handler
                0x00000000000081ac       0x8c modules/hal_nordic/nrfx/libmodules__hal_nordic__nrfx.a(nrfx_usbd.c.obj)
 .text.ev_setup_data_handler
                0x0000000000008238       0x1c modules/hal_nordic/nrfx/libmodules__hal_nordic__nrfx.a(nrfx_usbd.c.obj)
 .text.ev_dma_epin8_handler
                0x0000000000008254       0x54 modules/hal_nordic/nrfx/libmodules__hal_nordic__nrfx.a(nrfx_usbd.c.obj)
 .text.ev_dma_epout8_handler
                0x00000000000082a8       0x48 modules/hal_nordic/nrfx/libmodules__hal_nordic__nrfx.a(nrfx_usbd.c.obj)
 .text.nrfx_usbd_uninit
                0x00000000000082f0       0x14 modules/hal_nordic/nrfx/libmodules__hal_nordic__nrfx.a(nrfx_usbd.c.obj)
                0x00000000000082f0                nrfx_usbd_uninit
 .text.nrfx_usbd_enable
                0x0000000000008304       0x78 modules/hal_nordic/nrfx/libmodules__hal_nordic__nrfx.a(nrfx_usbd.c.obj)
                0x0000000000008304                nrfx_usbd_enable
 .text.nrfx_usbd_start
                0x000000000000837c       0x3c modules/hal_nordic/nrfx/libmodules__hal_nordic__nrfx.a(nrfx_usbd.c.obj)
                0x000000000000837c                nrfx_usbd_start
 .text.nrfx_usbd_is_enabled
                0x00000000000083b8       0x14 modules/hal_nordic/nrfx/libmodules__hal_nordic__nrfx.a(nrfx_usbd.c.obj)
                0x00000000000083b8                nrfx_usbd_is_enabled
 .text.nrfx_usbd_suspend
                0x00000000000083cc       0x58 modules/hal_nordic/nrfx/libmodules__hal_nordic__nrfx.a(nrfx_usbd.c.obj)
                0x00000000000083cc                nrfx_usbd_suspend
 .text.nrfx_usbd_init
                0x0000000000008424       0x84 modules/hal_nordic/nrfx/libmodules__hal_nordic__nrfx.a(nrfx_usbd.c.obj)
                0x0000000000008424                nrfx_usbd_init
 .text.nrfx_usbd_ep_transfer
                0x00000000000084a8       0xf8 modules/hal_nordic/nrfx/libmodules__hal_nordic__nrfx.a(nrfx_usbd.c.obj)
                0x00000000000084a8                nrfx_usbd_ep_transfer
 .text.nrfx_usbd_epout_size_get
                0x00000000000085a0       0x28 modules/hal_nordic/nrfx/libmodules__hal_nordic__nrfx.a(nrfx_usbd.c.obj)
                0x00000000000085a0                nrfx_usbd_epout_size_get
 .text.usbd_dmareq_process
                0x00000000000085c8      0x1ac modules/hal_nordic/nrfx/libmodules__hal_nordic__nrfx.a(nrfx_usbd.c.obj)
 .text.ev_epdata_handler
                0x0000000000008774       0x44 modules/hal_nordic/nrfx/libmodules__hal_nordic__nrfx.a(nrfx_usbd.c.obj)
 .text.nrf_usbd_epout_dma_handler
                0x00000000000087b8       0x68 modules/hal_nordic/nrfx/libmodules__hal_nordic__nrfx.a(nrfx_usbd.c.obj)
 .text.nrfx_usbd_ep_stall
                0x0000000000008820       0x10 modules/hal_nordic/nrfx/libmodules__hal_nordic__nrfx.a(nrfx_usbd.c.obj)
                0x0000000000008820                nrfx_usbd_ep_stall
 .text.nrfx_usbd_ep_stall_check
                0x0000000000008830       0x34 modules/hal_nordic/nrfx/libmodules__hal_nordic__nrfx.a(nrfx_usbd.c.obj)
                0x0000000000008830                nrfx_usbd_ep_stall_check
 .text.nrfx_usbd_ep_dtoggle_clear
                0x0000000000008864       0x18 modules/hal_nordic/nrfx/libmodules__hal_nordic__nrfx.a(nrfx_usbd.c.obj)
                0x0000000000008864                nrfx_usbd_ep_dtoggle_clear
 .text.nrfx_usbd_setup_get
                0x000000000000887c       0x4c modules/hal_nordic/nrfx/libmodules__hal_nordic__nrfx.a(nrfx_usbd.c.obj)
                0x000000000000887c                nrfx_usbd_setup_get
 .text.nrfx_usbd_setup_data_clear
                0x00000000000088c8       0x10 modules/hal_nordic/nrfx/libmodules__hal_nordic__nrfx.a(nrfx_usbd.c.obj)
                0x00000000000088c8                nrfx_usbd_setup_data_clear
 .text.ev_dma_epout0_handler
                0x00000000000088d8       0x58 modules/hal_nordic/nrfx/libmodules__hal_nordic__nrfx.a(nrfx_usbd.c.obj)
 .text.nrfx_usbd_setup_clear
                0x0000000000008930       0x10 modules/hal_nordic/nrfx/libmodules__hal_nordic__nrfx.a(nrfx_usbd.c.obj)
                0x0000000000008930                nrfx_usbd_setup_clear
 .text.nrfx_usbd_setup_stall
                0x0000000000008940       0x10 modules/hal_nordic/nrfx/libmodules__hal_nordic__nrfx.a(nrfx_usbd.c.obj)
                0x0000000000008940                nrfx_usbd_setup_stall
 .text.nrfx_usbd_last_setup_dir_get
                0x0000000000008950        0xc modules/hal_nordic/nrfx/libmodules__hal_nordic__nrfx.a(nrfx_usbd.c.obj)
                0x0000000000008950                nrfx_usbd_last_setup_dir_get
 .text.nrfx_usbd_transfer_out_drop
                0x000000000000895c       0x54 modules/hal_nordic/nrfx/libmodules__hal_nordic__nrfx.a(nrfx_usbd.c.obj)
                0x000000000000895c                nrfx_usbd_transfer_out_drop
 .text.usbd_ep_abort
                0x00000000000089b0       0xf4 modules/hal_nordic/nrfx/libmodules__hal_nordic__nrfx.a(nrfx_usbd.c.obj)
 .text.ev_setup_handler
                0x0000000000008aa4       0x68 modules/hal_nordic/nrfx/libmodules__hal_nordic__nrfx.a(nrfx_usbd.c.obj)
 .text.nrfx_usbd_irq_handler
                0x0000000000008b0c       0x7c modules/hal_nordic/nrfx/libmodules__hal_nordic__nrfx.a(nrfx_usbd.c.obj)
                0x0000000000008b0c                nrfx_usbd_irq_handler
 .text.nrfx_usbd_stop
                0x0000000000008b88       0x80 modules/hal_nordic/nrfx/libmodules__hal_nordic__nrfx.a(nrfx_usbd.c.obj)
                0x0000000000008b88                nrfx_usbd_stop
 .text.nrfx_usbd_disable
                0x0000000000008c08       0x64 modules/hal_nordic/nrfx/libmodules__hal_nordic__nrfx.a(nrfx_usbd.c.obj)
                0x0000000000008c08                nrfx_usbd_disable
 .text.nrfx_usbd_ep_disable
                0x0000000000008c6c       0x50 modules/hal_nordic/nrfx/libmodules__hal_nordic__nrfx.a(nrfx_usbd.c.obj)
                0x0000000000008c6c                nrfx_usbd_ep_disable
 .text.nrfx_usbd_ep_enable
                0x0000000000008cbc       0xa8 modules/hal_nordic/nrfx/libmodules__hal_nordic__nrfx.a(nrfx_usbd.c.obj)
                0x0000000000008cbc                nrfx_usbd_ep_enable
 .text.nrfx_usbd_ep_stall_clear
                0x0000000000008d64       0x20 modules/hal_nordic/nrfx/libmodules__hal_nordic__nrfx.a(nrfx_usbd.c.obj)
                0x0000000000008d64                nrfx_usbd_ep_stall_clear
 .text.nrfx_usbreg_enable
                0x0000000000008d84       0x10 modules/hal_nordic/nrfx/libmodules__hal_nordic__nrfx.a(nrfx_usbreg.c.obj)
                0x0000000000008d84                nrfx_usbreg_enable
 .text.nrfx_usbreg_disable
                0x0000000000008d94       0x10 modules/hal_nordic/nrfx/libmodules__hal_nordic__nrfx.a(nrfx_usbreg.c.obj)
                0x0000000000008d94                nrfx_usbreg_disable
 .text.nrfx_usbreg_uninit
                0x0000000000008da4       0x20 modules/hal_nordic/nrfx/libmodules__hal_nordic__nrfx.a(nrfx_usbreg.c.obj)
                0x0000000000008da4                nrfx_usbreg_uninit
 .text.nrfx_usbreg_init
                0x0000000000008dc4       0x30 modules/hal_nordic/nrfx/libmodules__hal_nordic__nrfx.a(nrfx_usbreg.c.obj)
                0x0000000000008dc4                nrfx_usbreg_init
 .text.nrfx_usbreg_irq_handler
                0x0000000000008df4       0x50 modules/hal_nordic/nrfx/libmodules__hal_nordic__nrfx.a(nrfx_usbreg.c.obj)
                0x0000000000008df4                nrfx_usbreg_irq_handler
 .text.get_result_len
                0x0000000000008e44       0x2c modules/zcbor/libmodules__zcbor.a(zcbor_encode.c.obj)
 .text.value_encode_len
                0x0000000000008e70       0x7c modules/zcbor/libmodules__zcbor.a(zcbor_encode.c.obj)
 .text.z_sys_init_run_level
                0x0000000000008eec       0x48 zephyr/kernel/libkernel.a(init.c.obj)
 .text.bg_thread_main
                0x0000000000008f34       0x34 zephyr/kernel/libkernel.a(init.c.obj)
 .text.z_bss_zero
                0x0000000000008f68       0x18 zephyr/kernel/libkernel.a(init.c.obj)
                0x0000000000008f68                z_bss_zero
 .text.z_init_cpu
                0x0000000000008f80       0x7c zephyr/kernel/libkernel.a(init.c.obj)
                0x0000000000008f80                z_init_cpu
 .text.z_cstart
                0x0000000000008ffc       0xd4 zephyr/kernel/libkernel.a(init.c.obj)
                0x0000000000008ffc                z_cstart
 .text.init_mem_slab_module
                0x00000000000090d0       0x24 zephyr/kernel/libkernel.a(mem_slab.c.obj)
 .text.k_mem_slab_alloc
                0x00000000000090f4       0x5c zephyr/kernel/libkernel.a(mem_slab.c.obj)
                0x00000000000090f4                k_mem_slab_alloc
 .text.z_setup_new_thread
                0x0000000000009150       0x60 zephyr/kernel/libkernel.a(thread.c.obj)
                0x0000000000009150                z_setup_new_thread
 .text.z_impl_k_thread_create
                0x00000000000091b0       0x58 zephyr/kernel/libkernel.a(thread.c.obj)
                0x00000000000091b0                z_impl_k_thread_create
 .text.z_init_static_threads
                0x0000000000009208       0xb8 zephyr/kernel/libkernel.a(thread.c.obj)
                0x0000000000009208                z_init_static_threads
 .text.z_impl_k_mutex_lock
                0x00000000000092c0       0xf4 zephyr/kernel/libkernel.a(mutex.c.obj)
                0x00000000000092c0                z_impl_k_mutex_lock
 .text.z_impl_k_mutex_unlock
                0x00000000000093b4       0x78 zephyr/kernel/libkernel.a(mutex.c.obj)
                0x00000000000093b4                z_impl_k_mutex_unlock
 .text.z_impl_k_queue_get
                0x000000000000942c       0x68 zephyr/kernel/libkernel.a(queue.c.obj)
                0x000000000000942c                z_impl_k_queue_get
 .text.z_impl_k_sem_give
                0x0000000000009494       0x48 zephyr/kernel/libkernel.a(sem.c.obj)
                0x0000000000009494                z_impl_k_sem_give
 .text.z_impl_k_sem_take
                0x00000000000094dc       0x50 zephyr/kernel/libkernel.a(sem.c.obj)
                0x00000000000094dc                z_impl_k_sem_take
 .text.work_queue_main
                0x000000000000952c      0x130 zephyr/kernel/libkernel.a(work.c.obj)
 .text.submit_to_queue_locked
                0x000000000000965c       0xb0 zephyr/kernel/libkernel.a(work.c.obj)
 .text.k_work_queue_start
                0x000000000000970c       0x70 zephyr/kernel/libkernel.a(work.c.obj)
                0x000000000000970c                k_work_queue_start
 .text.k_work_schedule_for_queue
                0x000000000000977c       0x54 zephyr/kernel/libkernel.a(work.c.obj)
                0x000000000000977c                k_work_schedule_for_queue
 .text.update_cache
                0x00000000000097d0       0x30 zephyr/kernel/libkernel.a(sched.c.obj)
 .text.unready_thread
                0x0000000000009800       0x30 zephyr/kernel/libkernel.a(sched.c.obj)
 .text.pend_locked
                0x0000000000009830       0x30 zephyr/kernel/libkernel.a(sched.c.obj)
 .text.ready_thread
                0x0000000000009860       0x68 zephyr/kernel/libkernel.a(sched.c.obj)
 .text.z_pend_curr
                0x00000000000098c8       0x30 zephyr/kernel/libkernel.a(sched.c.obj)
                0x00000000000098c8                z_pend_curr
 .text.z_set_prio
                0x00000000000098f8       0x8c zephyr/kernel/libkernel.a(sched.c.obj)
                0x00000000000098f8                z_set_prio
 .text.z_reschedule
                0x0000000000009984       0x24 zephyr/kernel/libkernel.a(sched.c.obj)
                0x0000000000009984                z_reschedule
 .text.z_sched_start
                0x00000000000099a8       0x3c zephyr/kernel/libkernel.a(sched.c.obj)
                0x00000000000099a8                z_sched_start
 .text.z_impl_k_thread_suspend
                0x00000000000099e4       0x64 zephyr/kernel/libkernel.a(sched.c.obj)
                0x00000000000099e4                z_impl_k_thread_suspend
 .text.k_sched_lock
                0x0000000000009a48       0x28 zephyr/kernel/libkernel.a(sched.c.obj)
                0x0000000000009a48                k_sched_lock
 .text.k_sched_unlock
                0x0000000000009a70       0x38 zephyr/kernel/libkernel.a(sched.c.obj)
                0x0000000000009a70                k_sched_unlock
 .text.z_sched_init
                0x0000000000009aa8       0x10 zephyr/kernel/libkernel.a(sched.c.obj)
                0x0000000000009aa8                z_sched_init
 .text.z_impl_k_yield
                0x0000000000009ab8       0x7c zephyr/kernel/libkernel.a(sched.c.obj)
                0x0000000000009ab8                z_impl_k_yield
 .text.z_tick_sleep
                0x0000000000009b34       0x80 zephyr/kernel/libkernel.a(sched.c.obj)
 .text.z_impl_k_sleep
                0x0000000000009bb4       0x34 zephyr/kernel/libkernel.a(sched.c.obj)
                0x0000000000009bb4                z_impl_k_sleep
 .text.z_impl_k_usleep
                0x0000000000009be8       0x34 zephyr/kernel/libkernel.a(sched.c.obj)
                0x0000000000009be8                z_impl_k_usleep
 .text.z_impl_z_current_get
                0x0000000000009c1c        0xc zephyr/kernel/libkernel.a(sched.c.obj)
                0x0000000000009c1c                z_impl_z_current_get
 .text.z_thread_abort
                0x0000000000009c28       0xc0 zephyr/kernel/libkernel.a(sched.c.obj)
                0x0000000000009c28                z_thread_abort
 .text.z_sched_wait
                0x0000000000009ce8       0x24 zephyr/kernel/libkernel.a(sched.c.obj)
                0x0000000000009ce8                z_sched_wait
 .text.z_data_copy
                0x0000000000009d0c       0x34 zephyr/kernel/libkernel.a(xip.c.obj)
                0x0000000000009d0c                z_data_copy
 .text.elapsed  0x0000000000009d40       0x14 zephyr/kernel/libkernel.a(timeout.c.obj)
 .text.next_timeout
                0x0000000000009d54       0x40 zephyr/kernel/libkernel.a(timeout.c.obj)
 .text.remove_timeout
                0x0000000000009d94       0x38 zephyr/kernel/libkernel.a(timeout.c.obj)
 .text.z_add_timeout
                0x0000000000009dcc       0xec zephyr/kernel/libkernel.a(timeout.c.obj)
                0x0000000000009dcc                z_add_timeout
 .text.sys_clock_announce
                0x0000000000009eb8       0xd0 zephyr/kernel/libkernel.a(timeout.c.obj)
                0x0000000000009eb8                sys_clock_announce
 .text.sys_clock_tick_get
                0x0000000000009f88       0x34 zephyr/kernel/libkernel.a(timeout.c.obj)
                0x0000000000009f88                sys_clock_tick_get
 .text.z_timer_expiration_handler
                0x0000000000009fbc       0xe4 zephyr/kernel/libkernel.a(timer.c.obj)
                0x0000000000009fbc                z_timer_expiration_handler
 .text.z_impl_k_timer_start
                0x000000000000a0a0       0x60 zephyr/kernel/libkernel.a(timer.c.obj)
                0x000000000000a0a0                z_impl_k_timer_start
 .text.z_thread_aligned_alloc
                0x000000000000a100       0x40 zephyr/kernel/libkernel.a(mempool.c.obj)
                0x000000000000a100                z_thread_aligned_alloc
 .text.statics_init
                0x000000000000a140       0x24 zephyr/kernel/libkernel.a(kheap.c.obj)
 .text.k_sys_work_q_init
                0x000000000000a164       0x34 zephyr/kernel/libkernel.a(system_work_q.c.obj)
 .text.nrf_cc3xx_platform_init_no_rng
                0x000000000000a198       0x38 C:/ncs/v2.5.99-dev1/nrfxlib/crypto/nrf_cc312_platform/lib/cortex-m33/soft-float/no-interrupts/libnrf_cc312_platform_0.9.18.a(nrf_cc3xx_platform.c.obj)
                0x000000000000a198                nrf_cc3xx_platform_init_no_rng
 .text.nrf_cc3xx_platform_abort
                0x000000000000a1d0       0x24 C:/ncs/v2.5.99-dev1/nrfxlib/crypto/nrf_cc312_platform/lib/cortex-m33/soft-float/no-interrupts/libnrf_cc312_platform_0.9.18.a(nrf_cc3xx_platform_abort.c.obj)
 .text.CC_PalAbort
                0x000000000000a1f4       0x44 C:/ncs/v2.5.99-dev1/nrfxlib/crypto/nrf_cc312_platform/lib/cortex-m33/soft-float/no-interrupts/libnrf_cc312_platform_0.9.18.a(nrf_cc3xx_platform_abort.c.obj)
                0x000000000000a1f4                CC_PalAbort
 .text.nrf_cc3xx_platform_set_abort
                0x000000000000a238       0x10 C:/ncs/v2.5.99-dev1/nrfxlib/crypto/nrf_cc312_platform/lib/cortex-m33/soft-float/no-interrupts/libnrf_cc312_platform_0.9.18.a(nrf_cc3xx_platform_abort.c.obj)
                0x000000000000a238                nrf_cc3xx_platform_set_abort
 .text.mutex_free
                0x000000000000a248       0x34 C:/ncs/v2.5.99-dev1/nrfxlib/crypto/nrf_cc312_platform/lib/cortex-m33/soft-float/no-interrupts/libnrf_cc312_platform_0.9.18.a(nrf_cc3xx_platform_mutex.c.obj)
 .text.mutex_lock
                0x000000000000a27c       0x48 C:/ncs/v2.5.99-dev1/nrfxlib/crypto/nrf_cc312_platform/lib/cortex-m33/soft-float/no-interrupts/libnrf_cc312_platform_0.9.18.a(nrf_cc3xx_platform_mutex.c.obj)
 .text.mutex_unlock
                0x000000000000a2c4       0x38 C:/ncs/v2.5.99-dev1/nrfxlib/crypto/nrf_cc312_platform/lib/cortex-m33/soft-float/no-interrupts/libnrf_cc312_platform_0.9.18.a(nrf_cc3xx_platform_mutex.c.obj)
 .text.mutex_init
                0x000000000000a2fc       0x20 C:/ncs/v2.5.99-dev1/nrfxlib/crypto/nrf_cc312_platform/lib/cortex-m33/soft-float/no-interrupts/libnrf_cc312_platform_0.9.18.a(nrf_cc3xx_platform_mutex.c.obj)
 .text.nrf_cc3xx_platform_set_mutexes
                0x000000000000a31c       0x78 C:/ncs/v2.5.99-dev1/nrfxlib/crypto/nrf_cc312_platform/lib/cortex-m33/soft-float/no-interrupts/libnrf_cc312_platform_0.9.18.a(nrf_cc3xx_platform_mutex.c.obj)
                0x000000000000a31c                nrf_cc3xx_platform_set_mutexes
 .text.mbedtls_platform_zeroize
                0x000000000000a394       0x14 C:/ncs/v2.5.99-dev1/nrfxlib/crypto/nrf_cc312_platform/lib/cortex-m33/soft-float/no-interrupts/libnrf_cc312_platform_0.9.18.a(mbedtls_common.c.obj)
                0x000000000000a394                mbedtls_platform_zeroize
 .text.CC_LibInitNoRng
                0x000000000000a3a8       0x28 C:/ncs/v2.5.99-dev1/nrfxlib/crypto/nrf_cc312_platform/lib/cortex-m33/soft-float/no-interrupts/libnrf_cc312_platform_0.9.18.a(cc_lib.c.obj)
                0x000000000000a3a8                CC_LibInitNoRng
 .text.CC_HalInit
                0x000000000000a3d0        0x4 C:/ncs/v2.5.99-dev1/nrfxlib/crypto/nrf_cc312_platform/lib/cortex-m33/soft-float/no-interrupts/libnrf_cc312_platform_0.9.18.a(cc_hal.c.obj)
                0x000000000000a3d0                CC_HalInit
 .text.CC_PalInit
                0x000000000000a3d4       0x5c C:/ncs/v2.5.99-dev1/nrfxlib/crypto/nrf_cc312_platform/lib/cortex-m33/soft-float/no-interrupts/libnrf_cc312_platform_0.9.18.a(cc_pal.c.obj)
                0x000000000000a3d4                CC_PalInit
 .text.CC_PalTerminate
                0x000000000000a430       0x34 C:/ncs/v2.5.99-dev1/nrfxlib/crypto/nrf_cc312_platform/lib/cortex-m33/soft-float/no-interrupts/libnrf_cc312_platform_0.9.18.a(cc_pal.c.obj)
                0x000000000000a430                CC_PalTerminate
 .text.CC_PalDmaInit
                0x000000000000a464        0x4 C:/ncs/v2.5.99-dev1/nrfxlib/crypto/nrf_cc312_platform/lib/cortex-m33/soft-float/no-interrupts/libnrf_cc312_platform_0.9.18.a(cc_pal_dma.c.obj)
                0x000000000000a464                CC_PalDmaInit
 .text.CC_PalDmaTerminate
                0x000000000000a468        0x4 C:/ncs/v2.5.99-dev1/nrfxlib/crypto/nrf_cc312_platform/lib/cortex-m33/soft-float/no-interrupts/libnrf_cc312_platform_0.9.18.a(cc_pal_dma.c.obj)
                0x000000000000a468                CC_PalDmaTerminate
 .text.CC_PalMutexCreate
                0x000000000000a46c       0x14 C:/ncs/v2.5.99-dev1/nrfxlib/crypto/nrf_cc312_platform/lib/cortex-m33/soft-float/no-interrupts/libnrf_cc312_platform_0.9.18.a(cc_pal_mutex.c.obj)
                0x000000000000a46c                CC_PalMutexCreate
 .text.CC_PalMutexDestroy
                0x000000000000a480       0x14 C:/ncs/v2.5.99-dev1/nrfxlib/crypto/nrf_cc312_platform/lib/cortex-m33/soft-float/no-interrupts/libnrf_cc312_platform_0.9.18.a(cc_pal_mutex.c.obj)
                0x000000000000a480                CC_PalMutexDestroy
 .text.CC_PalPowerSaveModeInit
                0x000000000000a494       0x3c C:/ncs/v2.5.99-dev1/nrfxlib/crypto/nrf_cc312_platform/lib/cortex-m33/soft-float/no-interrupts/libnrf_cc312_platform_0.9.18.a(cc_pal_pm.c.obj)
                0x000000000000a494                CC_PalPowerSaveModeInit
 .text.flash_device_base
                0x000000000000a4d0        0xc app/libapp.a(flash_map_extended.c.obj)
                0x000000000000a4d0                flash_device_base
 .text.flash_area_get_device_id
                0x000000000000a4dc        0x4 app/libapp.a(flash_map_extended.c.obj)
                0x000000000000a4dc                flash_area_get_device_id
 .text.flash_area_get_sector
                0x000000000000a4e0       0x32 app/libapp.a(flash_map_extended.c.obj)
                0x000000000000a4e0                flash_area_get_sector
 .text.bootutil_tlv_iter_begin
                0x000000000000a512       0x9c app/libapp.a(tlv.c.obj)
                0x000000000000a512                bootutil_tlv_iter_begin
 .text.bootutil_tlv_iter_next
                0x000000000000a5ae       0x98 app/libapp.a(tlv.c.obj)
                0x000000000000a5ae                bootutil_tlv_iter_next
 .text.boot_trailer_sz
                0x000000000000a646        0xa app/libapp.a(bootutil_misc.c.obj)
                0x000000000000a646                boot_trailer_sz
 .text.boot_status_off
                0x000000000000a650       0x16 app/libapp.a(bootutil_misc.c.obj)
                0x000000000000a650                boot_status_off
 .text.bootutil_max_image_size
                0x000000000000a666        0x4 app/libapp.a(bootutil_misc.c.obj)
                0x000000000000a666                bootutil_max_image_size
 .text.fih_panic_loop
                0x000000000000a66a       0x26 app/libapp.a(fault_injection_hardening.c.obj)
                0x000000000000a66a                fih_panic_loop
 .text.boot_read_image_headers
                0x000000000000a690       0x5e app/libapp.a(loader.c.obj)
 .text.boot_status_reset
                0x000000000000a6ee       0x12 app/libapp.a(loader.c.obj)
                0x000000000000a6ee                boot_status_reset
 .text.boot_status_is_reset
                0x000000000000a700       0x1a app/libapp.a(loader.c.obj)
                0x000000000000a700                boot_status_is_reset
 .text.boot_read_image_header
                0x000000000000a71a       0x38 app/libapp.a(swap_scratch.c.obj)
                0x000000000000a71a                boot_read_image_header
 .text.boot_slots_compatible
                0x000000000000a752       0x88 app/libapp.a(swap_scratch.c.obj)
                0x000000000000a752                boot_slots_compatible
 .text.crc16_itu_t
                0x000000000000a7da       0x28 zephyr/libzephyr.a(crc16_sw.c.obj)
                0x000000000000a7da                crc16_itu_t
 .text.z_thread_entry
                0x000000000000a802       0x14 zephyr/libzephyr.a(thread_entry.c.obj)
                0x000000000000a802                z_thread_entry
 .text.chunk_field
                0x000000000000a816       0x16 zephyr/libzephyr.a(heap.c.obj)
 .text.chunk_set
                0x000000000000a82c       0x16 zephyr/libzephyr.a(heap.c.obj)
 .text.chunk_size
                0x000000000000a842        0xc zephyr/libzephyr.a(heap.c.obj)
 .text.set_chunk_used
                0x000000000000a84e       0x30 zephyr/libzephyr.a(heap.c.obj)
 .text.set_chunk_size
                0x000000000000a87e        0x8 zephyr/libzephyr.a(heap.c.obj)
 .text.mem_to_chunkid
                0x000000000000a886       0x14 zephyr/libzephyr.a(heap.c.obj)
 .text.bucket_idx.isra.0
                0x000000000000a89a       0x1c zephyr/libzephyr.a(heap.c.obj)
 .text.free_list_remove_bidx
                0x000000000000a8b6       0x5c zephyr/libzephyr.a(heap.c.obj)
 .text.free_list_remove
                0x000000000000a912       0x2e zephyr/libzephyr.a(heap.c.obj)
 .text.alloc_chunk
                0x000000000000a940       0x74 zephyr/libzephyr.a(heap.c.obj)
 .text.split_chunks
                0x000000000000a9b4       0x4e zephyr/libzephyr.a(heap.c.obj)
 .text.merge_chunks
                0x000000000000aa02       0x3c zephyr/libzephyr.a(heap.c.obj)
 .text.free_list_add
                0x000000000000aa3e       0x84 zephyr/libzephyr.a(heap.c.obj)
 .text.free_chunk
                0x000000000000aac2       0x84 zephyr/libzephyr.a(heap.c.obj)
 .text.sys_heap_free
                0x000000000000ab46       0x24 zephyr/libzephyr.a(heap.c.obj)
                0x000000000000ab46                sys_heap_free
 .text.sys_heap_alloc
                0x000000000000ab6a       0x6e zephyr/libzephyr.a(heap.c.obj)
                0x000000000000ab6a                sys_heap_alloc
 .text.sys_heap_aligned_alloc
                0x000000000000abd8       0xe8 zephyr/libzephyr.a(heap.c.obj)
                0x000000000000abd8                sys_heap_aligned_alloc
 .text.sys_heap_init
                0x000000000000acc0       0xa4 zephyr/libzephyr.a(heap.c.obj)
                0x000000000000acc0                sys_heap_init
 .text.sys_slist_find_and_remove
                0x000000000000ad64       0x36 zephyr/libzephyr.a(onoff.c.obj)
 .text.process_recheck
                0x000000000000ad9a       0x38 zephyr/libzephyr.a(onoff.c.obj)
 .text.validate_args
                0x000000000000add2       0x20 zephyr/libzephyr.a(onoff.c.obj)
 .text.notify_one
                0x000000000000adf2       0x2c zephyr/libzephyr.a(onoff.c.obj)
 .text.transition_complete
                0x000000000000ae1e       0x1c zephyr/libzephyr.a(onoff.c.obj)
 .text.onoff_manager_init
                0x000000000000ae3a       0x26 zephyr/libzephyr.a(onoff.c.obj)
                0x000000000000ae3a                onoff_manager_init
 .text.onoff_request
                0x000000000000ae60       0xb0 zephyr/libzephyr.a(onoff.c.obj)
                0x000000000000ae60                onoff_request
 .text.onoff_release
                0x000000000000af10       0x4a zephyr/libzephyr.a(onoff.c.obj)
                0x000000000000af10                onoff_release
 .text.onoff_cancel
                0x000000000000af5a       0x38 zephyr/libzephyr.a(onoff.c.obj)
                0x000000000000af5a                onoff_cancel
 .text.sys_notify_validate
                0x000000000000af92       0x22 zephyr/libzephyr.a(notify.c.obj)
                0x000000000000af92                sys_notify_validate
 .text.sys_notify_finalize
                0x000000000000afb4       0x1a zephyr/libzephyr.a(notify.c.obj)
                0x000000000000afb4                sys_notify_finalize
 .text.ring_buf_put_claim
                0x000000000000afce       0x3a zephyr/libzephyr.a(ring_buffer.c.obj)
                0x000000000000afce                ring_buf_put_claim
 .text.ring_buf_put_finish
                0x000000000000b008       0x2a zephyr/libzephyr.a(ring_buffer.c.obj)
                0x000000000000b008                ring_buf_put_finish
 .text.ring_buf_put
                0x000000000000b032       0x3e zephyr/libzephyr.a(ring_buffer.c.obj)
                0x000000000000b032                ring_buf_put
 .text.ring_buf_get_claim
                0x000000000000b070       0x38 zephyr/libzephyr.a(ring_buffer.c.obj)
                0x000000000000b070                ring_buf_get_claim
 .text.ring_buf_get_finish
                0x000000000000b0a8       0x2a zephyr/libzephyr.a(ring_buffer.c.obj)
                0x000000000000b0a8                ring_buf_get_finish
 .text.ring_buf_get
                0x000000000000b0d2       0x40 zephyr/libzephyr.a(ring_buffer.c.obj)
                0x000000000000b0d2                ring_buf_get
 .text.sys_reboot
                0x000000000000b112       0x24 zephyr/libzephyr.a(reboot.c.obj)
                0x000000000000b112                sys_reboot
 .text._ConfigAbsSyms
                0x000000000000b136        0x2 zephyr/libzephyr.a(configs.c.obj)
                0x000000000000b136                _ConfigAbsSyms
 .text.flash_area_close
                0x000000000000b138        0x2 zephyr/libzephyr.a(flash_map.c.obj)
                0x000000000000b138                flash_area_close
 .text.flash_area_read
                0x000000000000b13a       0x2a zephyr/libzephyr.a(flash_map.c.obj)
                0x000000000000b13a                flash_area_read
 .text.flash_area_write
                0x000000000000b164       0x2a zephyr/libzephyr.a(flash_map.c.obj)
                0x000000000000b164                flash_area_write
 .text.flash_area_erase
                0x000000000000b18e       0x28 zephyr/libzephyr.a(flash_map.c.obj)
                0x000000000000b18e                flash_area_erase
 .text.flash_area_align
                0x000000000000b1b6        0xe zephyr/libzephyr.a(flash_map.c.obj)
                0x000000000000b1b6                flash_area_align
 .text.flash_area_erased_val
                0x000000000000b1c4        0xe zephyr/libzephyr.a(flash_map.c.obj)
                0x000000000000b1c4                flash_area_erased_val
 .text.get_sectors_cb
                0x000000000000b1d2       0x44 zephyr/libzephyr.a(flash_map_layout.c.obj)
 .text.get_ep_bm_from_addr
                0x000000000000b216       0x1e zephyr/libzephyr.a(usb_device.c.obj)
 .text.usb_write
                0x000000000000b234       0x30 zephyr/libzephyr.a(usb_device.c.obj)
                0x000000000000b234                usb_write
 .text.usb_get_dev_data_by_cfg
                0x000000000000b264       0x16 zephyr/libzephyr.a(usb_descriptor.c.obj)
                0x000000000000b264                usb_get_dev_data_by_cfg
 .text.usb_get_dev_data_by_iface
                0x000000000000b27a       0x1a zephyr/libzephyr.a(usb_descriptor.c.obj)
                0x000000000000b27a                usb_get_dev_data_by_iface
 .text.usb_get_dev_data_by_ep
                0x000000000000b294       0x2c zephyr/libzephyr.a(usb_descriptor.c.obj)
                0x000000000000b294                usb_get_dev_data_by_ep
 .text.usb_transfer_is_busy
                0x000000000000b2c0       0x16 zephyr/libzephyr.a(usb_transfer.c.obj)
                0x000000000000b2c0                usb_transfer_is_busy
 .text.cdc_interface_config
                0x000000000000b2d6       0x14 zephyr/libzephyr.a(cdc_acm.c.obj)
 .text.cdc_acm_irq_callback_work_handler
                0x000000000000b2ea        0xa zephyr/libzephyr.a(cdc_acm.c.obj)
 .text.cdc_acm_irq_tx_disable
                0x000000000000b2f4        0xa zephyr/libzephyr.a(cdc_acm.c.obj)
 .text.cdc_acm_irq_tx_ready
                0x000000000000b2fe        0xe zephyr/libzephyr.a(cdc_acm.c.obj)
 .text.cdc_acm_irq_rx_disable
                0x000000000000b30c        0xa zephyr/libzephyr.a(cdc_acm.c.obj)
 .text.cdc_acm_irq_rx_ready
                0x000000000000b316        0x8 zephyr/libzephyr.a(cdc_acm.c.obj)
 .text.cdc_acm_irq_is_pending
                0x000000000000b31e       0x1e zephyr/libzephyr.a(cdc_acm.c.obj)
 .text.cdc_acm_irq_update
                0x000000000000b33c        0x4 zephyr/libzephyr.a(cdc_acm.c.obj)
 .text.cdc_acm_irq_callback_set
                0x000000000000b340        0x8 zephyr/libzephyr.a(cdc_acm.c.obj)
 .text.cdc_acm_line_ctrl_get
                0x000000000000b348       0x32 zephyr/libzephyr.a(cdc_acm.c.obj)
 .text.cdc_acm_configure
                0x000000000000b37a        0x4 zephyr/libzephyr.a(cdc_acm.c.obj)
 .text.cdc_acm_config_get
                0x000000000000b37e       0x58 zephyr/libzephyr.a(cdc_acm.c.obj)
 .text.cdc_acm_line_ctrl_set
                0x000000000000b3d6       0xbe zephyr/libzephyr.a(cdc_acm.c.obj)
 .text.cdc_acm_fifo_read
                0x000000000000b494       0x54 zephyr/libzephyr.a(cdc_acm.c.obj)
 .text.cdc_acm_poll_in
                0x000000000000b4e8       0x12 zephyr/libzephyr.a(cdc_acm.c.obj)
 .text.abort_function
                0x000000000000b4fa        0x8 zephyr/libzephyr.a(nrf_cc3xx_platform_abort_zephyr.c.obj)
 .text.console_write
                0x000000000000b502       0x1c zephyr/libzephyr.a(serial_adapter.c.obj)
                0x000000000000b502                console_write
 .text.erase_range
                0x000000000000b51e       0x3e zephyr/libzephyr.a(boot_serial.c.obj)
 .text.zcbor_map_decode_bulk
                0x000000000000b55c       0xa4 zephyr/libzephyr.a(zcbor_bulk.c.obj)
                0x000000000000b55c                zcbor_map_decode_bulk
 .text.z_arm_fatal_error
                0x000000000000b600        0x4 zephyr/arch/arch/arm/core/aarch32/libarch__arm__core__aarch32.a(fatal.c.obj)
                0x000000000000b600                z_arm_fatal_error
 .text.z_do_kernel_oops
                0x000000000000b604        0x8 zephyr/arch/arch/arm/core/aarch32/libarch__arm__core__aarch32.a(fatal.c.obj)
                0x000000000000b604                z_do_kernel_oops
 .text.z_irq_spurious
                0x000000000000b60c        0x8 zephyr/arch/arch/arm/core/aarch32/libarch__arm__core__aarch32.a(irq_manage.c.obj)
                0x000000000000b60c                z_irq_spurious
 .text.z_arm_nmi
                0x000000000000b614        0xe zephyr/arch/arch/arm/core/aarch32/libarch__arm__core__aarch32.a(nmi.c.obj)
                0x000000000000b614                z_arm_nmi
 .text.configure_builtin_stack_guard
                0x000000000000b622        0x8 zephyr/arch/arch/arm/core/aarch32/libarch__arm__core__aarch32.a(thread.c.obj)
                0x000000000000b622                configure_builtin_stack_guard
 .text.strlen   0x000000000000b62a        0xe zephyr/lib/libc/minimal/liblib__libc__minimal.a(string.c.obj)
                0x000000000000b62a                strlen
 .text.memcmp   0x000000000000b638       0x20 zephyr/lib/libc/minimal/liblib__libc__minimal.a(string.c.obj)
                0x000000000000b638                memcmp
 .text.memmove  0x000000000000b658       0x2e zephyr/lib/libc/minimal/liblib__libc__minimal.a(string.c.obj)
                0x000000000000b658                memmove
 .text.memcpy   0x000000000000b686       0x16 zephyr/lib/libc/minimal/liblib__libc__minimal.a(string.c.obj)
                0x000000000000b686                memcpy
 .text.memset   0x000000000000b69c       0x12 zephyr/lib/libc/minimal/liblib__libc__minimal.a(string.c.obj)
                0x000000000000b69c                memset
 .text.sprintf_out
                0x000000000000b6ae       0x1a zephyr/lib/libc/minimal/liblib__libc__minimal.a(sprintf.c.obj)
 .text.setup    0x000000000000b6c8        0x4 zephyr/boards/boards/arm/thingy53_nrf5340_cpuapp/libboards__arm__thingy53_nrf5340.a(board.c.obj)
 .text.ep_ctx_reset
                0x000000000000b6cc       0x26 zephyr/drivers/usb/device/libdrivers__usb__device.a(usb_dc_nrfx.c.obj)
 .text.k_mutex_lock.constprop.0.isra.0
                0x000000000000b6f2        0x4 zephyr/drivers/usb/device/libdrivers__usb__device.a(usb_dc_nrfx.c.obj)
 .text.k_mutex_unlock.isra.0
                0x000000000000b6f6        0x4 zephyr/drivers/usb/device/libdrivers__usb__device.a(usb_dc_nrfx.c.obj)
 .text.attached_evt_delay_handler
                0x000000000000b6fa        0x6 zephyr/drivers/usb/device/libdrivers__usb__device.a(usb_dc_nrfx.c.obj)
 .text.usb_dc_ep_check_cap
                0x000000000000b700       0x30 zephyr/drivers/usb/device/libdrivers__usb__device.a(usb_dc_nrfx.c.obj)
                0x000000000000b700                usb_dc_ep_check_cap
 .text.usb_dc_ep_disable
                0x000000000000b730       0x32 zephyr/drivers/usb/device/libdrivers__usb__device.a(usb_dc_nrfx.c.obj)
                0x000000000000b730                usb_dc_ep_disable
 .text.usb_dc_ep_read
                0x000000000000b762       0x1e zephyr/drivers/usb/device/libdrivers__usb__device.a(usb_dc_nrfx.c.obj)
                0x000000000000b762                usb_dc_ep_read
 .text.get_status
                0x000000000000b780       0x12 zephyr/drivers/clock_control/libdrivers__clock_control.a(clock_control_nrf.c.obj)
 .text.set_on_state
                0x000000000000b792       0x26 zephyr/drivers/clock_control/libdrivers__clock_control.a(clock_control_nrf.c.obj)
 .text.stop     0x000000000000b7b8       0x54 zephyr/drivers/clock_control/libdrivers__clock_control.a(clock_control_nrf.c.obj)
 .text.api_stop
                0x000000000000b80c        0x6 zephyr/drivers/clock_control/libdrivers__clock_control.a(clock_control_nrf.c.obj)
 .text.async_start
                0x000000000000b812       0x5e zephyr/drivers/clock_control/libdrivers__clock_control.a(clock_control_nrf.c.obj)
 .text.api_start
                0x000000000000b870        0xe zephyr/drivers/clock_control/libdrivers__clock_control.a(clock_control_nrf.c.obj)
 .text.onoff_started_callback
                0x000000000000b87e       0x12 zephyr/drivers/clock_control/libdrivers__clock_control.a(clock_control_nrf.c.obj)
 .text.hfclkaudio_start
                0x000000000000b890        0x6 zephyr/drivers/clock_control/libdrivers__clock_control.a(clock_control_nrf.c.obj)
 .text.hfclk192m_start
                0x000000000000b896        0x6 zephyr/drivers/clock_control/libdrivers__clock_control.a(clock_control_nrf.c.obj)
 .text.lfclk_start
                0x000000000000b89c        0x6 zephyr/drivers/clock_control/libdrivers__clock_control.a(clock_control_nrf.c.obj)
 .text.hfclkaudio_stop
                0x000000000000b8a2        0x6 zephyr/drivers/clock_control/libdrivers__clock_control.a(clock_control_nrf.c.obj)
 .text.hfclk192m_stop
                0x000000000000b8a8        0x6 zephyr/drivers/clock_control/libdrivers__clock_control.a(clock_control_nrf.c.obj)
 .text.lfclk_stop
                0x000000000000b8ae        0x6 zephyr/drivers/clock_control/libdrivers__clock_control.a(clock_control_nrf.c.obj)
 .text.blocking_start_callback
                0x000000000000b8b4        0x6 zephyr/drivers/clock_control/libdrivers__clock_control.a(clock_control_nrf.c.obj)
 .text.qspi_handler
                0x000000000000b8ba        0xc zephyr/drivers/flash/libdrivers__flash.a(nrf_qspi_nor.c.obj)
 .text.qspi_lock.isra.0
                0x000000000000b8c6       0x24 zephyr/drivers/flash/libdrivers__flash.a(nrf_qspi_nor.c.obj)
 .text.qspi_trans_lock.isra.0
                0x000000000000b8ea        0xc zephyr/drivers/flash/libdrivers__flash.a(nrf_qspi_nor.c.obj)
 .text.qspi_unlock.isra.0
                0x000000000000b8f6       0x16 zephyr/drivers/flash/libdrivers__flash.a(nrf_qspi_nor.c.obj)
 .text.qspi_send_cmd
                0x000000000000b90c       0x76 zephyr/drivers/flash/libdrivers__flash.a(nrf_qspi_nor.c.obj)
 .text.qspi_nor_write_protection_set
                0x000000000000b982       0x2a zephyr/drivers/flash/libdrivers__flash.a(nrf_qspi_nor.c.obj)
 .text.qspi_rdsr.constprop.0
                0x000000000000b9ac       0x36 zephyr/drivers/flash/libdrivers__flash.a(nrf_qspi_nor.c.obj)
 .text.is_regular_addr_valid
                0x000000000000b9e2       0x22 zephyr/drivers/flash/libdrivers__flash.a(soc_flash_nrf.c.obj)
 .text.flash_nrf_read
                0x000000000000ba04       0x28 zephyr/drivers/flash/libdrivers__flash.a(soc_flash_nrf.c.obj)
 .text.flash_get_page_info
                0x000000000000ba2c       0x62 zephyr/drivers/flash/libdrivers__flash.a(flash_page_layout.c.obj)
 .text.z_impl_flash_get_page_info_by_offs
                0x000000000000ba8e        0x8 zephyr/drivers/flash/libdrivers__flash.a(flash_page_layout.c.obj)
                0x000000000000ba8e                z_impl_flash_get_page_info_by_offs
 .text.flash_page_foreach
                0x000000000000ba96       0x58 zephyr/drivers/flash/libdrivers__flash.a(flash_page_layout.c.obj)
                0x000000000000ba96                flash_page_foreach
 .text.gpio_nrfx_port_get_raw
                0x000000000000baee        0xc zephyr/drivers/gpio/libdrivers__gpio.a(gpio_nrfx.c.obj)
 .text.gpio_nrfx_port_set_masked_raw
                0x000000000000bafa       0x14 zephyr/drivers/gpio/libdrivers__gpio.a(gpio_nrfx.c.obj)
 .text.gpio_nrfx_port_set_bits_raw
                0x000000000000bb0e        0xa zephyr/drivers/gpio/libdrivers__gpio.a(gpio_nrfx.c.obj)
 .text.gpio_nrfx_port_clear_bits_raw
                0x000000000000bb18        0xa zephyr/drivers/gpio/libdrivers__gpio.a(gpio_nrfx.c.obj)
 .text.gpio_nrfx_port_toggle_bits
                0x000000000000bb22       0x14 zephyr/drivers/gpio/libdrivers__gpio.a(gpio_nrfx.c.obj)
 .text.z_impl_hwinfo_get_device_id
                0x000000000000bb36       0x2c zephyr/drivers/hwinfo/libdrivers__hwinfo.a(hwinfo_nrf.c.obj)
                0x000000000000bb36                z_impl_hwinfo_get_device_id
 .text.pinctrl_lookup_state
                0x000000000000bb62       0x26 zephyr/drivers/pinctrl/libdrivers__pinctrl.a(common.c.obj)
                0x000000000000bb62                pinctrl_lookup_state
 .text.regulator_common_data_init
                0x000000000000bb88       0x10 zephyr/drivers/regulator/libdrivers__regulator.a(regulator_common.c.obj)
                0x000000000000bb88                regulator_common_data_init
 .text.regulator_set_voltage
                0x000000000000bb98       0x28 zephyr/drivers/regulator/libdrivers__regulator.a(regulator_common.c.obj)
                0x000000000000bb98                regulator_set_voltage
 .text.regulator_set_mode
                0x000000000000bbc0       0x3c zephyr/drivers/regulator/libdrivers__regulator.a(regulator_common.c.obj)
                0x000000000000bbc0                regulator_set_mode
 .text.regulator_common_init
                0x000000000000bbfc       0xa6 zephyr/drivers/regulator/libdrivers__regulator.a(regulator_common.c.obj)
                0x000000000000bbfc                regulator_common_init
 .text.gpio_pin_configure_dt
                0x000000000000bca2       0x34 zephyr/drivers/regulator/libdrivers__regulator.a(regulator_fixed.c.obj)
 .text.gpio_pin_set