Archive member included to satisfy reference by file (symbol)

platform/libplatform_s.a(hw_init.o)
                              secure_fw/CMakeFiles/tfm_s.dir/__/platform/ext/target/nordic_nrf/common/core/startup.o (hw_init_reset_on_boot)
platform/libplatform_s.a(system_nrf5340_application.o)
                              secure_fw/CMakeFiles/tfm_s.dir/__/platform/ext/target/nordic_nrf/common/core/startup.o (SystemInit)
platform/libplatform_s.a(exception_info.o)
                              secure_fw/CMakeFiles/tfm_s.dir/__/platform/ext/target/nordic_nrf/common/core/startup_nrf5340.o (store_and_dump_context)
platform/libplatform_s.a(tfm_hal_spm_logdev_peripheral.o)
                              platform/libplatform_s.a(exception_info.o) (tfm_hal_output_spm_log)
platform/libplatform_s.a(uart_stdout.o)
                              platform/libplatform_s.a(tfm_hal_spm_logdev_peripheral.o) (stdio_output_string)
platform/libplatform_s.a(Driver_USART.o)
                              platform/libplatform_s.a(uart_stdout.o) (Driver_USART0)
platform/libplatform_s.a(nrfx_uarte.o)
                              platform/libplatform_s.a(Driver_USART.o) (nrfx_uarte_init)
platform/libplatform_s.a(nrfx_glue.o)
                              platform/libplatform_s.a(nrfx_uarte.o) (nrfx_critical_section_enter)
secure_fw/partitions/lib/runtime/libtfm_sprt.a(crt_memmove.o)
                              platform/libplatform_s.a(nrfx_uarte.o) (memmove)
secure_fw/partitions/lib/runtime/libtfm_sprt.a(crt_memcpy.o)
                              platform/libplatform_s.a(exception_info.o) (memcpy)
secure_fw/partitions/lib/runtime/libtfm_sprt.a(crt_memset.o)
                              c:/ncs/toolchains/c57af46cb7/opt/zephyr-sdk/arm-zephyr-eabi/bin/../lib/gcc/arm-zephyr-eabi/12.2.0/../../../../arm-zephyr-eabi/lib/thumb/v8-m.main/nofp/crt0.o (memset)
secure_fw/partitions/lib/runtime/libtfm_sprt.a(psa_api_ipc.o)
                              secure_fw/CMakeFiles/tfm_s.dir/partitions/ns_agent_tz/psa_api_veneers_v80m.o (psa_framework_version)
secure_fw/partitions/lib/runtime/libtfm_sprt.a(sprt_partition_metadata_indicator.o)
                              secure_fw/partitions/lib/runtime/libtfm_sprt.a(psa_api_ipc.o) (p_partition_metadata)
secure_fw/spm/libtfm_spm.a(utilities.o)
                              secure_fw/CMakeFiles/tfm_s.dir/__/platform/ext/target/nordic_nrf/common/core/startup.o (tfm_core_panic)
secure_fw/spm/libtfm_spm.a(main.o)
                              c:/ncs/toolchains/c57af46cb7/opt/zephyr-sdk/arm-zephyr-eabi/bin/../lib/gcc/arm-zephyr-eabi/12.2.0/../../../../arm-zephyr-eabi/lib/thumb/v8-m.main/nofp/crt0.o (main)
secure_fw/spm/libtfm_spm.a(tfm_core_svcalls_ipc.o)
                              secure_fw/spm/libtfm_spm.a(main.o) (tfm_core_handler_mode)
secure_fw/spm/libtfm_spm.a(tfm_arch_v8m_main.o)
                              secure_fw/spm/libtfm_spm.a(main.o) (tfm_arch_set_secure_exception_priorities)
secure_fw/spm/libtfm_spm.a(ns_agent_tz_v80m.o)
                              secure_fw/CMakeFiles/tfm_s.dir/partitions/ns_agent_tz/load_info_ns_agent_tz.o (ns_agent_tz_main)
secure_fw/spm/libtfm_spm.a(tfm_hal_isolation.o)
                              secure_fw/spm/libtfm_spm.a(main.o) (tfm_hal_set_up_static_boundaries)
secure_fw/spm/libtfm_spm.a(faults.o)
                              secure_fw/CMakeFiles/tfm_s.dir/__/platform/ext/target/nordic_nrf/common/core/startup_nrf5340.o (SPU_IRQHandler)
secure_fw/spm/libtfm_spm.a(target_cfg.o)
                              secure_fw/spm/libtfm_spm.a(tfm_hal_isolation.o) (sau_and_idau_cfg)
secure_fw/spm/libtfm_spm.a(tfm_boot_data.o)
                              secure_fw/spm/libtfm_spm.a(main.o) (tfm_core_validate_boot_data)
secure_fw/spm/libtfm_spm.a(tfm_arch.o)
                              secure_fw/spm/libtfm_spm.a(tfm_core_svcalls_ipc.o) (tfm_arch_free_msp_and_exc_ret)
secure_fw/spm/libtfm_spm.a(spm_ipc.o)
                              secure_fw/spm/libtfm_spm.a(tfm_boot_data.o) (tfm_spm_partition_get_running_partition_id)
secure_fw/spm/libtfm_spm.a(spm_cross_call.o)
                              secure_fw/spm/libtfm_spm.a(tfm_arch_v8m_main.o) (cross_call_entering_c)
secure_fw/spm/libtfm_spm.a(rom_loader.o)
                              secure_fw/spm/libtfm_spm.a(spm_ipc.o) (load_a_partition_assuredly)
secure_fw/spm/libtfm_spm.a(psa_api.o)
                              secure_fw/spm/libtfm_spm.a(tfm_core_svcalls_ipc.o) (spm_handle_programmer_errors)
secure_fw/spm/libtfm_spm.a(backend_ipc.o)
                              secure_fw/spm/libtfm_spm.a(spm_ipc.o) (backend_init_comp_assuredly)
secure_fw/spm/libtfm_spm.a(tfm_pools.o)
                              secure_fw/spm/libtfm_spm.a(spm_ipc.o) (tfm_pool_init)
secure_fw/spm/libtfm_spm.a(thread.o)
                              secure_fw/spm/libtfm_spm.a(backend_ipc.o) (thrd_set_query_callback)
secure_fw/spm/libtfm_spm.a(tfm_spm_ns_ctx.o)
[...]
Memory Configuration

Name             Origin             Length             Attributes
FLASH            0x0000000000010200 0x000000000000be00 xr
RAM              0x0000000020002000 0x0000000000008000 xrw
*default*        0x0000000000000000 0xffffffffffffffff

Linker script and memory map

LOAD c:/ncs/toolchains/c57af46cb7/opt/zephyr-sdk/arm-zephyr-eabi/bin/../lib/gcc/arm-zephyr-eabi/12.2.0/thumb/v8-m.main/nofp/crti.o
LOAD c:/ncs/toolchains/c57af46cb7/opt/zephyr-sdk/arm-zephyr-eabi/bin/../lib/gcc/arm-zephyr-eabi/12.2.0/thumb/v8-m.main/nofp/crtbegin.o
LOAD c:/ncs/toolchains/c57af46cb7/opt/zephyr-sdk/arm-zephyr-eabi/bin/../lib/gcc/arm-zephyr-eabi/12.2.0/../../../../arm-zephyr-eabi/lib/thumb/v8-m.main/nofp/crt0.o
LOAD secure_fw/CMakeFiles/tfm_s.dir/partitions/ns_agent_tz/psa_api_veneers_v80m.o
LOAD secure_fw/CMakeFiles/tfm_s.dir/__/platform/ext/target/nordic_nrf/common/core/startup.o
LOAD secure_fw/CMakeFiles/tfm_s.dir/__/platform/ext/target/nordic_nrf/common/core/startup_nrf5340.o
LOAD secure_fw/CMakeFiles/tfm_s.dir/__/platform/ext/common/faults.o
LOAD secure_fw/CMakeFiles/tfm_s.dir/__/generated/secure_fw/partitions/crypto/auto_generated/load_info_tfm_crypto.o
LOAD secure_fw/CMakeFiles/tfm_s.dir/__/generated/secure_fw/partitions/platform/auto_generated/load_info_tfm_platform.o
LOAD secure_fw/CMakeFiles/tfm_s.dir/partitions/ns_agent_tz/load_info_ns_agent_tz.o
LOAD secure_fw/CMakeFiles/tfm_s.dir/__/platform/ext/common/syscalls_stub.o
LOAD platform/libplatform_s.a
LOAD secure_fw/partitions/lib/runtime/libtfm_sprt.a
LOAD secure_fw/spm/libtfm_spm.a
LOAD secure_fw/partitions/crypto/libtfm_psa_rot_partition_crypto.a
LOAD platform/libplatform_crypto_keys.a
LOAD secure_fw/partitions/crypto/mbedcrypto/nrf_security_src/libcrypto_service_mbedcrypto.a
LOAD secure_fw/partitions/platform/libtfm_psa_rot_partition_platform.a
LOAD platform/libplatform_s.a
LOAD secure_fw/partitions/lib/runtime/libtfm_sprt.a
LOAD secure_fw/spm/libtfm_spm.a
LOAD secure_fw/partitions/crypto/libtfm_psa_rot_partition_crypto.a
LOAD platform/libplatform_crypto_keys.a
LOAD secure_fw/partitions/crypto/mbedcrypto/nrf_security_src/libcrypto_service_mbedcrypto.a
LOAD secure_fw/partitions/platform/libtfm_psa_rot_partition_platform.a
LOAD platform/libplatform_s.a
LOAD secure_fw/partitions/lib/runtime/libtfm_sprt.a
LOAD secure_fw/spm/libtfm_spm.a
LOAD secure_fw/partitions/crypto/libtfm_psa_rot_partition_crypto.a
LOAD platform/libplatform_crypto_keys.a
LOAD secure_fw/partitions/crypto/mbedcrypto/nrf_security_src/libcrypto_service_mbedcrypto.a
LOAD secure_fw/partitions/platform/libtfm_psa_rot_partition_platform.a
LOAD C:/ncs/v2.5.99-dev1/nrfxlib/crypto/nrf_cc312_platform/lib/cortex-m33/soft-float/no-interrupts/libnrf_cc312_platform_0.9.18.a
LOAD C:/ncs/v2.5.99-dev1/nrfxlib/crypto/nrf_oberon/lib/cortex-m33/soft-float/liboberon_mbedtls_3.0.13.a
LOAD secure_fw/partitions/crypto/mbedcrypto/nrf_security_src/libmbedcrypto_base.a
LOAD C:/ncs/v2.5.99-dev1/nrfxlib/crypto/nrf_oberon/lib/cortex-m33/soft-float/liboberon_3.0.13.a
START GROUP
LOAD c:/ncs/toolchains/c57af46cb7/opt/zephyr-sdk/arm-zephyr-eabi/bin/../lib/gcc/arm-zephyr-eabi/12.2.0/thumb/v8-m.main/nofp\libgcc.a
LOAD c:/ncs/toolchains/c57af46cb7/opt/zephyr-sdk/arm-zephyr-eabi/bin/../lib/gcc/arm-zephyr-eabi/12.2.0/../../../../arm-zephyr-eabi/lib/thumb/v8-m.main/nofp\libc_nano.a
END GROUP
START GROUP
LOAD c:/ncs/toolchains/c57af46cb7/opt/zephyr-sdk/arm-zephyr-eabi/bin/../lib/gcc/arm-zephyr-eabi/12.2.0/thumb/v8-m.main/nofp\libgcc.a
LOAD c:/ncs/toolchains/c57af46cb7/opt/zephyr-sdk/arm-zephyr-eabi/bin/../lib/gcc/arm-zephyr-eabi/12.2.0/../../../../arm-zephyr-eabi/lib/thumb/v8-m.main/nofp\libc_nano.a
END GROUP
LOAD c:/ncs/toolchains/c57af46cb7/opt/zephyr-sdk/arm-zephyr-eabi/bin/../lib/gcc/arm-zephyr-eabi/12.2.0/thumb/v8-m.main/nofp/crtend.o
LOAD c:/ncs/toolchains/c57af46cb7/opt/zephyr-sdk/arm-zephyr-eabi/bin/../lib/gcc/arm-zephyr-eabi/12.2.0/thumb/v8-m.main/nofp/crtn.o
                0x0000000000000800                __msp_stack_size__ = 0x800
START GROUP
LOAD c:/ncs/toolchains/c57af46cb7/opt/zephyr-sdk/arm-zephyr-eabi/bin/../lib/gcc/arm-zephyr-eabi/12.2.0/thumb/v8-m.main/nofp\libgcc.a
LOAD c:/ncs/toolchains/c57af46cb7/opt/zephyr-sdk/arm-zephyr-eabi/bin/../lib/gcc/arm-zephyr-eabi/12.2.0/../../../../arm-zephyr-eabi/lib/thumb/v8-m.main/nofp\libc.a
LOAD c:/ncs/toolchains/c57af46cb7/opt/zephyr-sdk/arm-zephyr-eabi/bin/../lib/gcc/arm-zephyr-eabi/12.2.0/../../../../arm-zephyr-eabi/lib/thumb/v8-m.main/nofp\libm.a
LOAD c:/ncs/toolchains/c57af46cb7/opt/zephyr-sdk/arm-zephyr-eabi/bin/../lib/gcc/arm-zephyr-eabi/12.2.0/../../../../arm-zephyr-eabi/lib/thumb/v8-m.main/nofp\libnosys.a
LOAD c:/ncs/toolchains/c57af46cb7/opt/zephyr-sdk/arm-zephyr-eabi/bin/../lib/gcc/arm-zephyr-eabi/12.2.0/../../../../arm-zephyr-eabi/lib/thumb/v8-m.main/nofp\libc_nano.a
END GROUP

.TFM_VECTORS    0x0000000000010200      0x154
                0x0000000000010200                __vectors_start__ = .
 *(.vectors)
 .vectors       0x0000000000010200      0x154 secure_fw/CMakeFiles/tfm_s.dir/__/platform/ext/target/nordic_nrf/common/core/startup_nrf5340.o
                0x0000000000010200                __Vectors
                0x0000000000010354                . = ALIGN (0x4)
                0x0000000000010354                __vectors_end__ = .
                0x0000000000000001                ASSERT ((. <= (ADDR (.TFM_VECTORS) + 0x154)), .TFM_VECTORS section size overflow.)
                0x0000000000010354                . = (ADDR (.TFM_VECTORS) + 0x154)

.copy.table     0x0000000000010354       0x24
                0x0000000000010354                __copy_table_start__ = .
                0x0000000000010354        0x4 LONG 0x17c40 LOADADDR (.TFM_DATA)
                0x0000000000010358        0x4 LONG 0x20003e20 ADDR (.TFM_DATA)
                0x000000000001035c        0x4 LONG 0x4a (SIZEOF (.TFM_DATA) / 0x4)
                0x0000000000010360        0x4 LONG 0x13ca0 LOADADDR (.TFM_PSA_ROT_LINKER_DATA)
                0x0000000000010364        0x4 LONG 0x20002c40 ADDR (.TFM_PSA_ROT_LINKER_DATA)
                0x0000000000010368        0x4 LONG 0x0 (SIZEOF (.TFM_PSA_ROT_LINKER_DATA) / 0x4)
                0x000000000001036c        0x4 LONG 0x13ca0 LOADADDR (.TFM_APP_ROT_LINKER_DATA)
                0x0000000000010370        0x4 LONG 0x20002c20 ADDR (.TFM_APP_ROT_LINKER_DATA)
                0x0000000000010374        0x4 LONG 0x0 (SIZEOF (.TFM_APP_ROT_LINKER_DATA) / 0x4)
                0x0000000000010378                __copy_table_end__ = .

.zero.table     0x0000000000010378       0x20
                0x0000000000010378                __zero_table_start__ = .
                0x0000000000010378        0x4 LONG 0x20003f60 ADDR (.TFM_BSS)
                0x000000000001037c        0x4 LONG 0x6c7 (SIZEOF (.TFM_BSS) / 0x4)
                0x0000000000010380        0x4 LONG 0x20002c40 ADDR (.TFM_PSA_ROT_LINKER_BSS)
                0x0000000000010384        0x4 LONG 0x478 (SIZEOF (.TFM_PSA_ROT_LINKER_BSS) / 0x4)
                0x0000000000010388        0x4 LONG 0x20002c20 ADDR (.TFM_APP_ROT_LINKER_BSS)
                0x000000000001038c        0x4 LONG 0x8 (SIZEOF (.TFM_APP_ROT_LINKER_BSS) / 0x4)
                0x0000000000010390        0x4 LONG 0x20002c00 ADDR (.TFM_SP_META_PTR)
                0x0000000000010394        0x4 LONG 0x8 (SIZEOF (.TFM_SP_META_PTR) / 0x4)
                0x0000000000010398                __zero_table_end__ = .

.TFM_SP_LOAD_LIST
                0x0000000000010398       0xc4
 *(.part_load_priority_lowest)
 .part_load_priority_lowest
                0x0000000000010398       0x30 secure_fw/CMakeFiles/tfm_s.dir/partitions/ns_agent_tz/load_info_ns_agent_tz.o
                0x0000000000010398                tfm_sp_ns_agent_tz_load
 *(.part_load_priority_low)
 *(.part_load_priority_normal)
 .part_load_priority_normal
                0x00000000000103c8       0x4c secure_fw/CMakeFiles/tfm_s.dir/__/generated/secure_fw/partitions/crypto/auto_generated/load_info_tfm_crypto.o
                0x00000000000103c8                tfm_sp_crypto_load
 .part_load_priority_normal
                0x0000000000010414       0x48 secure_fw/CMakeFiles/tfm_s.dir/__/generated/secure_fw/partitions/platform/auto_generated/load_info_tfm_platform.o
                0x0000000000010414                tfm_sp_platform_load
 *(.part_load_priority_high)
                0x0000000000010398                Image$$TFM_SP_LOAD_LIST$$RO$$Base = ADDR (.TFM_SP_LOAD_LIST)
                0x000000000001045c                Image$$TFM_SP_LOAD_LIST$$RO$$Limit = (ADDR (.TFM_SP_LOAD_LIST) + SIZEOF (.TFM_SP_LOAD_LIST))
                0x0000000000010460                . = ALIGN (0x20)
                0x0000000000010460                Image$$TFM_PSA_CODE_START$$Base = .

.TFM_PSA_ROT_LINKER
                0x0000000000010460      0x4e0
 *tfm_psa_rot_partition*:*(.text*)
 .text.tfm_crypto_clear_scratch
                0x0000000000010460       0x20 secure_fw/partitions/crypto/libtfm_psa_rot_partition_crypto.a(crypto_init.o)
 .text.tfm_crypto_init
                0x0000000000010480       0x1c secure_fw/partitions/crypto/libtfm_psa_rot_partition_crypto.a(crypto_init.o)
                0x0000000000010480                tfm_crypto_init
 .text.tfm_crypto_api_dispatcher
                0x000000000001049c       0xa4 secure_fw/partitions/crypto/libtfm_psa_rot_partition_crypto.a(crypto_init.o)
                0x000000000001049c                tfm_crypto_api_dispatcher
 .text.tfm_crypto_sfn
                0x0000000000010540      0x170 secure_fw/partitions/crypto/libtfm_psa_rot_partition_crypto.a(crypto_init.o)
                0x0000000000010540                tfm_crypto_sfn
 .text.tfm_crypto_init_alloc
                0x00000000000106b0       0x14 secure_fw/partitions/crypto/libtfm_psa_rot_partition_crypto.a(crypto_alloc.o)
                0x00000000000106b0                tfm_crypto_init_alloc
 .text.tfm_crypto_cipher_interface
                0x00000000000106c4        0x6 secure_fw/partitions/crypto/libtfm_psa_rot_partition_crypto.a(crypto_cipher.o)
                0x00000000000106c4                tfm_crypto_cipher_interface
 .text.tfm_crypto_hash_interface
                0x00000000000106ca        0x6 secure_fw/partitions/crypto/libtfm_psa_rot_partition_crypto.a(crypto_hash.o)
                0x00000000000106ca                tfm_crypto_hash_interface
 .text.tfm_crypto_mac_interface
                0x00000000000106d0        0x6 secure_fw/partitions/crypto/libtfm_psa_rot_partition_crypto.a(crypto_mac.o)
                0x00000000000106d0                tfm_crypto_mac_interface
 .text.tfm_crypto_aead_interface
                0x00000000000106d6        0x6 secure_fw/partitions/crypto/libtfm_psa_rot_partition_crypto.a(crypto_aead.o)
                0x00000000000106d6                tfm_crypto_aead_interface
 .text.tfm_crypto_asymmetric_sign_interface
                0x00000000000106dc        0x6 secure_fw/partitions/crypto/libtfm_psa_rot_partition_crypto.a(crypto_asymmetric.o)
                0x00000000000106dc                tfm_crypto_asymmetric_sign_interface
 .text.tfm_crypto_asymmetric_encrypt_interface
                0x00000000000106e2        0x6 secure_fw/partitions/crypto/libtfm_psa_rot_partition_crypto.a(crypto_asymmetric.o)
                0x00000000000106e2                tfm_crypto_asymmetric_encrypt_interface
 .text.tfm_crypto_key_derivation_interface
                0x00000000000106e8        0x6 secure_fw/partitions/crypto/libtfm_psa_rot_partition_crypto.a(crypto_key_derivation.o)
                0x00000000000106e8                tfm_crypto_key_derivation_interface
 .text.tfm_crypto_key_management_interface
                0x00000000000106ee        0x6 secure_fw/partitions/crypto/libtfm_psa_rot_partition_crypto.a(crypto_key_management.o)
                0x00000000000106ee                tfm_crypto_key_management_interface
 .text.tfm_crypto_random_interface
                0x00000000000106f4        0x8 secure_fw/partitions/crypto/libtfm_psa_rot_partition_crypto.a(crypto_rng.o)
                0x00000000000106f4                tfm_crypto_random_interface
 .text.tfm_crypto_library_key_id_init
                0x00000000000106fc        0x6 secure_fw/partitions/crypto/libtfm_psa_rot_partition_crypto.a(crypto_library.o)
                0x00000000000106fc                tfm_crypto_library_key_id_init
 *fill*         0x0000000000010702        0x2 
 .text.tfm_crypto_library_get_info
                0x0000000000010704       0x1c secure_fw/partitions/crypto/libtfm_psa_rot_partition_crypto.a(crypto_library.o)
                0x0000000000010704                tfm_crypto_library_get_info
 .text.tfm_crypto_core_library_init
                0x0000000000010720       0x14 secure_fw/partitions/crypto/libtfm_psa_rot_partition_crypto.a(crypto_library.o)
                0x0000000000010720                tfm_crypto_core_library_init
 .text.tfm_platform_service_sfn
                0x0000000000010734      0x114 secure_fw/partitions/platform/libtfm_psa_rot_partition_platform.a(platform_sp.o)
                0x0000000000010734                tfm_platform_service_sfn
 .text.platform_sp_init
                0x0000000000010848        0x4 secure_fw/partitions/platform/libtfm_psa_rot_partition_platform.a(platform_sp.o)
                0x0000000000010848                platform_sp_init
 .text.tfm_builtin_key_loader_init
                0x000000000001084c       0xe0 secure_fw/partitions/crypto/libtfm_psa_rot_partition_crypto.a(tfm_builtin_key_loader.o)
                0x000000000001084c                tfm_builtin_key_loader_init
 *tfm_psa_rot_partition*:*(.rodata*)
 .rodata.tfm_crypto_library_get_info.str1.1
                0x000000000001092c        0xf secure_fw/partitions/crypto/libtfm_psa_rot_partition_crypto.a(crypto_library.o)
 *(TFM_*_PSA-ROT_ATTR_FN)
                0x0000000000010940                . = ALIGN (0x20)
 *fill*         0x000000000001093b        0x5 
                0x0000000000010460                Image$$TFM_PSA_ROT_LINKER$$RO$$Base = ADDR (.TFM_PSA_ROT_LINKER)
                0x0000000000010940                Image$$TFM_PSA_ROT_LINKER$$RO$$Limit = (ADDR (.TFM_PSA_ROT_LINKER) + SIZEOF (.TFM_PSA_ROT_LINKER))
                0x0000000000010460                Image$$TFM_PSA_ROT_LINKER$$Base = ADDR (.TFM_PSA_ROT_LINKER)
                0x0000000000010940                Image$$TFM_PSA_ROT_LINKER$$Limit = (ADDR (.TFM_PSA_ROT_LINKER) + SIZEOF (.TFM_PSA_ROT_LINKER))
                0x0000000000010940                Image$$TFM_PSA_CODE_END$$Base = .
                0x0000000000010940                Image$$TFM_APP_CODE_START$$Base = .

.TFM_APP_ROT_LINKER
                0x0000000000010940        0x0
 *tfm_app_rot_partition*:*(.text*)
 *tfm_app_rot_partition*:*(.rodata*)
 *(TFM_*_APP-ROT_ATTR_FN)
                0x0000000000010940                . = ALIGN (0x20)
                0x0000000000010940                Image$$TFM_APP_ROT_LINKER$$RO$$Base = ADDR (.TFM_APP_ROT_LINKER)
                0x0000000000010940                Image$$TFM_APP_ROT_LINKER$$RO$$Limit = (ADDR (.TFM_APP_ROT_LINKER) + SIZEOF (.TFM_APP_ROT_LINKER))
                0x0000000000010940                Image$$TFM_APP_ROT_LINKER$$Base = ADDR (.TFM_APP_ROT_LINKER)
                0x0000000000010940                Image$$TFM_APP_ROT_LINKER$$Limit = (ADDR (.TFM_APP_ROT_LINKER) + SIZEOF (.TFM_APP_ROT_LINKER))
                0x0000000000010940                Image$$TFM_APP_CODE_END$$Base = .

.ARM.extab
 *(.ARM.extab* .gnu.linkonce.armextab.*)
                0x0000000000010940                __exidx_start = .

.ARM.exidx      0x0000000000010940        0x8
 *(.ARM.exidx* .gnu.linkonce.armexidx.*)
 .ARM.exidx     0x0000000000010940        0x8 c:/ncs/toolchains/c57af46cb7/opt/zephyr-sdk/arm-zephyr-eabi/bin/../lib/gcc/arm-zephyr-eabi/12.2.0/../../../../arm-zephyr-eabi/lib/thumb/v8-m.main/nofp/crt0.o
                                         0x10 (size before relaxing)
                0x0000000000010948                __exidx_end = .

.ER_TFM_CODE    0x0000000000010950     0x3340
 *startup*(.text*)
 .text.default_irq_handler
                0x0000000000010950        0x4 secure_fw/CMakeFiles/tfm_s.dir/__/platform/ext/target/nordic_nrf/common/core/startup.o
                0x0000000000010950                default_irq_handler
 *fill*         0x0000000000010954        0x4 
 .text.Reset_Handler
                0x0000000000010958       0xd4 secure_fw/CMakeFiles/tfm_s.dir/__/platform/ext/target/nordic_nrf/common/core/startup.o
                0x0000000000010958                Reset_Handler
 .text.default_tfm_IRQHandler
                0x0000000000010a2c       0x16 secure_fw/CMakeFiles/tfm_s.dir/__/platform/ext/target/nordic_nrf/common/core/startup_nrf5340.o
                0x0000000000010a2c                TIMER2_IRQHandler
                0x0000000000010a2c                DebugMon_Handler
                0x0000000000010a2c                SPIM4_IRQHandler
                0x0000000000010a2c                RTC0_IRQHandler
                0x0000000000010a2c                SERIAL1_IRQHandler
                0x0000000000010a2c                SysTick_Handler
                0x0000000000010a2c                PWM1_IRQHandler
                0x0000000000010a2c                SERIAL3_IRQHandler
                0x0000000000010a2c                NMI_Handler
                0x0000000000010a2c                WDT0_IRQHandler
                0x0000000000010a2c                I2S0_IRQHandler
                0x0000000000010a2c                default_tfm_IRQHandler
                0x0000000000010a2c                IPC_IRQHandler
                0x0000000000010a2c                SERIAL2_IRQHandler
                0x0000000000010a2c                PWM3_IRQHandler
                0x0000000000010a2c                QDEC1_IRQHandler
                0x0000000000010a2c                FPU_IRQHandler
                0x0000000000010a2c                USBD_IRQHandler
                0x0000000000010a2c                EGU3_IRQHandler
                0x0000000000010a2c                KMU_IRQHandler
                0x0000000000010a2c                CRYPTOCELL_IRQHandler
                0x0000000000010a2c                EGU2_IRQHandler
                0x0000000000010a2c                TIMER0_IRQHandler
                0x0000000000010a2c                CACHE_IRQHandler
                0x0000000000010a2c                EGU4_IRQHandler
                0x0000000000010a2c                EGU0_IRQHandler
                0x0000000000010a2c                GPIOTE1_IRQHandler
                0x0000000000010a2c                TIMER1_IRQHandler
                0x0000000000010a2c                PWM2_IRQHandler
                0x0000000000010a2c                EGU1_IRQHandler
                0x0000000000010a2c                EGU5_IRQHandler
                0x0000000000010a2c                SAADC_IRQHandler
                0x0000000000010a2c                GPIOTE0_IRQHandler
                0x0000000000010a2c                QDEC0_IRQHandler
                0x0000000000010a2c                PWM0_IRQHandler
                0x0000000000010a2c                RTC1_IRQHandler
                0x0000000000010a2c                SERIAL0_IRQHandler
                0x0000000000010a2c                USBREGULATOR_IRQHandler
                0x0000000000010a2c                NFCT_IRQHandler
                0x0000000000010a2c                WDT1_IRQHandler
                0x0000000000010a2c                QSPI_IRQHandler
                0x0000000000010a2c                COMP_LPCOMP_IRQHandler
                0x0000000000010a2c                CLOCK_POWER_IRQHandler
                0x0000000000010a2c                PDM0_IRQHandler
 *libplatform_s*:*(.text*)
 *fill*         0x0000000000010a42        0x2 
 .text.hw_init_reset_on_boot
                0x0000000000010a44       0xd0 platform/libplatform_s.a(hw_init.o)
                0x0000000000010a44                hw_init_reset_on_boot
 .text.nrf53_errata_42
                0x0000000000010b14       0x24 platform/libplatform_s.a(system_nrf5340_application.o)
 .text.SystemInit
                0x0000000000010b38      0x1d0 platform/libplatform_s.a(system_nrf5340_application.o)
                0x0000000000010b38                SystemInit
 .text.store_and_dump_context
                0x0000000000010d08       0xe8 platform/libplatform_s.a(exception_info.o)
                0x0000000000010d08                store_and_dump_context
 .text.tfm_hal_output_spm_log
                0x0000000000010df0        0x4 platform/libplatform_s.a(tfm_hal_spm_logdev_peripheral.o)
                0x0000000000010df0                tfm_hal_output_spm_log
 .text.stdio_output_string
                0x0000000000010df4       0x28 platform/libplatform_s.a(uart_stdout.o)
                0x0000000000010df4                stdio_output_string
 .text.stdio_init
                0x0000000000010e1c       0x2c platform/libplatform_s.a(uart_stdout.o)
                0x0000000000010e1c                stdio_init
 .text.ARM_USART_GetVersion
                0x0000000000010e48       0x20 platform/libplatform_s.a(Driver_USART.o)
 .text.ARM_USART_GetCapabilities
                0x0000000000010e68        0x4 platform/libplatform_s.a(Driver_USART.o)
 .text.ARM_USART_Transfer
                0x0000000000010e6c        0x6 platform/libplatform_s.a(Driver_USART.o)
 .text.ARM_USART_GetStatus
                0x0000000000010e72        0xc platform/libplatform_s.a(Driver_USART.o)
 .text.ARM_USART_SetModemControl
                0x0000000000010e7e        0x6 platform/libplatform_s.a(Driver_USART.o)
 .text.ARM_USART_GetModemStatus
                0x0000000000010e84        0xc platform/libplatform_s.a(Driver_USART.o)
 .text.ARM_USART0_PowerControl
                0x0000000000010e90        0xc platform/libplatform_s.a(Driver_USART.o)
 .text.ARM_USART0_GetTxCount
                0x0000000000010e9c        0xc platform/libplatform_s.a(Driver_USART.o)
 .text.ARM_USART0_GetRxCount
                0x0000000000010ea8        0xc platform/libplatform_s.a(Driver_USART.o)
 .text.ARM_USART0_Uninitialize
                0x0000000000010eb4       0x18 platform/libplatform_s.a(Driver_USART.o)
 .text.ARM_USART0_Receive
                0x0000000000010ecc       0x3c platform/libplatform_s.a(Driver_USART.o)
 .text.ARM_USARTx_Send.constprop.0
                0x0000000000010f08       0x78 platform/libplatform_s.a(Driver_USART.o)
 .text.ARM_USART0_Send
                0x0000000000010f80        0x4 platform/libplatform_s.a(Driver_USART.o)
 .text.ARM_USART0_Control
                0x0000000000010f84      0x190 platform/libplatform_s.a(Driver_USART.o)
 .text.uart_config_set_uart_pins
                0x0000000000011114       0x3c platform/libplatform_s.a(Driver_USART.o)
                0x0000000000011114                uart_config_set_uart_pins
 .text.ARM_USART0_Initialize
                0x0000000000011150       0x70 platform/libplatform_s.a(Driver_USART.o)
 .text.nrf_gpio_pin_port_decode
                0x00000000000111c0       0x24 platform/libplatform_s.a(nrfx_uarte.o)
 .text.is_tx_ready
                0x00000000000111e4       0x1a platform/libplatform_s.a(nrfx_uarte.o)
 .text.user_handler
                0x00000000000111fe       0x22 platform/libplatform_s.a(nrfx_uarte.o)
 .text.user_handler_on_rx_done
                0x0000000000011220       0x28 platform/libplatform_s.a(nrfx_uarte.o)
 .text.disable_hw_from_rx
                0x0000000000011248       0x24 platform/libplatform_s.a(nrfx_uarte.o)
 .text.on_rx_disabled
                0x000000000001126c       0x5c platform/libplatform_s.a(nrfx_uarte.o)
 .text.nrfx_coredep_delay_us.part.0
                0x00000000000112c8       0x20 platform/libplatform_s.a(nrfx_uarte.o)
 .text.rx_flush.part.0
                0x00000000000112e8       0x66 platform/libplatform_s.a(nrfx_uarte.o)
 *fill*         0x000000000001134e        0x2 
 .text.nrf_gpio_cfg_input.constprop.0
                0x0000000000011350       0x28 platform/libplatform_s.a(nrfx_uarte.o)
 .text.disable_hw_from_tx
                0x0000000000011378       0x16 platform/libplatform_s.a(nrfx_uarte.o)
 *fill*         0x000000000001138e        0x2 
 .text.nrf_gpio_cfg_output
                0x0000000000011390       0x2c platform/libplatform_s.a(nrfx_uarte.o)
 .text.nrf_gpio_cfg_default
                0x00000000000113bc       0x2c platform/libplatform_s.a(nrfx_uarte.o)
 .text.tx_prepare_start.isra.0
                0x00000000000113e8       0x7e platform/libplatform_s.a(nrfx_uarte.o)
 *fill*         0x0000000000011466        0x2 
 .text.uarte_configure
                0x0000000000011468      0x190 platform/libplatform_s.a(nrfx_uarte.o)
 .text.nrfx_uarte_init
                0x00000000000115f8      0x154 platform/libplatform_s.a(nrfx_uarte.o)
                0x00000000000115f8                nrfx_uarte_init
 .text.nrfx_uarte_tx
                0x000000000001174c      0x228 platform/libplatform_s.a(nrfx_uarte.o)
                0x000000000001174c                nrfx_uarte_tx
 .text.nrfx_uarte_tx_abort
                0x0000000000011974       0xac platform/libplatform_s.a(nrfx_uarte.o)
                0x0000000000011974                nrfx_uarte_tx_abort
 .text.nrfx_uarte_rx_enable
                0x0000000000011a20      0x10c platform/libplatform_s.a(nrfx_uarte.o)
                0x0000000000011a20                nrfx_uarte_rx_enable
 .text.nrfx_uarte_rx_buffer_set
                0x0000000000011b2c      0x130 platform/libplatform_s.a(nrfx_uarte.o)
                0x0000000000011b2c                nrfx_uarte_rx_buffer_set
 .text.nrfx_uarte_rx_abort
                0x0000000000011c5c       0xc8 platform/libplatform_s.a(nrfx_uarte.o)
                0x0000000000011c5c                nrfx_uarte_rx_abort
 .text.nrfx_uarte_uninit
                0x0000000000011d24       0xcc platform/libplatform_s.a(nrfx_uarte.o)
                0x0000000000011d24                nrfx_uarte_uninit
 .text.nrfx_uarte_rx_ready
                0x0000000000011df0       0x3c platform/libplatform_s.a(nrfx_uarte.o)
                0x0000000000011df0                nrfx_uarte_rx_ready
 .text.nrfx_uarte_rx
                0x0000000000011e2c       0x74 platform/libplatform_s.a(nrfx_uarte.o)
                0x0000000000011e2c                nrfx_uarte_rx
 .text.nrfx_critical_section_enter
                0x0000000000011ea0       0x10 platform/libplatform_s.a(nrfx_glue.o)
                0x0000000000011ea0                nrfx_critical_section_enter
 .text.nrfx_critical_section_exit
                0x0000000000011eb0       0x14 platform/libplatform_s.a(nrfx_glue.o)
                0x0000000000011eb0                nrfx_critical_section_exit
 .text.mpu_armv8m_enable
                0x0000000000011ec4       0x34 platform/libplatform_s.a(mpu_armv8m_drv.o)
                0x0000000000011ec4                mpu_armv8m_enable
 .text.mpu_armv8m_region_enable
                0x0000000000011ef8       0x6a platform/libplatform_s.a(mpu_armv8m_drv.o)
                0x0000000000011ef8                mpu_armv8m_region_enable
 .text.mpu_armv8m_region_disable
                0x0000000000011f62       0x14 platform/libplatform_s.a(mpu_armv8m_drv.o)
                0x0000000000011f62                mpu_armv8m_region_disable
 .text.mpu_armv8m_clean
                0x0000000000011f76       0x22 platform/libplatform_s.a(mpu_armv8m_drv.o)
                0x0000000000011f76                mpu_armv8m_clean
 .text.spu_enable_interrupts
                0x0000000000011f98       0x10 platform/libplatform_s.a(spu.o)
                0x0000000000011f98                spu_enable_interrupts
 .text.spu_clear_events
                0x0000000000011fa8       0x24 platform/libplatform_s.a(spu.o)
                0x0000000000011fa8                spu_clear_events
 .text.spu_regions_reset_unlocked_secure
                0x0000000000011fcc       0x48 platform/libplatform_s.a(spu.o)
                0x0000000000011fcc                spu_regions_reset_unlocked_secure
 .text.spu_regions_flash_config
                0x0000000000012014       0x2c platform/libplatform_s.a(spu.o)
                0x0000000000012014                spu_regions_flash_config
 .text.spu_regions_sram_config
                0x0000000000012040       0x34 platform/libplatform_s.a(spu.o)
                0x0000000000012040                spu_regions_sram_config
 .text.spu_regions_flash_config_non_secure_callable
                0x0000000000012074       0x30 platform/libplatform_s.a(spu.o)
                0x0000000000012074                spu_regions_flash_config_non_secure_callable
 .text.spu_regions_flash_get_base_address_in_region
                0x00000000000120a4        0x4 platform/libplatform_s.a(spu.o)
                0x00000000000120a4                spu_regions_flash_get_base_address_in_region
 .text.spu_regions_flash_get_last_address_in_region
                0x00000000000120a8        0xa platform/libplatform_s.a(spu.o)
                0x00000000000120a8                spu_regions_flash_get_last_address_in_region
 .text.spu_regions_flash_get_start_id
                0x00000000000120b2        0x4 platform/libplatform_s.a(spu.o)
                0x00000000000120b2                spu_regions_flash_get_start_id
 .text.spu_regions_flash_get_last_id
                0x00000000000120b6        0x4 platform/libplatform_s.a(spu.o)
                0x00000000000120b6                spu_regions_flash_get_last_id
 .text.spu_regions_flash_get_region_size
                0x00000000000120ba        0x6 platform/libplatform_s.a(spu.o)
                0x00000000000120ba                spu_regions_flash_get_region_size
 .text.spu_regions_sram_get_base_address_in_region
                0x00000000000120c0        0xa platform/libplatform_s.a(spu.o)
                0x00000000000120c0                spu_regions_sram_get_base_address_in_region
 *fill*         0x00000000000120ca        0x2 
 .text.spu_regions_sram_get_last_address_in_region
                0x00000000000120cc        0xc platform/libplatform_s.a(spu.o)
                0x00000000000120cc                spu_regions_sram_get_last_address_in_region
 .text.spu_regions_sram_get_start_id
                0x00000000000120d8        0x4 platform/libplatform_s.a(spu.o)
                0x00000000000120d8                spu_regions_sram_get_start_id
 .text.spu_regions_sram_get_last_id
                0x00000000000120dc        0x4 platform/libplatform_s.a(spu.o)
                0x00000000000120dc                spu_regions_sram_get_last_id
 .text.spu_regions_sram_get_region_size
                0x00000000000120e0        0x6 platform/libplatform_s.a(spu.o)
                0x00000000000120e0                spu_regions_sram_get_region_size
 *fill*         0x00000000000120e6        0x2 
 .text.spu_peripheral_config_secure
                0x00000000000120e8       0x1c platform/libplatform_s.a(spu.o)
                0x00000000000120e8                spu_peripheral_config_secure
 .text.spu_peripheral_config_non_secure
                0x0000000000012104       0x18 platform/libplatform_s.a(spu.o)
                0x0000000000012104                spu_peripheral_config_non_secure
 .text.tfm_hal_platform_init
                0x000000000001211c       0x30 platform/libplatform_s.a(tfm_hal_platform.o)
                0x000000000001211c                tfm_hal_platform_init
 .text.tfm_plat_otp_init
                0x000000000001214c        0x4 platform/libplatform_s.a(dummy_otp.o)
                0x000000000001214c                tfm_plat_otp_init
 .text.tfm_plat_provisioning_is_required
                0x0000000000012150        0x4 platform/libplatform_s.a(dummy_provisioning.o)
                0x0000000000012150                tfm_plat_provisioning_is_required
 .text.tfm_plat_provisioning_perform
                0x0000000000012154        0x4 platform/libplatform_s.a(dummy_provisioning.o)
                0x0000000000012154                tfm_plat_provisioning_perform
 .text.tfm_plat_provisioning_check_for_dummy_keys
                0x0000000000012158        0x2 platform/libplatform_s.a(dummy_provisioning.o)
                0x0000000000012158                tfm_plat_provisioning_check_for_dummy_keys
 *fill*         0x000000000001215a        0x2 
 .text.tfm_platform_hal_system_reset
                0x000000000001215c       0x24 platform/libplatform_s.a(tfm_platform_system.o)
                0x000000000001215c                tfm_platform_hal_system_reset
 .text.tfm_platform_hal_ioctl
                0x0000000000012180       0x18 platform/libplatform_s.a(tfm_platform_system.o)
                0x0000000000012180                tfm_platform_hal_ioctl
 .text.tfm_hal_system_reset
                0x0000000000012198       0x24 platform/libplatform_s.a(tfm_hal_reset_halt.o)
                0x0000000000012198                tfm_hal_system_reset
 .text.tfm_platform_hal_read_service
                0x00000000000121bc       0x60 platform/libplatform_s.a(tfm_platform_hal_ioctl.o)
                0x00000000000121bc                tfm_platform_hal_read_service
 .text.tfm_platform_hal_gpio_service
                0x000000000001221c       0x88 platform/libplatform_s.a(tfm_platform_hal_ioctl.o)
                0x000000000001221c                tfm_platform_hal_gpio_service
 *libtfm_spm*:*(.text*)
 .text.tfm_core_panic
                0x00000000000122a4        0x4 secure_fw/spm/libtfm_spm.a(utilities.o)
                0x00000000000122a4                tfm_core_panic
 .text.startup.main
                0x00000000000122a8       0x68 secure_fw/spm/libtfm_spm.a(main.o)
                0x00000000000122a8                main
 .text.tfm_core_svc_handler
                0x0000000000012310       0x7c secure_fw/spm/libtfm_spm.a(tfm_core_svcalls_ipc.o)
                0x0000000000012310                tfm_core_svc_handler
 .text.tfm_core_handler_mode
                0x000000000001238c        0x4 secure_fw/spm/libtfm_spm.a(tfm_core_svcalls_ipc.o)
                0x000000000001238c                tfm_core_handler_mode
 .text.arch_non_preempt_call
                0x0000000000012390       0x64 secure_fw/spm/libtfm_spm.a(tfm_arch_v8m_main.o)
                0x0000000000012390                arch_non_preempt_call
 .text.PendSV_Handler
                0x00000000000123f4       0x52 secure_fw/spm/libtfm_spm.a(tfm_arch_v8m_main.o)
                0x00000000000123f4                PendSV_Handler
 *fill*         0x0000000000012446        0x2 
 .text.SVC_Handler
                0x0000000000012448       0x68 secure_fw/spm/libtfm_spm.a(tfm_arch_v8m_main.o)
                0x0000000000012448                SVC_Handler
 .text.tfm_arch_set_secure_exception_priorities
                0x00000000000124b0       0x28 secure_fw/spm/libtfm_spm.a(tfm_arch_v8m_main.o)
                0x00000000000124b0                tfm_arch_set_secure_exception_priorities
 .text.tfm_arch_config_extensions
                0x00000000000124d8        0x2 secure_fw/spm/libtfm_spm.a(tfm_arch_v8m_main.o)
                0x00000000000124d8                tfm_arch_config_extensions
 *fill*         0x00000000000124da        0x2 
 .text.ns_agent_tz_main
                0x00000000000124dc       0x30 secure_fw/spm/libtfm_spm.a(ns_agent_tz_v80m.o)
                0x00000000000124dc                ns_agent_tz_main
 .text.tfm_hal_bind_boundary
                0x000000000001250c       0x64 secure_fw/spm/libtfm_spm.a(tfm_hal_isolation.o)
                0x000000000001250c                tfm_hal_bind_boundary
 .text.tfm_hal_activate_boundary
                0x0000000000012570       0x1c secure_fw/spm/libtfm_spm.a(tfm_hal_isolation.o)
                0x0000000000012570                tfm_hal_activate_boundary
 .text.tfm_hal_memory_check
                0x000000000001258c      0x126 secure_fw/spm/libtfm_spm.a(tfm_hal_isolation.o)
                0x000000000001258c                tfm_hal_memory_check
 *fill*         0x00000000000126b2        0x2 
 .text.mpu_init_cfg
                0x00000000000126b4      0x11c secure_fw/spm/libtfm_spm.a(tfm_hal_isolation.o)
                0x00000000000126b4                mpu_init_cfg
 .text.tfm_hal_set_up_static_boundaries
                0x00000000000127d0       0x2a secure_fw/spm/libtfm_spm.a(tfm_hal_isolation.o)
                0x00000000000127d0                tfm_hal_set_up_static_boundaries
 .text.tfm_hal_boundary_need_switch
                0x00000000000127fa       0x1a secure_fw/spm/libtfm_spm.a(tfm_hal_isolation.o)
                0x00000000000127fa                tfm_hal_boundary_need_switch
 .text.SPU_Handler
                0x0000000000012814       0x38 secure_fw/spm/libtfm_spm.a(faults.o)
                0x0000000000012814                SPU_Handler
 .text.SPU_IRQHandler
                0x000000000001284c       0x16 secure_fw/spm/libtfm_spm.a(faults.o)
                0x000000000001284c                SPU_IRQHandler
 *fill*         0x0000000000012862        0x2 
 .text.nrf_gpio_pin_control_select.constprop.0
                0x0000000000012864       0x1c secure_fw/spm/libtfm_spm.a(target_cfg.o)
 .text.enable_fault_handlers
                0x0000000000012880       0x14 secure_fw/spm/libtfm_spm.a(target_cfg.o)
                0x0000000000012880                enable_fault_handlers
 .text.system_reset_cfg
                0x0000000000012894       0x18 secure_fw/spm/libtfm_spm.a(target_cfg.o)
                0x0000000000012894                system_reset_cfg
 .text.init_debug
                0x00000000000128ac       0x28 secure_fw/spm/libtfm_spm.a(target_cfg.o)
                0x00000000000128ac                init_debug
 .text.nvic_interrupt_target_state_cfg
                0x00000000000128d4       0x40 secure_fw/spm/libtfm_spm.a(target_cfg.o)
                0x00000000000128d4                nvic_interrupt_target_state_cfg
 .text.nvic_interrupt_enable
                0x0000000000012914       0x18 secure_fw/spm/libtfm_spm.a(target_cfg.o)
                0x0000000000012914                nvic_interrupt_enable
 .text.sau_and_idau_cfg
                0x000000000001292c       0x20 secure_fw/spm/libtfm_spm.a(target_cfg.o)
                0x000000000001292c                sau_and_idau_cfg
 .text.spu_init_cfg
                0x000000000001294c       0x58 secure_fw/spm/libtfm_spm.a(target_cfg.o)
                0x000000000001294c                spu_init_cfg
 .text.spu_periph_init_cfg
                0x00000000000129a4      0x230 secure_fw/spm/libtfm_spm.a(target_cfg.o)
                0x00000000000129a4                spu_periph_init_cfg
 .text.spu_periph_configure_to_secure
                0x0000000000012bd4        0x6 secure_fw/spm/libtfm_spm.a(target_cfg.o)
                0x0000000000012bd4                spu_periph_configure_to_secure
 *fill*         0x0000000000012bda        0x2 
 .text.tfm_core_validate_boot_data
                0x0000000000012bdc        0xc secure_fw/spm/libtfm_spm.a(tfm_boot_data.o)
                0x0000000000012bdc                tfm_core_validate_boot_data
 .text.tfm_core_get_boot_data_handler
                0x0000000000012be8       0x34 secure_fw/spm/libtfm_spm.a(tfm_boot_data.o)
                0x0000000000012be8                tfm_core_get_boot_data_handler
 .text.tfm_arch_free_msp_and_exc_ret
                0x0000000000012c1c        0x8 secure_fw/spm/libtfm_spm.a(tfm_arch.o)
                0x0000000000012c1c                tfm_arch_free_msp_and_exc_ret
 .text.tfm_arch_set_context_ret_code
                0x0000000000012c24       0x14 secure_fw/spm/libtfm_spm.a(tfm_arch.o)
                0x0000000000012c24                tfm_arch_set_context_ret_code
 .text.tfm_arch_trigger_pendsv
                0x0000000000012c38       0x18 secure_fw/spm/libtfm_spm.a(tfm_arch.o)
                0x0000000000012c38                tfm_arch_trigger_pendsv
 .text.tfm_arch_init_context
                0x0000000000012c50       0x54 secure_fw/spm/libtfm_spm.a(tfm_arch.o)
                0x0000000000012c50                tfm_arch_init_context
 .text.tfm_arch_refresh_hardware_context
                0x0000000000012ca4       0x12 secure_fw/spm/libtfm_spm.a(tfm_arch.o)
                0x0000000000012ca4                tfm_arch_refresh_hardware_context
 *fill*         0x0000000000012cb6        0x2 
 .text.connection_to_handle
                0x0000000000012cb8       0x20 secure_fw/spm/libtfm_spm.a(spm_ipc.o)
                0x0000000000012cb8                connection_to_handle
 .text.handle_to_connection
                0x0000000000012cd8       0x10 secure_fw/spm/libtfm_spm.a(spm_ipc.o)
                0x0000000000012cd8                handle_to_connection
 .text.spm_allocate_connection
                0x0000000000012ce8       0x20 secure_fw/spm/libtfm_spm.a(spm_ipc.o)
                0x0000000000012ce8                spm_allocate_connection
 .text.spm_validate_connection
                0x0000000000012d08       0x1c secure_fw/spm/libtfm_spm.a(spm_ipc.o)
                0x0000000000012d08                spm_validate_connection
 .text.spm_free_connection
                0x0000000000012d24       0x1c secure_fw/spm/libtfm_spm.a(spm_ipc.o)
                0x0000000000012d24                spm_free_connection
 .text.spm_get_handle_by_signal
                0x0000000000012d40       0x46 secure_fw/spm/libtfm_spm.a(spm_ipc.o)
                0x0000000000012d40                spm_get_handle_by_signal
 *fill*         0x0000000000012d86        0x2 
 .text.tfm_spm_get_service_by_sid
                0x0000000000012d88       0x2c secure_fw/spm/libtfm_spm.a(spm_ipc.o)
                0x0000000000012d88                tfm_spm_get_service_by_sid
 .text.tfm_spm_check_client_version
                0x0000000000012db4       0x24 secure_fw/spm/libtfm_spm.a(spm_ipc.o)
                0x0000000000012db4                tfm_spm_check_client_version
 .text.tfm_spm_check_authorization
                0x0000000000012dd8       0x48 secure_fw/spm/libtfm_spm.a(spm_ipc.o)
                0x0000000000012dd8                tfm_spm_check_authorization
 .text.spm_fill_message
                0x0000000000012e20       0x30 secure_fw/spm/libtfm_spm.a(spm_ipc.o)
                0x0000000000012e20                spm_fill_message
 .text.tfm_spm_partition_get_running_partition_id
                0x0000000000012e50       0x20 secure_fw/spm/libtfm_spm.a(spm_ipc.o)
                0x0000000000012e50                tfm_spm_partition_get_running_partition_id
 .text.spm_msg_handle_to_connection
                0x0000000000012e70       0x28 secure_fw/spm/libtfm_spm.a(spm_ipc.o)
                0x0000000000012e70                spm_msg_handle_to_connection
 .text.tfm_spm_is_ns_caller
                0x0000000000012e98       0x20 secure_fw/spm/libtfm_spm.a(spm_ipc.o)
                0x0000000000012e98                tfm_spm_is_ns_caller
 .text.tfm_spm_get_client_id
                0x0000000000012eb8       0x20 secure_fw/spm/libtfm_spm.a(spm_ipc.o)
                0x0000000000012eb8                tfm_spm_get_client_id
 .text.tfm_spm_init
                0x0000000000012ed8       0x74 secure_fw/spm/libtfm_spm.a(spm_ipc.o)
                0x0000000000012ed8                tfm_spm_init
 .text.update_caller_outvec_len
                0x0000000000012f4c       0x24 secure_fw/spm/libtfm_spm.a(spm_ipc.o)
                0x0000000000012f4c                update_caller_outvec_len
 .text.cross_call_entering_c
                0x0000000000012f70       0x2c secure_fw/spm/libtfm_spm.a(spm_cross_call.o)
                0x0000000000012f70                cross_call_entering_c
 .text.cross_call_exiting_c
                0x0000000000012f9c       0x30 secure_fw/spm/libtfm_spm.a(spm_cross_call.o)
                0x0000000000012f9c                cross_call_exiting_c
 .text.spm_interface_cross_dispatcher
                0x0000000000012fcc       0x3c secure_fw/spm/libtfm_spm.a(spm_cross_call.o)
                0x0000000000012fcc                spm_interface_cross_dispatcher
 .text.load_a_partition_assuredly
                0x0000000000013008       0xd0 secure_fw/spm/libtfm_spm.a(rom_loader.o)
                0x0000000000013008                load_a_partition_assuredly
 .text.load_services_assuredly
                0x00000000000130d8       0xc4 secure_fw/spm/libtfm_spm.a(rom_loader.o)
                0x00000000000130d8                load_services_assuredly
 .text.load_irqs_assuredly
                0x000000000001319c        0x2 secure_fw/spm/libtfm_spm.a(rom_loader.o)
                0x000000000001319c                load_irqs_assuredly
 .text.spm_handle_programmer_errors
                0x000000000001319e       0x18 secure_fw/spm/libtfm_spm.a(psa_api.o)
                0x000000000001319e                spm_handle_programmer_errors
 .text.tfm_spm_get_lifecycle_state
                0x00000000000131b6        0x4 secure_fw/spm/libtfm_spm.a(psa_api.o)
                0x00000000000131b6                tfm_spm_get_lifecycle_state
 *fill*         0x00000000000131ba        0x2 
 .text.tfm_spm_partition_psa_wait
                0x00000000000131bc       0x38 secure_fw/spm/libtfm_spm.a(psa_api.o)
                0x00000000000131bc                tfm_spm_partition_psa_wait
 .text.tfm_spm_partition_psa_get
                0x00000000000131f4       0x64 secure_fw/spm/libtfm_spm.a(psa_api.o)
                0x00000000000131f4                tfm_spm_partition_psa_get
 .text.tfm_spm_partition_psa_reply
                0x0000000000013258       0x9a secure_fw/spm/libtfm_spm.a(psa_api.o)
                0x0000000000013258                tfm_spm_partition_psa_reply
 .text.tfm_spm_partition_psa_panic
                0x00000000000132f2        0x4 secure_fw/spm/libtfm_spm.a(psa_api.o)
                0x00000000000132f2                tfm_spm_partition_psa_panic
 .text.query_state
                0x00000000000132f6       0x40 secure_fw/spm/libtfm_spm.a(backend_ipc.o)
 *fill*         0x0000000000013336        0x2 
 .text.backend_init_comp_assuredly
                0x0000000000013338       0xe0 secure_fw/spm/libtfm_spm.a(backend_ipc.o)
                0x0000000000013338                backend_init_comp_assuredly
 .text.backend_system_run
                0x0000000000013418       0x44 secure_fw/spm/libtfm_spm.a(backend_ipc.o)
                0x0000000000013418                backend_system_run
 .text.backend_wait_signals
                0x000000000001345c       0x20 secure_fw/spm/libtfm_spm.a(backend_ipc.o)
                0x000000000001345c                backend_wait_signals
 .text.backend_assert_signal
                0x000000000001347c       0x20 secure_fw/spm/libtfm_spm.a(backend_ipc.o)
                0x000000000001347c                backend_assert_signal
 .text.backend_messaging
                0x000000000001349c       0x32 secure_fw/spm/libtfm_spm.a(backend_ipc.o)
                0x000000000001349c                backend_messaging
 .text.backend_replying
                0x00000000000134ce       0x10 secure_fw/spm/libtfm_spm.a(backend_ipc.o)
                0x00000000000134ce                backend_replying
 *fill*         0x00000000000134de        0x2 
 .text.ipc_schedule
                0x00000000000134e0       0x80 secure_fw/spm/libtfm_spm.a(backend_ipc.o)
                0x00000000000134e0                ipc_schedule
 .text.tfm_pool_init
                0x0000000000013560       0x5c secure_fw/spm/libtfm_spm.a(tfm_pools.o)
                0x0000000000013560                tfm_pool_init
 .text.tfm_pool_alloc
                0x00000000000135bc       0x16 secure_fw/spm/libtfm_spm.a(tfm_pools.o)
                0x00000000000135bc                tfm_pool_alloc
 .text.tfm_pool_free
                0x00000000000135d2        0xc secure_fw/spm/libtfm_spm.a(tfm_pools.o)
                0x00000000000135d2                tfm_pool_free
 .text.is_valid_chunk_data_in_pool
                0x00000000000135de       0x28 secure_fw/spm/libtfm_spm.a(tfm_pools.o)
                0x00000000000135de                is_valid_chunk_data_in_pool
 *fill*         0x0000000000013606        0x2 
 .text.thrd_set_query_callback
                0x0000000000013608        0xc secure_fw/spm/libtfm_spm.a(thread.o)
                0x0000000000013608                thrd_set_query_callback
 .text.thrd_next
                0x0000000000013614       0x40 secure_fw/spm/libtfm_spm.a(thread.o)
                0x0000000000013614                thrd_next
 .text.thrd_set_state
                0x0000000000013654       0x28 secure_fw/spm/libtfm_spm.a(thread.o)
                0x0000000000013654                thrd_set_state
 .text.thrd_start
                0x000000000001367c       0x44 secure_fw/spm/libtfm_spm.a(thread.o)
                0x000000000001367c                thrd_start
 .text.thrd_start_scheduler
                0x00000000000136c0       0x1c secure_fw/spm/libtfm_spm.a(thread.o)
                0x00000000000136c0                thrd_start_scheduler
 .text.tfm_nspm_get_current_client_id
                0x00000000000136dc        0x6 secure_fw/spm/libtfm_spm.a(tfm_spm_ns_ctx.o)
                0x00000000000136dc                tfm_nspm_get_current_client_id
 *fill*         0x00000000000136e2        0x2 
 .text.tfm_nspm_ctx_init
                0x00000000000136e4       0x18 secure_fw/spm/libtfm_spm.a(tfm_spm_ns_ctx.o)
                0x00000000000136e4                tfm_nspm_ctx_init
 .text.tfm_hal_platform_common_init
                0x00000000000136fc       0x36 secure_fw/spm/libtfm_spm.a(tfm_hal_platform_common.o)
                0x00000000000136fc                tfm_hal_platform_common_init
 *fill*         0x0000000000013732        0x2 
 .text.tfm_hal_get_ns_VTOR
                0x0000000000013734        0xc secure_fw/spm/libtfm_spm.a(tfm_hal_platform_common.o)
                0x0000000000013734                tfm_hal_get_ns_VTOR
 .text.tfm_hal_get_ns_MSP
                0x0000000000013740        0xc secure_fw/spm/libtfm_spm.a(tfm_hal_platform_common.o)
                0x0000000000013740                tfm_hal_get_ns_MSP
 .text.tfm_hal_get_ns_entry_point
                0x000000000001374c        0xc secure_fw/spm/libtfm_spm.a(tfm_hal_platform_common.o)
                0x000000000001374c                tfm_hal_get_ns_entry_point
 .text.tfm_spm_client_psa_call
                0x0000000000013758      0x200 secure_fw/spm/libtfm_spm.a(psa_call_api.o)
                0x0000000000013758                tfm_spm_client_psa_call
 .text.tfm_spm_client_psa_framework_version
                0x0000000000013958        0x6 secure_fw/spm/libtfm_spm.a(psa_version_api.o)
                0x0000000000013958                tfm_spm_client_psa_framework_version
 .text.tfm_spm_client_psa_version
                0x000000000001395e       0x2c secure_fw/spm/libtfm_spm.a(psa_version_api.o)
                0x000000000001395e                tfm_spm_client_psa_version
 *fill*         0x000000000001398a        0x2 
 .text.tfm_spm_partition_psa_read
                0x000000000001398c       0x7c secure_fw/spm/libtfm_spm.a(psa_read_write_skip_api.o)
                0x000000000001398c                tfm_spm_partition_psa_read
 .text.tfm_spm_partition_psa_skip
                0x0000000000013a08       0x46 secure_fw/spm/libtfm_spm.a(psa_read_write_skip_api.o)
                0x0000000000013a08                tfm_spm_partition_psa_skip
 *fill*         0x0000000000013a4e        0x2 
 .text.tfm_spm_partition_psa_write
                0x0000000000013a50       0x78 secure_fw/spm/libtfm_spm.a(psa_read_write_skip_api.o)
                0x0000000000013a50                tfm_spm_partition_psa_write
 *libplatform_s*:*(.rodata*)
 .rodata.CSWTCH.17
                0x0000000000013ac8        0x4 platform/libplatform_s.a(system_nrf5340_application.o)
 .rodata.CSWTCH.5
                0x0000000000013acc        0x4 platform/libplatform_s.a(system_nrf5340_application.o)
 .rodata.CSWTCH.3
                0x0000000000013ad0        0x4 platform/libplatform_s.a(system_nrf5340_application.o)
 .rodata.store_and_dump_context.str1.1
                0x0000000000013ad4       0x71 platform/libplatform_s.a(exception_info.o)
 *fill*         0x0000000000013b45        0x3 
 .rodata.Driver_USART0
                0x0000000000013b48       0x38 platform/libplatform_s.a(Driver_USART.o)
                0x0000000000013b48                Driver_USART0
 .rodata.UART0_pins
                0x0000000000013b80       0x10 platform/libplatform_s.a(Driver_USART.o)
 .rodata.DriverVersion
                0x0000000000013b90        0x4 platform/libplatform_s.a(Driver_USART.o)
 *fill*         0x0000000000013b94        0xc 
 .rodata.delay_machine_code.0
                0x0000000000013ba0        0x6 platform/libplatform_s.a(nrfx_uarte.o)
 *fill*         0x0000000000013ba6        0x2 
 .rodata.ranges
                0x0000000000013ba8       0x28 platform/libplatform_s.a(tfm_platform_hal_ioctl.o)
 *libtfm_spm*:*(.rodata*)
 .rodata.main.str1.1
                0x0000000000013bd0       0x56 secure_fw/spm/libtfm_spm.a(main.o)
 .rodata.tfm_core_svc_handler.str1.1
                0x0000000000013c26       0x20 secure_fw/spm/libtfm_spm.a(tfm_core_svcalls_ipc.o)
 .rodata.SPU_Handler.str1.1
                0x0000000000013c46       0x20 secure_fw/spm/libtfm_spm.a(faults.o)
 *fill*         0x0000000000013c66        0x2 
 .rodata.memory_regions
                0x0000000000013c68       0x1c secure_fw/spm/libtfm_spm.a(target_cfg.o)
                0x0000000000013c68                memory_regions
 .rodata.serv_pool_ea
                0x0000000000013c84        0x4 secure_fw/spm/libtfm_spm.a(rom_loader.o)
 .rodata.part_pool_ea
                0x0000000000013c88        0x4 secure_fw/spm/libtfm_spm.a(rom_loader.o)
 .rodata.ldinf_ea
                0x0000000000013c8c        0x4 secure_fw/spm/libtfm_spm.a(rom_loader.o)

.tfm_secure_data_start
                0x0000000020002000        0x0
                0x0000000020002000                . = ABSOLUTE (0x20002000)

.tfm_bl2_shared_data
                0x0000000020002000      0x400
                0x0000000020002400                . = (. + 0x400)
 *fill*         0x0000000020002000      0x400 

.msp_stack      0x0000000020002400      0x7f8
                0x0000000020002bf8                . = (. + (__msp_stack_size__ - 0x8))
 *fill*         0x0000000020002400      0x7f8 
                0x0000000020002400                Image$$ARM_LIB_STACK$$ZI$$Base = ADDR (.msp_stack)
                0x0000000020002bf8                Image$$ARM_LIB_STACK$$ZI$$Limit = (ADDR (.msp_stack) + SIZEOF (.msp_stack))

.msp_stack_seal_res
                0x0000000020002bf8        0x8
                0x0000000020002c00                . = (. + 0x8)
 *fill*         0x0000000020002bf8        0x8 
                0x0000000020002bf8                __StackSeal = ADDR (.msp_stack_seal_res)

.TFM_SP_META_PTR
                0x0000000020002c00       0x20
 *(.bss.SP_META_PTR_SPRTL_INST)
 .bss.SP_META_PTR_SPRTL_INST
                0x0000000020002c00        0x4 secure_fw/partitions/lib/runtime/libtfm_sprt.a(sprt_partition_metadata_indicator.o)
                0x0000000020002c00                p_partition_metadata
                0x0000000020002c20                . = ALIGN (0x20)
 *fill*         0x0000000020002c04       0x1c 
                0x0000000020002c00                Image$$TFM_SP_META_PTR$$ZI$$Base = ADDR (.TFM_SP_META_PTR)
                0x0000000020002c20                Image$$TFM_SP_META_PTR$$ZI$$Limit = (ADDR (.TFM_SP_META_PTR) + SIZEOF (.TFM_SP_META_PTR))
                0x0000000020002c20                . = ALIGN (0x20)
                0x0000000020002c20                Image$$TFM_APP_RW_STACK_START$$Base = .

.TFM_APP_ROT_LINKER_DATA
                0x0000000020002c20        0x0 load address 0x0000000000013ca0
 *tfm_app_rot_partition*:*(.data*)
 *(TFM_*_APP-ROT_ATTR_RW)
                0x0000000020002c20                . = ALIGN (0x4)
                0x0000000020002c20                Image$$TFM_APP_ROT_LINKER_DATA$$RW$$Base = ADDR (.TFM_APP_ROT_LINKER_DATA)
                0x0000000020002c20                Image$$TFM_APP_ROT_LINKER_DATA$$RW$$Limit = (ADDR (.TFM_APP_ROT_LINKER_DATA) + SIZEOF (.TFM_APP_ROT_LINKER_DATA))

.TFM_APP_ROT_LINKER_BSS
                0x0000000020002c20       0x20
                0x0000000020002c20                start_of_TFM_APP_ROT_LINKER = .
 *tfm_app_rot_partition*:*(.bss*)
 *tfm_app_rot_partition*:*(COMMON)
 *(TFM_*_APP-ROT_ATTR_ZI)
                0x0000000020002c24                . = (. + (. - start_of_TFM_APP_ROT_LINKER)?0x0:0x4)
 *fill*         0x0000000020002c20        0x4 
                0x0000000020002c40                . = ALIGN (0x20)
 *fill*         0x0000000020002c24       0x1c 
                0x0000000020002c20                Image$$TFM_APP_ROT_LINKER_DATA$$ZI$$Base = ADDR (.TFM_APP_ROT_LINKER_BSS)
                0x0000000020002c40                Image$$TFM_APP_ROT_LINKER_DATA$$ZI$$Limit = (ADDR (.TFM_APP_ROT_LINKER_BSS) + SIZEOF (.TFM_APP_ROT_LINKER_BSS))
                0x0000000020002c40                Image$$TFM_APP_RW_STACK_END$$Base = .
                0x0000000020002c40                Image$$TFM_PSA_RW_STACK_START$$Base = .

.TFM_PSA_ROT_LINKER_DATA
                0x0000000020002c40        0x0 load address 0x0000000000013ca0
 *tfm_psa_rot_partition*:*(.data*)
 *(TFM_*_PSA-ROT_ATTR_RW)
                0x0000000020002c40                . = ALIGN (0x4)
                0x0000000020002c40                Image$$TFM_PSA_ROT_LINKER_DATA$$RW$$Base = ADDR (.TFM_PSA_ROT_LINKER_DATA)
                0x0000000020002c40                Image$$TFM_PSA_ROT_LINKER_DATA$$RW$$Limit = (ADDR (.TFM_PSA_ROT_LINKER_DATA) + SIZEOF (.TFM_PSA_ROT_LINKER_DATA))

.TFM_PSA_ROT_LINKER_BSS
                0x0000000020002c40     0x11e0
                0x0000000020002c40                start_of_TFM_PSA_ROT_LINKER = .
 *tfm_psa_rot_partition*:*(.bss*)
 .bss.scratch   0x0000000020002c40      0x408 secure_fw/partitions/crypto/libtfm_psa_rot_partition_crypto.a(crypto_init.o)
 .bss.operations
                0x0000000020003048       0x28 secure_fw/partitions/crypto/libtfm_psa_rot_partition_crypto.a(crypto_alloc.o)
 .bss.mbedtls_mem_buf
                0x0000000020003070        0x1 secure_fw/partitions/crypto/libtfm_psa_rot_partition_crypto.a(crypto_library.o)
 .bss.mbedtls_version_full
                0x0000000020003071       0x12 secure_fw/partitions/crypto/libtfm_psa_rot_partition_crypto.a(crypto_library.o)
 *fill*         0x0000000020003083        0x5 
 .bss.tfm_sp_crypto_stack
                0x0000000020003088      0x800 secure_fw/partitions/crypto/libtfm_psa_rot_partition_crypto.a(intermedia_tfm_crypto.o)
                0x0000000020003088                tfm_sp_crypto_stack
 .bss.tfm_sp_platform_stack
                0x0000000020003888      0x500 secure_fw/partitions/platform/libtfm_psa_rot_partition_platform.a(intermedia_tfm_platform.o)
                0x0000000020003888                tfm_sp_platform_stack
 .bss.g_builtin_key_slots
                0x0000000020003d88       0x90 secure_fw/partitions/crypto/libtfm_psa_rot_partition_crypto.a(tfm_builtin_key_loader.o)
 *tfm_psa_rot_partition*:*(COMMON)
 *(TFM_*_PSA-ROT_ATTR_ZI)
                0x0000000020003e18                . = (. + (. - start_of_TFM_PSA_ROT_LINKER)?0x0:0x4)
                0x0000000020003e20                . = ALIGN (0x20)
 *fill*         0x0000000020003e18        0x8 
                0x0000000020002c40                Image$$TFM_PSA_ROT_LINKER_DATA$$ZI$$Base = ADDR (.TFM_PSA_ROT_LINKER_BSS)
                0x0000000020003e20                Image$$TFM_PSA_ROT_LINKER_DATA$$ZI$$Limit = (ADDR (.TFM_PSA_ROT_LINKER_BSS) + SIZEOF (.TFM_PSA_ROT_LINKER_BSS))
                0x0000000020003e20                Image$$TFM_PSA_RW_STACK_END$$Base = .

.TFM_UNPRIV_CODE
                0x0000000000013ca0     0x35c0
 *(SFN)
 SFN            0x0000000000013ca0       0x88 secure_fw/CMakeFiles/tfm_s.dir/partitions/ns_agent_tz/psa_api_veneers_v80m.o
                0x0000000000013ca0                __acle_se_tfm_psa_framework_version_veneer
                0x0000000000013cbe                __acle_se_tfm_psa_version_veneer
                0x0000000000013cdc                __acle_se_tfm_psa_call_veneer
                0x0000000000013cfe                __acle_se_tfm_psa_connect_veneer
                0x0000000000013d10                __acle_se_tfm_psa_close_veneer
 *(.text*)
 .text          0x0000000000013d28       0x88 c:/ncs/toolchains/c57af46cb7/opt/zephyr-sdk/arm-zephyr-eabi/bin/../lib/gcc/arm-zephyr-eabi/12.2.0/thumb/v8-m.main/nofp/crtbegin.o
 .text          0x0000000000013db0       0x7c c:/ncs/toolchains/c57af46cb7/opt/zephyr-sdk/arm-zephyr-eabi/bin/../lib/gcc/arm-zephyr-eabi/12.2.0/../../../../arm-zephyr-eabi/lib/thumb/v8-m.main/nofp/crt0.o
                0x0000000000013db0                _stack_init
                0x0000000000013db8                _start
                0x0000000000013db8                _mainCRTStartup
 .text.clear_caller_context
                0x0000000000013e2c        0x8 secure_fw/CMakeFiles/tfm_s.dir/partitions/ns_agent_tz/psa_api_veneers_v80m.o
 .text.C_HardFault_Handler
                0x0000000000013e34        0x4 secure_fw/CMakeFiles/tfm_s.dir/__/platform/ext/common/faults.o
                0x0000000000013e34                C_HardFault_Handler
 .text.HardFault_Handler
                0x0000000000013e38       0x16 secure_fw/CMakeFiles/tfm_s.dir/__/platform/ext/common/faults.o
                0x0000000000013e38                HardFault_Handler
 .text.C_MemManage_Handler
                0x0000000000013e4e        0x4 secure_fw/CMakeFiles/tfm_s.dir/__/platform/ext/common/faults.o
                0x0000000000013e4e                C_MemManage_Handler
 .text.MemManage_Handler
                0x0000000000013e52       0x16 secure_fw/CMakeFiles/tfm_s.dir/__/platform/ext/common/faults.o
                0x0000000000013e52                MemManage_Handler
 .text.C_BusFault_Handler
                0x0000000000013e68        0x4 secure_fw/CMakeFiles/tfm_s.dir/__/platform/ext/common/faults.o
                0x0000000000013e68                C_BusFault_Handler
 .text.BusFault_Handler
                0x0000000000013e6c       0x16 secure_fw/CMakeFiles/tfm_s.dir/__/platform/ext/common/faults.o
                0x0000000000013e6c                BusFault_Handler
 .text.C_SecureFault_Handler
                0x0000000000013e82        0x4 secure_fw/CMakeFiles/tfm_s.dir/__/platform/ext/common/faults.o
                0x0000000000013e82                C_SecureFault_Handler
 .text.SecureFault_Handler
                0x0000000000013e86       0x16 secure_fw/CMakeFiles/tfm_s.dir/__/platform/ext/common/faults.o
                0x0000000000013e86                SecureFault_Handler
 .text.C_UsageFault_Handler
                0x0000000000013e9c        0x4 secure_fw/CMakeFiles/tfm_s.dir/__/platform/ext/common/faults.o
                0x0000000000013e9c                C_UsageFault_Handler
 .text.UsageFault_Handler
                0x0000000000013ea0       0x16 secure_fw/CMakeFiles/tfm_s.dir/__/platform/ext/common/faults.o
                0x0000000000013ea0                UsageFault_Handler
 .text.memmove  0x0000000000013eb6       0x6c secure_fw/partitions/lib/runtime/libtfm_sprt.a(crt_memmove.o)
                0x0000000000013eb6                memmove
 .text.memcpy   0x0000000000013f22       0x4a secure_fw/partitions/lib/runtime/libtfm_sprt.a(crt_memcpy.o)
                0x0000000000013f22                memcpy
 .text.memset   0x0000000000013f6c       0x3e secure_fw/partitions/lib/runtime/libtfm_sprt.a(crt_memset.o)
                0x0000000000013f6c                memset
 *fill*         0x0000000000013faa        0x2 
 .text.psa_framework_version
                0x0000000000013fac       0x10 secure_fw/partitions/lib/runtime/libtfm_sprt.a(psa_api_ipc.o)
                0x0000000000013fac                psa_framework_version
 .text.psa_version
                0x0000000000013fbc       0x10 secure_fw/partitions/lib/runtime/libtfm_sprt.a(psa_api_ipc.o)
                0x0000000000013fbc                psa_version
 .text.tfm_psa_call_pack
                0x0000000000013fcc       0x14 secure_fw/partitions/lib/runtime/libtfm_sprt.a(psa_api_ipc.o)
                0x0000000000013fcc                tfm_psa_call_pack
 .text.psa_wait
                0x0000000000013fe0       0x10 secure_fw/partitions/lib/runtime/libtfm_sprt.a(psa_api_ipc.o)
                0x0000000000013fe0                psa_wait
 .text.psa_get  0x0000000000013ff0       0x10 secure_fw/partitions/lib/runtime/libtfm_sprt.a(psa_api_ipc.o)
                0x0000000000013ff0                psa_get
 .text.psa_read
                0x0000000000014000       0x14 secure_fw/partitions/lib/runtime/libtfm_sprt.a(psa_api_ipc.o)
                0x0000000000014000                psa_read
 .text.psa_write
                0x0000000000014014       0x14 secure_fw/partitions/lib/runtime/libtfm_sprt.a(psa_api_ipc.o)
                0x0000000000014014                psa_write
 .text.psa_reply
                0x0000000000014028       0x10 secure_fw/partitions/lib/runtime/libtfm_sprt.a(psa_api_ipc.o)
                0x0000000000014028                psa_reply
 .text.psa_panic
                0x0000000000014038       0x10 secure_fw/partitions/lib/runtime/libtfm_sprt.a(psa_api_ipc.o)
                0x0000000000014038                psa_panic
 .text.tfm_plat_builtin_key_get_desc_table_ptr
                0x0000000000014048        0x4 platform/libplatform_crypto_keys.a(crypto_keys.o)
                0x0000000000014048                tfm_plat_builtin_key_get_desc_table_ptr
 .text.verify_header
                0x000000000001404c       0x40 secure_fw/partitions/crypto/mbedcrypto/nrf_security_src/libcrypto_service_mbedcrypto.a(memory_buffer_alloc.o)
 .text.verify_chain
                0x000000000001408c       0x3c secure_fw/partitions/crypto/mbedcrypto/nrf_security_src/libcrypto_service_mbedcrypto.a(memory_buffer_alloc.o)
 .text.buffer_alloc_calloc
                0x00000000000140c8       0xf4 secure_fw/partitions/crypto/mbedcrypto/nrf_security_src/libcrypto_service_mbedcrypto.a(memory_buffer_alloc.o)
 .text.buffer_alloc_free
                0x00000000000141bc       0xe8 secure_fw/partitions/crypto/mbedcrypto/nrf_security_src/libcrypto_service_mbedcrypto.a(memory_buffer_alloc.o)
 .text.mbedtls_memory_buffer_alloc_init
                0x00000000000142a4       0x64 secure_fw/partitions/crypto/mbedcrypto/nrf_security_src/libcrypto_service_mbedcrypto.a(memory_buffer_alloc.o)
                0x00000000000142a4                mbedtls_memory_buffer_alloc_init
 .text.platform_calloc_uninit
                0x0000000000014308        0x4 secure_fw/partitions/crypto/mbedcrypto/nrf_security_src/libcrypto_service_mbedcrypto.a(platform.o)
 .text.platform_free_uninit
                0x000000000001430c        0x2 secure_fw/partitions/crypto/mbedcrypto/nrf_security_src/libcrypto_service_mbedcrypto.a(platform.o)
 *fill*         0x000000000001430e        0x2 
 .text.mbedtls_free
                0x0000000000014310        0xc secure_fw/partitions/crypto/mbedcrypto/nrf_security_src/libcrypto_service_mbedcrypto.a(platform.o)
                0x0000000000014310                mbedtls_free
 .text.mbedtls_platform_set_calloc_free
                0x000000000001431c       0x14 secure_fw/partitions/crypto/mbedcrypto/nrf_security_src/libcrypto_service_mbedcrypto.a(platform.o)
                0x000000000001431c                mbedtls_platform_set_calloc_free
 .text.psa_remove_key_data_from_memory
                0x0000000000014330       0x1c secure_fw/partitions/crypto/mbedcrypto/nrf_security_src/libcrypto_service_mbedcrypto.a(psa_crypto.o)
                0x0000000000014330                psa_remove_key_data_from_memory
 .text.psa_wipe_key_slot
                0x000000000001434c       0x22 secure_fw/partitions/crypto/mbedcrypto/nrf_security_src/libcrypto_service_mbedcrypto.a(psa_crypto.o)
                0x000000000001434c                psa_wipe_key_slot
 *fill*         0x000000000001436e        0x2 
 .text.mbedcrypto__psa_generate_random
                0x0000000000014370       0x1c secure_fw/partitions/crypto/mbedcrypto/nrf_security_src/libcrypto_service_mbedcrypto.a(psa_crypto.o)
                0x0000000000014370                mbedcrypto__psa_generate_random
 .text.mbedtls_psa_crypto_free
                0x000000000001438c       0x24 secure_fw/partitions/crypto/mbedcrypto/nrf_security_src/libcrypto_service_mbedcrypto.a(psa_crypto.o)
                0x000000000001438c                mbedtls_psa_crypto_free
 .text.mbedcrypto__psa_crypto_init
                0x00000000000143b0       0x3c secure_fw/partitions/crypto/mbedcrypto/nrf_security_src/libcrypto_service_mbedcrypto.a(psa_crypto.o)
                0x00000000000143b0                mbedcrypto__psa_crypto_init
 .text.psa_initialize_key_slots
                0x00000000000143ec       0x18 secure_fw/partitions/crypto/mbedcrypto/nrf_security_src/libcrypto_service_mbedcrypto.a(psa_crypto_slot_management.o)
                0x00000000000143ec                psa_initialize_key_slots
 .text.psa_wipe_all_key_slots
                0x0000000000014404       0x2c secure_fw/partitions/crypto/mbedcrypto/nrf_security_src/libcrypto_service_mbedcrypto.a(psa_crypto_slot_management.o)
                0x0000000000014404                psa_wipe_all_key_slots
 .text.psa_driver_wrapper_init
                0x0000000000014430        0x4 secure_fw/partitions/crypto/mbedcrypto/nrf_security_src/libcrypto_service_mbedcrypto.a(psa_crypto_driver_wrappers.o)
                0x0000000000014430                psa_driver_wrapper_init
 .text.psa_driver_wrapper_free
                0x0000000000014434        0x2 secure_fw/partitions/crypto/mbedcrypto/nrf_security_src/libcrypto_service_mbedcrypto.a(psa_crypto_driver_wrappers.o)
                0x0000000000014434                psa_driver_wrapper_free
 .text.psa_driver_wrapper_init_random
                0x0000000000014436        0x4 secure_fw/partitions/crypto/mbedcrypto/nrf_security_src/libcrypto_service_mbedcrypto.a(psa_crypto_driver_wrappers.o)
                0x0000000000014436                psa_driver_wrapper_init_random
 .text.psa_driver_wrapper_get_random
                0x000000000001443a       0x22 secure_fw/partitions/crypto/mbedcrypto/nrf_security_src/libcrypto_service_mbedcrypto.a(psa_crypto_driver_wrappers.o)
                0x000000000001443a                psa_driver_wrapper_get_random
 .text.psa_driver_wrapper_free_random
                0x000000000001445c        0x4 secure_fw/partitions/crypto/mbedcrypto/nrf_security_src/libcrypto_service_mbedcrypto.a(psa_crypto_driver_wrappers.o)
                0x000000000001445c                psa_driver_wrapper_free_random
 .text.common_sfn_thread
                0x0000000000014460       0x88 secure_fw/partitions/lib/runtime/libtfm_sprt.a(sfn_common_thread.o)
                0x0000000000014460                common_sfn_thread
 .text.nrf_cc3xx_platform_init
                0x00000000000144e8       0x44 C:/ncs/v2.5.99-dev1/nrfxlib/crypto/nrf_cc312_platform/lib/cortex-m33/soft-float/no-interrupts/libnrf_cc312_platform_0.9.18.a(nrf_cc3xx_platform.c.obj)
                0x00000000000144e8                nrf_cc3xx_platform_init
 .text.nrf_cc3xx_platform_ctr_drbg_init
                0x000000000001452c       0x60 C:/ncs/v2.5.99-dev1/nrfxlib/crypto/nrf_cc312_platform/lib/cortex-m33/soft-float/no-interrupts/libnrf_cc312_platform_0.9.18.a(nrf_cc3xx_platform_ctr_drbg.c.obj)
                0x000000000001452c                nrf_cc3xx_platform_ctr_drbg_init
 .text.nrf_cc3xx_platform_ctr_drbg_get
                0x000000000001458c       0x44 C:/ncs/v2.5.99-dev1/nrfxlib/crypto/nrf_cc312_platform/lib/cortex-m33/soft-float/no-interrupts/libnrf_cc312_platform_0.9.18.a(nrf_cc3xx_platform_ctr_drbg.c.obj)
                0x000000000001458c                nrf_cc3xx_platform_ctr_drbg_get
 .text.mbedtls_zeroize_internal
                0x00000000000145d0       0x14 C:/ncs/v2.5.99-dev1/nrfxlib/crypto/nrf_cc312_platform/lib/cortex-m33/soft-float/no-interrupts/libnrf_cc312_platform_0.9.18.a(mbedtls_common.c.obj)
                0x00000000000145d0                mbedtls_zeroize_internal
 .text.mbedtls_platform_zeroize
                0x00000000000145e4       0x14 C:/ncs/v2.5.99-dev1/nrfxlib/crypto/nrf_cc312_platform/lib/cortex-m33/soft-float/no-interrupts/libnrf_cc312_platform_0.9.18.a(mbedtls_common.c.obj)
                0x00000000000145e4                mbedtls_platform_zeroize
 .text.block_cipher_df
                0x00000000000145f8      0x1d0 C:/ncs/v2.5.99-dev1/nrfxlib/crypto/nrf_cc312_platform/lib/cortex-m33/soft-float/no-interrupts/libnrf_cc312_platform_0.9.18.a(ctr_drbg.c.obj)
 .text.ctr_drbg_update_internal
                0x00000000000147c8      0x174 C:/ncs/v2.5.99-dev1/nrfxlib/crypto/nrf_cc312_platform/lib/cortex-m33/soft-float/no-interrupts/libnrf_cc312_platform_0.9.18.a(ctr_drbg.c.obj)
 .text.mbedtls_ctr_drbg_reseed_internal
                0x000000000001493c       0xc4 C:/ncs/v2.5.99-dev1/nrfxlib/crypto/nrf_cc312_platform/lib/cortex-m33/soft-float/no-interrupts/libnrf_cc312_platform_0.9.18.a(ctr_drbg.c.obj)
 .text.cc_mbedtls_ctr_drbg_init
                0x0000000000014a00       0x2c C:/ncs/v2.5.99-dev1/nrfxlib/crypto/nrf_cc312_platform/lib/cortex-m33/soft-float/no-interrupts/libnrf_cc312_platform_0.9.18.a(ctr_drbg.c.obj)
                0x0000000000014a00                cc_mbedtls_ctr_drbg_init
 .text.cc_mbedtls_ctr_drbg_seed
                0x0000000000014a2c       0xa0 C:/ncs/v2.5.99-dev1/nrfxlib/crypto/nrf_cc312_platform/lib/cortex-m33/soft-float/no-interrupts/libnrf_cc312_platform_0.9.18.a(ctr_drbg.c.obj)
                0x0000000000014a2c                cc_mbedtls_ctr_drbg_seed
 .text.cc_mbedtls_ctr_drbg_random_with_add
                0x0000000000014acc      0x1e4 C:/ncs/v2.5.99-dev1/nrfxlib/crypto/nrf_cc312_platform/lib/cortex-m33/soft-float/no-interrupts/libnrf_cc312_platform_0.9.18.a(ctr_drbg.c.obj)
                0x0000000000014acc                cc_mbedtls_ctr_drbg_random_with_add
 .text.entropy_update
                0x0000000000014cb0       0x7c C:/ncs/v2.5.99-dev1/nrfxlib/crypto/nrf_cc312_platform/lib/cortex-m33/soft-float/no-interrupts/libnrf_cc312_platform_0.9.18.a(entropy.c.obj)
 .text.entropy_gather_internal.part.0
                0x0000000000014d2c       0x88 C:/ncs/v2.5.99-dev1/nrfxlib/crypto/nrf_cc312_platform/lib/cortex-m33/soft-float/no-interrupts/libnrf_cc312_platform_0.9.18.a(entropy.c.obj)
 .text.cc_mbedtls_entropy_init
                0x0000000000014db4       0x84 C:/ncs/v2.5.99-dev1/nrfxlib/crypto/nrf_cc312_platform/lib/cortex-m33/soft-float/no-interrupts/libnrf_cc312_platform_0.9.18.a(entropy.c.obj)
                0x0000000000014db4                cc_mbedtls_entropy_init
 .text.cc_mbedtls_entropy_func
                0x0000000000014e38      0x110 C:/ncs/v2.5.99-dev1/nrfxlib/crypto/nrf_cc312_platform/lib/cortex-m33/soft-float/no-interrupts/libnrf_cc312_platform_0.9.18.a(entropy.c.obj)
                0x0000000000014e38                cc_mbedtls_entropy_func
 .text.RndStartupTest.constprop.0
                0x0000000000014f48       0xac C:/ncs/v2.5.99-dev1/nrfxlib/crypto/nrf_cc312_platform/lib/cortex-m33/soft-float/no-interrupts/libnrf_cc312_platform_0.9.18.a(cc_lib.c.obj)
 .text.CC_LibInit
                0x0000000000014ff4       0x74 C:/ncs/v2.5.99-dev1/nrfxlib/crypto/nrf_cc312_platform/lib/cortex-m33/soft-float/no-interrupts/libnrf_cc312_platform_0.9.18.a(cc_lib.c.obj)
                0x0000000000014ff4                CC_LibInit
 .text.CC_HalInit
                0x0000000000015068        0x4 C:/ncs/v2.5.99-dev1/nrfxlib/crypto/nrf_cc312_platform/lib/cortex-m33/soft-float/no-interrupts/libnrf_cc312_platform_0.9.18.a(cc_hal.c.obj)
                0x0000000000015068                CC_HalInit
 .text.CC_HalClearInterruptBit
                0x000000000001506c       0x1c C:/ncs/v2.5.99-dev1/nrfxlib/crypto/nrf_cc312_platform/lib/cortex-m33/soft-float/no-interrupts/libnrf_cc312_platform_0.9.18.a(cc_hal.c.obj)
                0x000000000001506c                CC_HalClearInterruptBit
 .text.CC_HalMaskInterrupt
                0x0000000000015088        0xc C:/ncs/v2.5.99-dev1/nrfxlib/crypto/nrf_cc312_platform/lib/cortex-m33/soft-float/no-interrupts/libnrf_cc312_platform_0.9.18.a(cc_hal.c.obj)
                0x0000000000015088                CC_HalMaskInterrupt
 .text.CC_HalWaitInterrupt
                0x0000000000015094        0xc C:/ncs/v2.5.99-dev1/nrfxlib/crypto/nrf_cc312_platform/lib/cortex-m33/soft-float/no-interrupts/libnrf_cc312_platform_0.9.18.a(cc_hal.c.obj)
                0x0000000000015094                CC_HalWaitInterrupt
 .text.CC_HalWaitInterruptRND
                0x00000000000150a0        0xc C:/ncs/v2.5.99-dev1/nrfxlib/crypto/nrf_cc312_platform/lib/cortex-m33/soft-float/no-interrupts/libnrf_cc312_platform_0.9.18.a(cc_hal.c.obj)
                0x00000000000150a0                CC_HalWaitInterruptRND
 .text.CC_PalInit
                0x00000000000150ac       0x5c C:/ncs/v2.5.99-dev1/nrfxlib/crypto/nrf_cc312_platform/lib/cortex-m33/soft-float/no-interrupts/libnrf_cc312_platform_0.9.18.a(cc_pal.c.obj)
                0x00000000000150ac                CC_PalInit
 .text.CC_PalTerminate
                0x0000000000015108       0x34 C:/ncs/v2.5.99-dev1/nrfxlib/crypto/nrf_cc312_platform/lib/cortex-m33/soft-float/no-interrupts/libnrf_cc312_platform_0.9.18.a(cc_pal.c.obj)
                0x0000000000015108                CC_PalTerminate
 .text.CC_PalDmaInit
                0x000000000001513c        0x4 C:/ncs/v2.5.99-dev1/nrfxlib/crypto/nrf_cc312_platform/lib/cortex-m33/soft-float/no-interrupts/libnrf_cc312_platform_0.9.18.a(cc_pal_dma.c.obj)
                0x000000000001513c                CC_PalDmaInit
 .text.CC_PalDmaTerminate
                0x0000000000015140        0x4 C:/ncs/v2.5.99-dev1/nrfxlib/crypto/nrf_cc312_platform/lib/cortex-m33/soft-float/no-interrupts/libnrf_cc312_platform_0.9.18.a(cc_pal_dma.c.obj)
                0x0000000000015140                CC_PalDmaTerminate
 .text.CC_PalWaitInterruptRND
                0x0000000000015144       0x38 C:/ncs/v2.5.99-dev1/nrfxlib/crypto/nrf_cc312_platform/lib/cortex-m33/soft-float/no-interrupts/libnrf_cc312_platform_0.9.18.a(cc_pal_interrupt_ctrl.c.obj)
                0x0000000000015144                CC_PalWaitInterruptRND
 .text.CC_PalWaitInterrupt
                0x000000000001517c       0x28 C:/ncs/v2.5.99-dev1/nrfxlib/crypto/nrf_cc312_platform/lib/cortex-m33/soft-float/no-interrupts/libnrf_cc312_platform_0.9.18.a(cc_pal_interrupt_ctrl.c.obj)
                0x000000000001517c                CC_PalWaitInterrupt
 .text.CC_PalMemCopyPlat
                0x00000000000151a4        0x4 C:/ncs/v2.5.99-dev1/nrfxlib/crypto/nrf_cc312_platform/lib/cortex-m33/soft-float/no-interrupts/libnrf_cc312_platform_0.9.18.a(cc_pal_mem.c.obj)
                0x00000000000151a4                CC_PalMemCopyPlat
 .text.CC_PalMemSetPlat
                0x00000000000151a8        0x4 C:/ncs/v2.5.99-dev1/nrfxlib/crypto/nrf_cc312_platform/lib/cortex-m33/soft-float/no-interrupts/libnrf_cc312_platform_0.9.18.a(cc_pal_mem.c.obj)
                0x00000000000151a8                CC_PalMemSetPlat
 .text.CC_PalMemSetZeroPlat
                0x00000000000151ac        0x8 C:/ncs/v2.5.99-dev1/nrfxlib/crypto/nrf_cc312_platform/lib/cortex-m33/soft-float/no-interrupts/libnrf_cc312_platform_0.9.18.a(cc_pal_mem.c.obj)
                0x00000000000151ac                CC_PalMemSetZeroPlat
 .text.CC_PalMutexCreate
                0x00000000000151b4       0x14 C:/ncs/v2.5.99-dev1/nrfxlib/crypto/nrf_cc312_platform/lib/cortex-m33/soft-float/no-interrupts/libnrf_cc312_platform_0.9.18.a(cc_pal_mutex.c.obj)
                0x00000000000151b4                CC_PalMutexCreate
 .text.CC_PalMutexDestroy
                0x00000000000151c8       0x14 C:/ncs/v2.5.99-dev1/nrfxlib/crypto/nrf_cc312_platform/lib/cortex-m33/soft-float/no-interrupts/libnrf_cc312_platform_0.9.18.a(cc_pal_mutex.c.obj)
                0x00000000000151c8                CC_PalMutexDestroy
 .text.CC_PalMutexLock
                0x00000000000151dc       0x10 C:/ncs/v2.5.99-dev1/nrfxlib/crypto/nrf_cc312_platform/lib/cortex-m33/soft-float/no-interrupts/libnrf_cc312_platform_0.9.18.a(cc_pal_mutex.c.obj)
                0x00000000000151dc                CC_PalMutexLock
 .text.CC_PalMutexUnlock
                0x00000000000151ec       0x14 C:/ncs/v2.5.99-dev1/nrfxlib/crypto/nrf_cc312_platform/lib/cortex-m33/soft-float/no-interrupts/libnrf_cc312_platform_0.9.18.a(cc_pal_mutex.c.obj)
                0x00000000000151ec                CC_PalMutexUnlock
 .text.CC_PalPowerSaveModeInit
                0x0000000000015200       0x3c C:/ncs/v2.5.99-dev1/nrfxlib/crypto/nrf_cc312_platform/lib/cortex-m33/soft-float/no-interrupts/libnrf_cc312_platform_0.9.18.a(cc_pal_pm.c.obj)
                0x0000000000015200                CC_PalPowerSaveModeInit
 .text.CC_PalPowerSaveModeSelect
                0x000000000001523c       0x84 C:/ncs/v2.5.99-dev1/nrfxlib/crypto/nrf_cc312_platform/lib/cortex-m33/soft-float/no-interrupts/libnrf_cc312_platform_0.9.18.a(cc_pal_pm.c.obj)
                0x000000000001523c                CC_PalPowerSaveModeSelect
 .text.mutex_init
                0x00000000000152c0        0xc C:/ncs/v2.5.99-dev1/nrfxlib/crypto/nrf_cc312_platform/lib/cortex-m33/soft-float/no-interrupts/libnrf_cc312_platform_0.9.18.a(threading_alt.c.obj)
                0x00000000000152c0                mutex_init
 .text.mutex_lock
                0x00000000000152cc        0xc C:/ncs/v2.5.99-dev1/nrfxlib/crypto/nrf_cc312_platform/lib/cortex-m33/soft-float/no-interrupts/libnrf_cc312_platform_0.9.18.a(threading_alt.c.obj)
                0x00000000000152cc                mutex_lock
 .text.mutex_unlock
                0x00000000000152d8        0xc C:/ncs/v2.5.99-dev1/nrfxlib/crypto/nrf_cc312_platform/lib/cortex-m33/soft-float/no-interrupts/libnrf_cc312_platform_0.9.18.a(threading_alt.c.obj)
                0x00000000000152d8                mutex_unlock
 .text.nrf_cc3xx_platform_abort
                0x00000000000152e4       0x24 C:/ncs/v2.5.99-dev1/nrfxlib/crypto/nrf_cc312_platform/lib/cortex-m33/soft-float/no-interrupts/libnrf_cc312_platform_0.9.18.a(nrf_cc3xx_platform_abort.c.obj)
 .text.CC_PalAbort
                0x0000000000015308       0x44 C:/ncs/v2.5.99-dev1/nrfxlib/crypto/nrf_cc312_platform/lib/cortex-m33/soft-float/no-interrupts/libnrf_cc312_platform_0.9.18.a(nrf_cc3xx_platform_abort.c.obj)
                0x0000000000015308                CC_PalAbort
 .text.mutex_free
                0x000000000001534c       0x34 C:/ncs/v2.5.99-dev1/nrfxlib/crypto/nrf_cc312_platform/lib/cortex-m33/soft-float/no-interrupts/libnrf_cc312_platform_0.9.18.a(nrf_cc3xx_platform_mutex.c.obj)
 .text.mutex_lock
                0x0000000000015380       0x48 C:/ncs/v2.5.99-dev1/nrfxlib/crypto/nrf_cc312_platform/lib/cortex-m33/soft-float/no-interrupts/libnrf_cc312_platform_0.9.18.a(nrf_cc3xx_platform_mutex.c.obj)
 .text.mutex_unlock
                0x00000000000153c8       0x38 C:/ncs/v2.5.99-dev1/nrfxlib/crypto/nrf_cc312_platform/lib/cortex-m33/soft-float/no-interrupts/libnrf_cc312_platform_0.9.18.a(nrf_cc3xx_platform_mutex.c.obj)
 .text.mutex_init
                0x0000000000015400       0x20 C:/ncs/v2.5.99-dev1/nrfxlib/crypto/nrf_cc312_platform/lib/cortex-m33/soft-float/no-interrupts/libnrf_cc312_platform_0.9.18.a(nrf_cc3xx_platform_mutex.c.obj)
 .text.startTrngHW
                0x0000000000015420      0x130 C:/ncs/v2.5.99-dev1/nrfxlib/crypto/nrf_cc312_platform/lib/cortex-m33/soft-float/no-interrupts/libnrf_cc312_platform_0.9.18.a(llf_rnd_trng90b.c.obj)
 .text.LLF_RND_RepetitionCounterTest
                0x0000000000015550       0x64 C:/ncs/v2.5.99-dev1/nrfxlib/crypto/nrf_cc312_platform/lib/cortex-m33/soft-float/no-interrupts/libnrf_cc312_platform_0.9.18.a(llf_rnd_trng90b.c.obj)
                0x0000000000015550                LLF_RND_RepetitionCounterTest
 .text.LLF_RND_AdaptiveProportionTest
                0x00000000000155b4       0x80 C:/ncs/v2.5.99-dev1/nrfxlib/crypto/nrf_cc312_platform/lib/cortex-m33/soft-float/no-interrupts/libnrf_cc312_platform_0.9.18.a(llf_rnd_trng90b.c.obj)
                0x00000000000155b4                LLF_RND_AdaptiveProportionTest
 .text.getTrngSource
                0x0000000000015634      0x2a8 C:/ncs/v2.5.99-dev1/nrfxlib/crypto/nrf_cc312_platform/lib/cortex-m33/soft-float/no-interrupts/libnrf_cc312_platform_0.9.18.a(llf_rnd_trng90b.c.obj)
 .text.LLF_RND_GetTrngSource
                0x00000000000158dc       0x18 C:/ncs/v2.5.99-dev1/nrfxlib/crypto/nrf_cc312_platform/lib/cortex-m33/soft-float/no-interrupts/libnrf_cc312_platform_0.9.18.a(llf_rnd_trng90b.c.obj)
                0x00000000000158dc                LLF_RND_GetTrngSource
 .text.LLF_RND_RunTrngStartupTest
                0x00000000000158f4       0x1c C:/ncs/v2.5.99-dev1/nrfxlib/crypto/nrf_cc312_platform/lib/cortex-m33/soft-float/no-interrupts/libnrf_cc312_platform_0.9.18.a(llf_rnd_trng90b.c.obj)
                0x00000000000158f4                LLF_RND_RunTrngStartupTest
 .text.mbedtls_hardware_poll
                0x0000000000015910      0x104 C:/ncs/v2.5.99-dev1/nrfxlib/crypto/nrf_cc312_platform/lib/cortex-m33/soft-float/no-interrupts/libnrf_cc312_platform_0.9.18.a(trng_api.c.obj)
                0x0000000000015910                mbedtls_hardware_poll
 .text.cc_mbedtls_aes_init
                0x0000000000015a14       0x20 C:/ncs/v2.5.99-dev1/nrfxlib/crypto/nrf_cc312_platform/lib/cortex-m33/soft-float/no-interrupts/libnrf_cc312_platform_0.9.18.a(aes_alt.c.obj)
                0x0000000000015a14                cc_mbedtls_aes_init
 .text.cc_mbedtls_aes_free
                0x0000000000015a34        0xc C:/ncs/v2.5.99-dev1/nrfxlib/crypto/nrf_cc312_platform/lib/cortex-m33/soft-float/no-interrupts/libnrf_cc312_platform_0.9.18.a(aes_alt.c.obj)
                0x0000000000015a34                cc_mbedtls_aes_free
 .text.cc_mbedtls_aes_setkey_enc
                0x0000000000015a40       0x44 C:/ncs/v2.5.99-dev1/nrfxlib/crypto/nrf_cc312_platform/lib/cortex-m33/soft-float/no-interrupts/libnrf_cc312_platform_0.9.18.a(aes_alt.c.obj)
                0x0000000000015a40                cc_mbedtls_aes_setkey_enc
 .text.cc_mbedtls_aes_crypt_ecb
                0x0000000000015a84       0x50 C:/ncs/v2.5.99-dev1/nrfxlib/crypto/nrf_cc312_platform/lib/cortex-m33/soft-float/no-interrupts/libnrf_cc312_platform_0.9.18.a(aes_alt.c.obj)
                0x0000000000015a84                cc_mbedtls_aes_crypt_ecb
 .text.cc_mbedtls_sha256_init
                0x0000000000015ad4       0x28 C:/ncs/v2.5.99-dev1/nrfxlib/crypto/nrf_cc312_platform/lib/cortex-m33/soft-float/no-interrupts/libnrf_cc312_platform_0.9.18.a(sha256_alt.c.obj)
                0x0000000000015ad4                cc_mbedtls_sha256_init
 .text.cc_mbedtls_sha256_free
                0x0000000000015afc        0xc C:/ncs/v2.5.99-dev1/nrfxlib/crypto/nrf_cc312_platform/lib/cortex-m33/soft-float/no-interrupts/libnrf_cc312_platform_0.9.18.a(sha256_alt.c.obj)
                0x0000000000015afc                cc_mbedtls_sha256_free
 .text.cc_mbedtls_sha256_starts
                0x0000000000015b08       0x28 C:/ncs/v2.5.99-dev1/nrfxlib/crypto/nrf_cc312_platform/lib/cortex-m33/soft-float/no-interrupts/libnrf_cc312_platform_0.9.18.a(sha256_alt.c.obj)
                0x0000000000015b08                cc_mbedtls_sha256_starts
 .text.cc_mbedtls_sha256_update
                0x0000000000015b30       0x54 C:/ncs/v2.5.99-dev1/nrfxlib/crypto/nrf_cc312_platform/lib/cortex-m33/soft-float/no-interrupts/libnrf_cc312_platform_0.9.18.a(sha256_alt.c.obj)
                0x0000000000015b30                cc_mbedtls_sha256_update
 .text.cc_mbedtls_sha256_finish
                0x0000000000015b84       0x48 C:/ncs/v2.5.99-dev1/nrfxlib/crypto/nrf_cc312_platform/lib/cortex-m33/soft-float/no-interrupts/libnrf_cc312_platform_0.9.18.a(sha256_alt.c.obj)
                0x0000000000015b84                cc_mbedtls_sha256_finish
 .text.mbedtls_sha_starts_internal
                0x0000000000015bcc       0x28 C:/ncs/v2.5.99-dev1/nrfxlib/crypto/nrf_cc312_platform/lib/cortex-m33/soft-float/no-interrupts/libnrf_cc312_platform_0.9.18.a(mbedtls_hash_common.c.obj)
                0x0000000000015bcc                mbedtls_sha_starts_internal
 .text.mbedtls_sha_finish_internal
                0x0000000000015bf4       0x5c C:/ncs/v2.5.99-dev1/nrfxlib/crypto/nrf_cc312_platform/lib/cortex-m33/soft-float/no-interrupts/libnrf_cc312_platform_0.9.18.a(mbedtls_hash_common.c.obj)
                0x0000000000015bf4                mbedtls_sha_finish_internal
 .text.mbedtls_sha_update_internal
                0x0000000000015c50      0x1ec C:/ncs/v2.5.99-dev1/nrfxlib/crypto/nrf_cc312_platform/lib/cortex-m33/soft-float/no-interrupts/libnrf_cc312_platform_0.9.18.a(mbedtls_hash_common.c.obj)
                0x0000000000015c50                mbedtls_sha_update_internal
 .text.cc_mbedtls_sha256
                0x0000000000015e3c       0x50 C:/ncs/v2.5.99-dev1/nrfxlib/crypto/nrf_cc312_platform/lib/cortex-m33/soft-float/no-interrupts/libnrf_cc312_platform_0.9.18.a(sha256.c.obj)
                0x0000000000015e3c                cc_mbedtls_sha256
 .text.RNG_PLAT_SetUserRngParameters
                0x0000000000015e8c       0x74 C:/ncs/v2.5.99-dev1/nrfxlib/crypto/nrf_cc312_platform/lib/cortex-m33/soft-float/no-interrupts/libnrf_cc312_platform_0.9.18.a(cc_rng_plat.c.obj)
                0x0000000000015e8c                RNG_PLAT_SetUserRngParameters
 .text.CC_PalTrngParamGet
                0x0000000000015f00       0xac C:/ncs/v2.5.99-dev1/nrfxlib/crypto/nrf_cc312_platform/lib/cortex-m33/soft-float/no-interrupts/libnrf_cc312_platform_0.9.18.a(cc_pal_trng.c.obj)
                0x0000000000015f00                CC_PalTrngParamGet
 .text.LLF_RND_WaitRngInterrupt
                0x0000000000015fac       0x20 C:/ncs/v2.5.99-dev1/nrfxlib/crypto/nrf_cc312_platform/lib/cortex-m33/soft-float/no-interrupts/libnrf_cc312_platform_0.9.18.a(llf_rnd.c.obj)
                0x0000000000015fac                LLF_RND_WaitRngInterrupt
 .text.LLF_RND_GetRoscSampleCnt
                0x0000000000015fcc       0x34 C:/ncs/v2.5.99-dev1/nrfxlib/crypto/nrf_cc312_platform/lib/cortex-m33/soft-float/no-interrupts/libnrf_cc312_platform_0.9.18.a(llf_rnd.c.obj)
                0x0000000000015fcc                LLF_RND_GetRoscSampleCnt
 .text.LLF_RND_GetFastestRosc
                0x0000000000016000       0x20 C:/ncs/v2.5.99-dev1/nrfxlib/crypto/nrf_cc312_platform/lib/cortex-m33/soft-float/no-interrupts/libnrf_cc312_platform_0.9.18.a(llf_rnd.c.obj)
                0x0000000000016000                LLF_RND_GetFastestRosc
 .text.LLF_RND_TurnOffTrng
                0x0000000000016020       0x24 C:/ncs/v2.5.99-dev1/nrfxlib/crypto/nrf_cc312_platform/lib/cortex-m33/soft-float/no-interrupts/libnrf_cc312_platform_0.9.18.a(llf_rnd.c.obj)
                0x0000000000016020                LLF_RND_TurnOffTrng
 .text.SetDataBuffersInfo
                0x0000000000016044       0x64 C:/ncs/v2.5.99-dev1/nrfxlib/crypto/nrf_cc312_platform/lib/cortex-m33/soft-float/no-interrupts/libnrf_cc312_platform_0.9.18.a(driver_common.c.obj)
                0x0000000000016044                SetDataBuffersInfo
 .text.InitHashDrv
                0x00000000000160a8       0x50 C:/ncs/v2.5.99-dev1/nrfxlib/crypto/nrf_cc312_platform/lib/cortex-m33/soft-float/no-interrupts/libnrf_cc312_platform_0.9.18.a(hash_driver.c.obj)
                0x00000000000160a8                InitHashDrv
 .text.ProcessHashDrv
                0x00000000000160f8      0x210 C:/ncs/v2.5.99-dev1/nrfxlib/crypto/nrf_cc312_platform/lib/cortex-m33/soft-float/no-interrupts/libnrf_cc312_platform_0.9.18.a(hash_driver.c.obj)
                0x00000000000160f8                ProcessHashDrv
 .text.FinishHashDrv
                0x0000000000016308       0x74 C:/ncs/v2.5.99-dev1/nrfxlib/crypto/nrf_cc312_platform/lib/cortex-m33/soft-float/no-interrupts/libnrf_cc312_platform_0.9.18.a(hash_driver.c.obj)
                0x0000000000016308                FinishHashDrv
 .text.InitAes  0x000000000001637c       0xc8 C:/ncs/v2.5.99-dev1/nrfxlib/crypto/nrf_cc312_platform/lib/cortex-m33/soft-float/no-interrupts/libnrf_cc312_platform_0.9.18.a(aes_driver.c.obj)
 .text.LoadAesKey
                0x0000000000016444      0x114 C:/ncs/v2.5.99-dev1/nrfxlib/crypto/nrf_cc312_platform/lib/cortex-m33/soft-float/no-interrupts/libnrf_cc312_platform_0.9.18.a(aes_driver.c.obj)
 .text.write_invalid_key
                0x0000000000016558       0x50 C:/ncs/v2.5.99-dev1/nrfxlib/crypto/nrf_cc312_platform/lib/cortex-m33/soft-float/no-interrupts/libnrf_cc312_platform_0.9.18.a(aes_driver.c.obj)
                0x0000000000016558                write_invalid_key
 .text.ProcessAesDrv
                0x00000000000165a8      0x338 C:/ncs/v2.5.99-dev1/nrfxlib/crypto/nrf_cc312_platform/lib/cortex-m33/soft-float/no-interrupts/libnrf_cc312_platform_0.9.18.a(aes_driver.c.obj)
                0x00000000000165a8                ProcessAesDrv
 .text.FinishAesDrv
                0x00000000000168e0      0x200 C:/ncs/v2.5.99-dev1/nrfxlib/crypto/nrf_cc312_platform/lib/cortex-m33/soft-float/no-interrupts/libnrf_cc312_platform_0.9.18.a(aes_driver.c.obj)
                0x00000000000168e0                FinishAesDrv
 .text.kmu_validate_slot_and_size
                0x0000000000016ae0       0x2c C:/ncs/v2.5.99-dev1/nrfxlib/crypto/nrf_cc312_platform/lib/cortex-m33/soft-float/no-interrupts/libnrf_cc312_platform_0.9.18.a(kmu_shared.c.obj)
                0x0000000000016ae0                kmu_validate_slot_and_size
 .text.kmu_validate_slot_and_size_no_kdr
                0x0000000000016b0c       0x2c C:/ncs/v2.5.99-dev1/nrfxlib/crypto/nrf_cc312_platform/lib/cortex-m33/soft-float/no-interrupts/libnrf_cc312_platform_0.9.18.a(kmu_shared.c.obj)
                0x0000000000016b0c                kmu_validate_slot_and_size_no_kdr
 .text.kmu_load_key_aes
                0x0000000000016b38      0x200 C:/ncs/v2.5.99-dev1/nrfxlib/crypto/nrf_cc312_platform/lib/cortex-m33/soft-float/no-interrupts/libnrf_cc312_platform_0.9.18.a(kmu_shared.c.obj)
                0x0000000000016b38                kmu_load_key_aes
 .text.kmu_derive_cmac
                0x0000000000016d38      0x120 C:/ncs/v2.5.99-dev1/nrfxlib/crypto/nrf_cc312_platform/lib/cortex-m33/soft-float/no-interrupts/libnrf_cc312_platform_0.9.18.a(kmu_shared.c.obj)
                0x0000000000016d38                kmu_derive_cmac
 .text.UtilCmacBuildDataForDerivation
                0x0000000000016e58       0xc0 C:/ncs/v2.5.99-dev1/nrfxlib/crypto/nrf_cc312_platform/lib/cortex-m33/soft-float/no-interrupts/libnrf_cc312_platform_0.9.18.a(cc_util_cmac.c.obj)
                0x0000000000016e58                UtilCmacBuildDataForDerivation
 .text.CC_PalDataBufferAttrGet
                0x0000000000016f18        0x8 C:/ncs/v2.5.99-dev1/nrfxlib/crypto/nrf_cc312_platform/lib/cortex-m33/soft-float/no-interrupts/libnrf_cc312_platform_0.9.18.a(cc_pal_buff_attr.c.obj)
                0x0000000000016f18                CC_PalDataBufferAttrGet