Archive member included to satisfy reference by file (symbol)

app/libapp.a(main.c.obj)      (--whole-archive)
zephyr/libzephyr.a(cbprintf_packaged.c.obj)
                              (--whole-archive)
zephyr/libzephyr.a(dec.c.obj)
                              (--whole-archive)
zephyr/libzephyr.a(fdtable.c.obj)
                              (--whole-archive)
zephyr/libzephyr.a(hex.c.obj)
                              (--whole-archive)
zephyr/libzephyr.a(printk.c.obj)
                              (--whole-archive)
zephyr/libzephyr.a(rb.c.obj)  (--whole-archive)
zephyr/libzephyr.a(sem.c.obj)
                              (--whole-archive)
zephyr/libzephyr.a(thread_entry.c.obj)
                              (--whole-archive)
zephyr/libzephyr.a(timeutil.c.obj)
                              (--whole-archive)
zephyr/libzephyr.a(heap.c.obj)
                              (--whole-archive)
zephyr/libzephyr.a(heap-validate.c.obj)
                              (--whole-archive)
zephyr/libzephyr.a(bitarray.c.obj)
                              (--whole-archive)
zephyr/libzephyr.a(multi_heap.c.obj)
                              (--whole-archive)
zephyr/libzephyr.a(onoff.c.obj)
                              (--whole-archive)
zephyr/libzephyr.a(notify.c.obj)
                              (--whole-archive)
zephyr/libzephyr.a(cbprintf_complete.c.obj)
                              (--whole-archive)
zephyr/libzephyr.a(assert.c.obj)
                              (--whole-archive)
zephyr/libzephyr.a(reboot.c.obj)
                              (--whole-archive)
zephyr/libzephyr.a(configs.c.obj)
                              (--whole-archive)
zephyr/libzephyr.a(soc.c.obj)
                              (--whole-archive)
zephyr/libzephyr.a(soc_nrf_common.S.obj)
                              (--whole-archive)
zephyr/libzephyr.a(validate_base_addresses.c.obj)
                              (--whole-archive)
zephyr/libzephyr.a(validate_enabled_instances.c.obj)
                              (--whole-archive)
zephyr/libzephyr.a(tracing_none.c.obj)
                              (--whole-archive)
zephyr/libzephyr.a(flash_map_partition_manager.c.obj)
                              (--whole-archive)
zephyr/arch/common/libarch__common.a(sw_isr_common.c.obj)
                              (--whole-archive)
zephyr/arch/arch/arm/core/aarch32/libarch__arm__core__aarch32.a(cpu_idle.S.obj)
                              (--whole-archive)
zephyr/arch/arch/arm/core/aarch32/libarch__arm__core__aarch32.a(fatal.c.obj)
                              (--whole-archive)
zephyr/arch/arch/arm/core/aarch32/libarch__arm__core__aarch32.a(irq_manage.c.obj)
                              (--whole-archive)
zephyr/arch/arch/arm/core/aarch32/libarch__arm__core__aarch32.a(nmi.c.obj)
                              (--whole-archive)
zephyr/arch/arch/arm/core/aarch32/libarch__arm__core__aarch32.a(nmi_on_reset.S.obj)
                              (--whole-archive)
zephyr/arch/arch/arm/core/aarch32/libarch__arm__core__aarch32.a(prep_c.c.obj)
                              (--whole-archive)
zephyr/arch/arch/arm/core/aarch32/libarch__arm__core__aarch32.a(swap.c.obj)
                              (--whole-archive)
zephyr/arch/arch/arm/core/aarch32/libarch__arm__core__aarch32.a(swap_helper.S.obj)
                              (--whole-archive)
zephyr/arch/arch/arm/core/aarch32/libarch__arm__core__aarch32.a(thread.c.obj)
                              (--whole-archive)
zephyr/arch/arch/arm/core/aarch32/libarch__arm__core__aarch32.a(isr_wrapper.S.obj)
                              (--whole-archive)
zephyr/arch/arch/arm/core/aarch32/libarch__arm__core__aarch32.a(tls.c.obj)
                              (--whole-archive)
zephyr/arch/arch/arm/core/aarch32/cortex_m/libarch__arm__core__aarch32__cortex_m.a(exc_exit.S.obj)
                              (--whole-archive)
zephyr/arch/arch/arm/core/aarch32/cortex_m/libarch__arm__core__aarch32__cortex_m.a(fault.c.obj)
                              (--whole-archive)
zephyr/arch/arch/arm/core/aarch32/cortex_m/libarch__arm__core__aarch32__cortex_m.a(fault_s.S.obj)
                              (--whole-archive)
zephyr/arch/arch/arm/core/aarch32/cortex_m/libarch__arm__core__aarch32__cortex_m.a(fpu.c.obj)
                              (--whole-archive)
zephyr/arch/arch/arm/core/aarch32/cortex_m/libarch__arm__core__aarch32__cortex_m.a(irq_init.c.obj)
                              (--whole-archive)
zephyr/arch/arch/arm/core/aarch32/cortex_m/libarch__arm__core__aarch32__cortex_m.a(reset.S.obj)
                              (--whole-archive)
zephyr/arch/arch/arm/core/aarch32/cortex_m/libarch__arm__core__aarch32__cortex_m.a(scb.c.obj)
                              (--whole-archive)
zephyr/arch/arch/arm/core/aarch32/cortex_m/libarch__arm__core__aarch32__cortex_m.a(thread_abort.c.obj)
                              (--whole-archive)
zephyr/arch/arch/arm/core/aarch32/cortex_m/libarch__arm__core__aarch32__cortex_m.a(vector_table.S.obj)
[...]
Memory Configuration

Name             Origin             Length             Attributes
FLASH            0x0000000001008800 0x0000000000037800 xr
RAM              0x0000000021000000 0x0000000000010000 xw
SRAM1            0x0000000021000000 0x0000000000010000
IDT_LIST         0x00000000fffff7ff 0x0000000000000800 xw
*default*        0x0000000000000000 0xffffffffffffffff

Linker script and memory map

                0x000000000100be10                vfprintf = __i_vfprintf
                0x0000000000000000                vfscanf = __i_vfscanf
LOAD zephyr/CMakeFiles/zephyr_final.dir/misc/empty_file.c.obj
LOAD zephyr/CMakeFiles/zephyr_final.dir/isr_tables.c.obj
LOAD app/libapp.a
LOAD zephyr/libzephyr.a
LOAD zephyr/arch/common/libarch__common.a
LOAD zephyr/arch/arch/arm/core/aarch32/libarch__arm__core__aarch32.a
LOAD zephyr/arch/arch/arm/core/aarch32/cortex_m/libarch__arm__core__aarch32__cortex_m.a
LOAD zephyr/arch/arch/arm/core/aarch32/cortex_m/cmse/libarch__arm__core__aarch32__cortex_m__cmse.a
LOAD zephyr/arch/arch/arm/core/aarch32/mpu/libarch__arm__core__aarch32__mpu.a
LOAD zephyr/lib/libc/picolibc/liblib__libc__picolibc.a
LOAD zephyr/lib/libc/common/liblib__libc__common.a
LOAD zephyr/soc/soc/arm/common/cortex_m/libsoc__arm__common__cortex_m.a
LOAD zephyr/drivers/clock_control/libdrivers__clock_control.a
LOAD zephyr/drivers/gpio/libdrivers__gpio.a
LOAD zephyr/drivers/pinctrl/libdrivers__pinctrl.a
LOAD zephyr/drivers/timer/libdrivers__timer.a
LOAD modules/nrf/lib/fatal_error/lib..__nrf__lib__fatal_error.a
LOAD modules/nrf/subsys/fw_info/lib..__nrf__subsys__fw_info.a
LOAD modules/hal_nordic/nrfx/libmodules__hal_nordic__nrfx.a
LOAD zephyr/kernel/libkernel.a
LOAD zephyr/CMakeFiles/offsets.dir/./arch/arm/core/offsets/offsets.c.obj
LOAD c:/ncs/toolchains/c57af46cb7/opt/zephyr-sdk/arm-zephyr-eabi/bin/../lib/gcc/arm-zephyr-eabi/12.2.0/thumb/v8-m.main/nofp\libgcc.a
LOAD zephyr/arch/common/libisr_tables.a
LOAD c:\ncs\toolchains\c57af46cb7\opt\zephyr-sdk\arm-zephyr-eabi\bin\../lib/gcc/../../picolibc/arm-zephyr-eabi/lib/thumb/v8-m.main/nofp\libc.a
LOAD c:/ncs/toolchains/c57af46cb7/opt/zephyr-sdk/arm-zephyr-eabi/bin/../lib/gcc/arm-zephyr-eabi/12.2.0/thumb/v8-m.main/nofp\libgcc.a
                0x0000000000000020                _region_min_align = 0x20

.rel.plt        0x0000000001008800        0x0
 *(SORT_BY_ALIGNMENT(.rel.plt))
                [!provide]                        PROVIDE (__rel_iplt_start = .)
 *(SORT_BY_ALIGNMENT(.rel.iplt))
 .rel.iplt      0x0000000001008800        0x0 zephyr/CMakeFiles/zephyr_final.dir/isr_tables.c.obj
                [!provide]                        PROVIDE (__rel_iplt_end = .)

.rela.plt       0x0000000000000000        0x0
 *(SORT_BY_ALIGNMENT(.rela.plt))
                [!provide]                        PROVIDE (__rela_iplt_start = .)
 *(SORT_BY_ALIGNMENT(.rela.iplt))
                [!provide]                        PROVIDE (__rela_iplt_end = .)

.rel.dyn
 *(SORT_BY_ALIGNMENT(.rel.*))

.rela.dyn
 *(SORT_BY_ALIGNMENT(.rela.*))

/DISCARD/
 *(SORT_BY_ALIGNMENT(.plt))

/DISCARD/
 *(SORT_BY_ALIGNMENT(.iplt))
                0x0000000001008800                __rom_region_start = 0x1008800

rom_start       0x0000000001008800      0x23c
                0x0000000001008800                __rom_start_address = .
                0x0000000001008800                . = (. + (0x0 - (. - __rom_start_address)))
                0x0000000001008800                . = ALIGN (0x4)
                0x0000000001008800                . = ALIGN (0x80)
                0x0000000001008800                . = ALIGN (0x100)
                0x0000000001008800                _vector_start = .
 *(SORT_BY_ALIGNMENT(.exc_vector_table))
 *(SORT_BY_ALIGNMENT(.exc_vector_table.*))
 .exc_vector_table._vector_table_section
                0x0000000001008800       0x40 zephyr/arch/arch/arm/core/aarch32/cortex_m/libarch__arm__core__aarch32__cortex_m.a(vector_table.S.obj)
                0x0000000001008800                _vector_table
 *(SORT_BY_ALIGNMENT(.vectors))
                0x00000000010088b8                _vector_end = .
                0x0000000001008840                . = ALIGN (0x4)
 *(SORT_BY_ALIGNMENT(.gnu.linkonce.irq_vector_table*))
 .gnu.linkonce.irq_vector_table
                0x0000000001008840       0x78 zephyr/CMakeFiles/zephyr_final.dir/isr_tables.c.obj
                0x0000000001008840                _irq_vector_table
                0x00000000010088b8                _vector_end = .
                0x0000000000000200                . = 0x200
 *fill*         0x00000000010088b8      0x148 
                0x0000000001008a00                _fw_info_start = .
 *(SORT_BY_NAME(SORT_BY_ALIGNMENT(.firmware_info*)))
 .firmware_info
                0x0000000001008a00       0x3c modules/nrf/subsys/fw_info/lib..__nrf__subsys__fw_info.a(fw_info.c.obj)
                0x0000000001008a00                m_firmware_info
                0x000000000000003c                _fw_info_size = ABSOLUTE ((. - _fw_info_start))

text            0x0000000001008a3c     0x41f8
                0x0000000001008a3c                __text_region_start = .
 *(SORT_BY_ALIGNMENT(.text))
 .text          0x0000000001008a3c       0x30 c:/ncs/toolchains/c57af46cb7/opt/zephyr-sdk/arm-zephyr-eabi/bin/../lib/gcc/arm-zephyr-eabi/12.2.0/thumb/v8-m.main/nofp\libgcc.a(_aeabi_uldivmod.o)
                0x0000000001008a3c                __aeabi_uldivmod
 .text          0x0000000001008a6c        0x4 c:/ncs/toolchains/c57af46cb7/opt/zephyr-sdk/arm-zephyr-eabi/bin/../lib/gcc/arm-zephyr-eabi/12.2.0/thumb/v8-m.main/nofp\libgcc.a(_dvmd_tls.o)
                0x0000000001008a6c                __aeabi_idiv0
                0x0000000001008a6c                __aeabi_ldiv0
 .text          0x0000000001008a70      0x29c c:/ncs/toolchains/c57af46cb7/opt/zephyr-sdk/arm-zephyr-eabi/bin/../lib/gcc/arm-zephyr-eabi/12.2.0/thumb/v8-m.main/nofp\libgcc.a(_udivmoddi4.o)
                0x0000000001008a70                __udivmoddi4
 *(SORT_BY_ALIGNMENT(.text.*))
 .text.char_out
                0x0000000001008d0c        0xc zephyr/libzephyr.a(printk.c.obj)
 .text.vprintk  0x0000000001008d18       0x30 zephyr/libzephyr.a(printk.c.obj)
                0x0000000001008d18                vprintk
 .text.z_thread_entry
                0x0000000001008d48       0x34 zephyr/libzephyr.a(thread_entry.c.obj)
                0x0000000001008d48                z_thread_entry
 .text.process_event
                0x0000000001008d7c      0x21c zephyr/libzephyr.a(onoff.c.obj)
 .text.rtc_pretick_finish_previous
                0x0000000001008f98       0x24 zephyr/libzephyr.a(soc.c.obj)
 .text.nordicsemi_nrf53_init
                0x0000000001008fbc       0x10 zephyr/libzephyr.a(soc.c.obj)
 .text.rtc_pretick_init
                0x0000000001008fcc       0xa4 zephyr/libzephyr.a(soc.c.obj)
 .text.z_arm_on_enter_cpu_idle_prepare
                0x0000000001009070       0xfc zephyr/libzephyr.a(soc.c.obj)
                0x0000000001009070                z_arm_on_enter_cpu_idle_prepare
 .text.z_arm_on_enter_cpu_idle
                0x000000000100916c       0x9c zephyr/libzephyr.a(soc.c.obj)
                0x000000000100916c                z_arm_on_enter_cpu_idle
 .text.arch_busy_wait
                0x0000000001009208       0x14 zephyr/libzephyr.a(soc.c.obj)
                0x0000000001009208                arch_busy_wait
 .text.z_arm_platform_init
                0x000000000100921c        0x4 zephyr/libzephyr.a(soc_nrf_common.S.obj)
                0x000000000100921c                z_arm_platform_init
 .text.z_arm_cpu_idle_init
                0x0000000001009220        0xc zephyr/arch/arch/arm/core/aarch32/libarch__arm__core__aarch32.a(cpu_idle.S.obj)
                0x0000000001009220                z_arm_cpu_idle_init
 .text.arch_cpu_idle
                0x000000000100922c       0x3c zephyr/arch/arch/arm/core/aarch32/libarch__arm__core__aarch32.a(cpu_idle.S.obj)
                0x000000000100922c                arch_cpu_idle
 .text.arch_cpu_atomic_idle
                0x0000000001009268       0x38 zephyr/arch/arch/arm/core/aarch32/libarch__arm__core__aarch32.a(cpu_idle.S.obj)
                0x0000000001009268                arch_cpu_atomic_idle
 .text.arch_irq_enable
                0x00000000010092a0       0x1c zephyr/arch/arch/arm/core/aarch32/libarch__arm__core__aarch32.a(irq_manage.c.obj)
                0x00000000010092a0                arch_irq_enable
 .text.arch_irq_is_enabled
                0x00000000010092bc       0x1c zephyr/arch/arch/arm/core/aarch32/libarch__arm__core__aarch32.a(irq_manage.c.obj)
                0x00000000010092bc                arch_irq_is_enabled
 .text.z_arm_irq_priority_set
                0x00000000010092d8       0x2c zephyr/arch/arch/arm/core/aarch32/libarch__arm__core__aarch32.a(irq_manage.c.obj)
                0x00000000010092d8                z_arm_irq_priority_set
 .text.z_SysNmiOnReset
                0x0000000001009304        0x8 zephyr/arch/arch/arm/core/aarch32/libarch__arm__core__aarch32.a(nmi_on_reset.S.obj)
                0x0000000001009304                z_SysNmiOnReset
 .text.z_arm_prep_c
                0x000000000100930c       0x2c zephyr/arch/arch/arm/core/aarch32/libarch__arm__core__aarch32.a(prep_c.c.obj)
                0x000000000100930c                z_arm_prep_c
 .text.arch_swap
                0x0000000001009338       0x34 zephyr/arch/arch/arm/core/aarch32/libarch__arm__core__aarch32.a(swap.c.obj)
                0x0000000001009338                arch_swap
 .text.z_arm_pendsv
                0x000000000100936c       0x68 zephyr/arch/arch/arm/core/aarch32/libarch__arm__core__aarch32.a(swap_helper.S.obj)
                0x000000000100936c                z_arm_pendsv
 .text.z_arm_svc
                0x00000000010093d4       0x20 zephyr/arch/arch/arm/core/aarch32/libarch__arm__core__aarch32.a(swap_helper.S.obj)
                0x00000000010093d4                z_arm_svc
 .text.arch_new_thread
                0x00000000010093f4       0x38 zephyr/arch/arch/arm/core/aarch32/libarch__arm__core__aarch32.a(thread.c.obj)
                0x00000000010093f4                arch_new_thread
 .text.arch_switch_to_main_thread
                0x000000000100942c       0x34 zephyr/arch/arch/arm/core/aarch32/libarch__arm__core__aarch32.a(thread.c.obj)
                0x000000000100942c                arch_switch_to_main_thread
 .text._isr_wrapper
                0x0000000001009460       0x28 zephyr/arch/arch/arm/core/aarch32/libarch__arm__core__aarch32.a(isr_wrapper.S.obj)
                0x0000000001009460                _isr_wrapper
 .text.arch_tls_stack_setup
                0x0000000001009488       0x5c zephyr/arch/arch/arm/core/aarch32/libarch__arm__core__aarch32.a(tls.c.obj)
                0x0000000001009488                arch_tls_stack_setup
 .text._HandlerModeExit
                0x00000000010094e4       0x1c zephyr/arch/arch/arm/core/aarch32/cortex_m/libarch__arm__core__aarch32__cortex_m.a(exc_exit.S.obj)
                0x00000000010094e4                z_arm_int_exit
                0x00000000010094e4                z_arm_exc_exit
 .text.usage_fault.constprop.0
                0x0000000001009500       0x5c zephyr/arch/arch/arm/core/aarch32/cortex_m/libarch__arm__core__aarch32__cortex_m.a(fault.c.obj)
 .text.bus_fault.constprop.0
                0x000000000100955c       0x60 zephyr/arch/arch/arm/core/aarch32/cortex_m/libarch__arm__core__aarch32__cortex_m.a(fault.c.obj)
 .text.mem_manage_fault.constprop.0
                0x00000000010095bc       0x5c zephyr/arch/arch/arm/core/aarch32/cortex_m/libarch__arm__core__aarch32__cortex_m.a(fault.c.obj)
 .text.z_arm_fault
                0x0000000001009618      0x124 zephyr/arch/arch/arm/core/aarch32/cortex_m/libarch__arm__core__aarch32__cortex_m.a(fault.c.obj)
                0x0000000001009618                z_arm_fault
 .text.z_arm_fault_init
                0x000000000100973c       0x18 zephyr/arch/arch/arm/core/aarch32/cortex_m/libarch__arm__core__aarch32__cortex_m.a(fault.c.obj)
                0x000000000100973c                z_arm_fault_init
 .text.__fault  0x0000000001009754       0x14 zephyr/arch/arch/arm/core/aarch32/cortex_m/libarch__arm__core__aarch32__cortex_m.a(fault_s.S.obj)
                0x0000000001009754                z_arm_usage_fault
                0x0000000001009754                z_arm_mpu_fault
                0x0000000001009754                z_arm_exc_spurious
                0x0000000001009754                z_arm_debug_monitor
                0x0000000001009754                z_arm_hard_fault
                0x0000000001009754                z_arm_bus_fault
 .text.z_arm_interrupt_init
                0x0000000001009768       0x18 zephyr/arch/arch/arm/core/aarch32/cortex_m/libarch__arm__core__aarch32__cortex_m.a(irq_init.c.obj)
                0x0000000001009768                z_arm_interrupt_init
 .text._reset_section
                0x0000000001009780       0x60 zephyr/arch/arch/arm/core/aarch32/cortex_m/libarch__arm__core__aarch32__cortex_m.a(reset.S.obj)
                0x0000000001009780                __start
                0x0000000001009780                z_arm_reset
 .text.sys_arch_reboot
                0x00000000010097e0       0x24 zephyr/arch/arch/arm/core/aarch32/cortex_m/libarch__arm__core__aarch32__cortex_m.a(scb.c.obj)
                0x00000000010097e0                sys_arch_reboot
 .text.z_arm_clear_arm_mpu_config
                0x0000000001009804       0x24 zephyr/arch/arch/arm/core/aarch32/cortex_m/libarch__arm__core__aarch32__cortex_m.a(scb.c.obj)
                0x0000000001009804                z_arm_clear_arm_mpu_config
 .text.z_arm_init_arch_hw_at_boot
                0x0000000001009828       0x4c zephyr/arch/arch/arm/core/aarch32/cortex_m/libarch__arm__core__aarch32__cortex_m.a(scb.c.obj)
                0x0000000001009828                z_arm_init_arch_hw_at_boot
 .text.z_impl_k_thread_abort
                0x0000000001009874       0x2c zephyr/arch/arch/arm/core/aarch32/cortex_m/libarch__arm__core__aarch32__cortex_m.a(thread_abort.c.obj)
                0x0000000001009874                z_impl_k_thread_abort
 .text.z_arm_configure_static_mpu_regions
                0x00000000010098a0       0x38 zephyr/arch/arch/arm/core/aarch32/mpu/libarch__arm__core__aarch32__mpu.a(arm_core_mpu.c.obj)
                0x00000000010098a0                z_arm_configure_static_mpu_regions
 .text.region_init
                0x00000000010098d8       0x34 zephyr/arch/arch/arm/core/aarch32/mpu/libarch__arm__core__aarch32__mpu.a(arm_mpu.c.obj)
 .text.mpu_configure_regions_and_partition.constprop.0
                0x000000000100990c      0x14c zephyr/arch/arch/arm/core/aarch32/mpu/libarch__arm__core__aarch32__mpu.a(arm_mpu.c.obj)
 .text.arm_core_mpu_enable
                0x0000000001009a58       0x18 zephyr/arch/arch/arm/core/aarch32/mpu/libarch__arm__core__aarch32__mpu.a(arm_mpu.c.obj)
                0x0000000001009a58                arm_core_mpu_enable
 .text.arm_core_mpu_disable
                0x0000000001009a70       0x14 zephyr/arch/arch/arm/core/aarch32/mpu/libarch__arm__core__aarch32__mpu.a(arm_mpu.c.obj)
                0x0000000001009a70                arm_core_mpu_disable
 .text.arm_core_mpu_configure_static_mpu_regions
                0x0000000001009a84       0x14 zephyr/arch/arch/arm/core/aarch32/mpu/libarch__arm__core__aarch32__mpu.a(arm_mpu.c.obj)
                0x0000000001009a84                arm_core_mpu_configure_static_mpu_regions
 .text.arm_core_mpu_mark_areas_for_dynamic_regions
                0x0000000001009a98       0xb8 zephyr/arch/arch/arm/core/aarch32/mpu/libarch__arm__core__aarch32__mpu.a(arm_mpu.c.obj)
                0x0000000001009a98                arm_core_mpu_mark_areas_for_dynamic_regions
 .text.z_arm_mpu_init
                0x0000000001009b50       0x4c zephyr/arch/arch/arm/core/aarch32/mpu/libarch__arm__core__aarch32__mpu.a(arm_mpu.c.obj)
                0x0000000001009b50                z_arm_mpu_init
 .text.malloc_prepare
                0x0000000001009b9c       0x24 zephyr/lib/libc/common/liblib__libc__common.a(malloc.c.obj)
 .text.onoff_stop
                0x0000000001009bc0       0x30 zephyr/drivers/clock_control/libdrivers__clock_control.a(clock_control_nrf.c.obj)
 .text.onoff_start
                0x0000000001009bf0       0x44 zephyr/drivers/clock_control/libdrivers__clock_control.a(clock_control_nrf.c.obj)
 .text.clk_init
                0x0000000001009c34       0x58 zephyr/drivers/clock_control/libdrivers__clock_control.a(clock_control_nrf.c.obj)
 .text.clkstarted_handle.constprop.0
                0x0000000001009c8c       0x34 zephyr/drivers/clock_control/libdrivers__clock_control.a(clock_control_nrf.c.obj)
 .text.clock_event_handler
                0x0000000001009cc0       0x1c zephyr/drivers/clock_control/libdrivers__clock_control.a(clock_control_nrf.c.obj)
 .text.generic_hfclk_start
                0x0000000001009cdc       0x64 zephyr/drivers/clock_control/libdrivers__clock_control.a(clock_control_nrf.c.obj)
 .text.api_blocking_start
                0x0000000001009d40       0x34 zephyr/drivers/clock_control/libdrivers__clock_control.a(clock_control_nrf.c.obj)
 .text.generic_hfclk_stop
                0x0000000001009d74       0x34 zephyr/drivers/clock_control/libdrivers__clock_control.a(clock_control_nrf.c.obj)
 .text.z_nrf_clock_control_lf_on
                0x0000000001009da8       0xf8 zephyr/drivers/clock_control/libdrivers__clock_control.a(clock_control_nrf.c.obj)
                0x0000000001009da8                z_nrf_clock_control_lf_on
 .text.gpio_nrfx_pin_interrupt_configure
                0x0000000001009ea0       0xe4 zephyr/drivers/gpio/libdrivers__gpio.a(gpio_nrfx.c.obj)
 .text.gpio_nrfx_init
                0x0000000001009f84       0x38 zephyr/drivers/gpio/libdrivers__gpio.a(gpio_nrfx.c.obj)
 .text.nrfx_gpio_handler
                0x0000000001009fbc       0x4c zephyr/drivers/gpio/libdrivers__gpio.a(gpio_nrfx.c.obj)
 .text.gpio_nrfx_pin_configure
                0x000000000100a008      0x124 zephyr/drivers/gpio/libdrivers__gpio.a(gpio_nrfx.c.obj)
 .text.compare_int_lock
                0x000000000100a12c       0x40 zephyr/drivers/timer/libdrivers__timer.a(nrf_rtc_timer.c.obj)
 .text.sys_clock_timeout_handler
                0x000000000100a16c       0x48 zephyr/drivers/timer/libdrivers__timer.a(nrf_rtc_timer.c.obj)
 .text.compare_int_unlock
                0x000000000100a1b4       0x4c zephyr/drivers/timer/libdrivers__timer.a(nrf_rtc_timer.c.obj)
 .text.z_nrf_rtc_timer_read
                0x000000000100a200       0x44 zephyr/drivers/timer/libdrivers__timer.a(nrf_rtc_timer.c.obj)
                0x000000000100a200                z_nrf_rtc_timer_read
 .text.compare_set
                0x000000000100a244      0x124 zephyr/drivers/timer/libdrivers__timer.a(nrf_rtc_timer.c.obj)
 .text.sys_clock_driver_init
                0x000000000100a368       0x90 zephyr/drivers/timer/libdrivers__timer.a(nrf_rtc_timer.c.obj)
 .text.rtc_nrf_isr
                0x000000000100a3f8       0xd4 zephyr/drivers/timer/libdrivers__timer.a(nrf_rtc_timer.c.obj)
                0x000000000100a3f8                rtc_nrf_isr
 .text.sys_clock_set_timeout
                0x000000000100a4cc       0x64 zephyr/drivers/timer/libdrivers__timer.a(nrf_rtc_timer.c.obj)
                0x000000000100a4cc                sys_clock_set_timeout
 .text.sys_clock_elapsed
                0x000000000100a530       0x14 zephyr/drivers/timer/libdrivers__timer.a(nrf_rtc_timer.c.obj)
                0x000000000100a530                sys_clock_elapsed
 .text.check_ext_api_requests
                0x000000000100a544       0x9c modules/nrf/subsys/fw_info/lib..__nrf__subsys__fw_info.a(fw_info.c.obj)
 .text.SystemInit
                0x000000000100a5e0       0xd0 modules/hal_nordic/nrfx/libmodules__hal_nordic__nrfx.a(system_nrf5340_network.c.obj)
                0x000000000100a5e0                SystemInit
 .text.nrfx_flag32_alloc
                0x000000000100a6b0       0x40 modules/hal_nordic/nrfx/libmodules__hal_nordic__nrfx.a(nrfx_flag32_allocator.c.obj)
                0x000000000100a6b0                nrfx_flag32_alloc
 .text.nrfx_flag32_free
                0x000000000100a6f0       0x38 modules/hal_nordic/nrfx/libmodules__hal_nordic__nrfx.a(nrfx_flag32_allocator.c.obj)
                0x000000000100a6f0                nrfx_flag32_free
 .text.nrfx_gppi_channels_enable
                0x000000000100a728        0xc modules/hal_nordic/nrfx/libmodules__hal_nordic__nrfx.a(nrfx_gppi_dppi.c.obj)
                0x000000000100a728                nrfx_gppi_channels_enable
 .text.clock_stop
                0x000000000100a734       0xb0 modules/hal_nordic/nrfx/libmodules__hal_nordic__nrfx.a(nrfx_clock.c.obj)
 .text.nrfx_clock_init
                0x000000000100a7e4       0x20 modules/hal_nordic/nrfx/libmodules__hal_nordic__nrfx.a(nrfx_clock.c.obj)
                0x000000000100a7e4                nrfx_clock_init
 .text.nrfx_clock_enable
                0x000000000100a804       0x2c modules/hal_nordic/nrfx/libmodules__hal_nordic__nrfx.a(nrfx_clock.c.obj)
                0x000000000100a804                nrfx_clock_enable
 .text.nrfx_clock_start
                0x000000000100a830       0xb8 modules/hal_nordic/nrfx/libmodules__hal_nordic__nrfx.a(nrfx_clock.c.obj)
                0x000000000100a830                nrfx_clock_start
 .text.nrfx_power_clock_irq_handler
                0x000000000100a8e8       0x64 modules/hal_nordic/nrfx/libmodules__hal_nordic__nrfx.a(nrfx_clock.c.obj)
                0x000000000100a8e8                nrfx_power_clock_irq_handler
 .text.nrfx_dppi_channel_alloc
                0x000000000100a94c        0xc modules/hal_nordic/nrfx/libmodules__hal_nordic__nrfx.a(nrfx_dppi.c.obj)
                0x000000000100a94c                nrfx_dppi_channel_alloc
 .text.nrf_gpio_pin_port_decode
                0x000000000100a958       0x24 modules/hal_nordic/nrfx/libmodules__hal_nordic__nrfx.a(nrfx_gpiote.c.obj)
 .text.get_pin_idx
                0x000000000100a97c       0x14 modules/hal_nordic/nrfx/libmodules__hal_nordic__nrfx.a(nrfx_gpiote.c.obj)
 .text.call_handler.constprop.0
                0x000000000100a990       0x40 modules/hal_nordic/nrfx/libmodules__hal_nordic__nrfx.a(nrfx_gpiote.c.obj)
 .text.release_handler.constprop.0
                0x000000000100a9d0       0x58 modules/hal_nordic/nrfx/libmodules__hal_nordic__nrfx.a(nrfx_gpiote.c.obj)
 .text.pin_te_get.constprop.0
                0x000000000100aa28       0x18 modules/hal_nordic/nrfx/libmodules__hal_nordic__nrfx.a(nrfx_gpiote.c.obj)
 .text.pin_in_use_by_te.constprop.0
                0x000000000100aa40       0x18 modules/hal_nordic/nrfx/libmodules__hal_nordic__nrfx.a(nrfx_gpiote.c.obj)
 .text.latch_pending_read_and_check
                0x000000000100aa58       0x3c modules/hal_nordic/nrfx/libmodules__hal_nordic__nrfx.a(nrfx_gpiote.c.obj)
 .text.__nrfy_internal_gpiote_events_process.constprop.0
                0x000000000100aa94       0x5c modules/hal_nordic/nrfx/libmodules__hal_nordic__nrfx.a(nrfx_gpiote.c.obj)
 .text.pin_is_input.constprop.0
                0x000000000100aaf0       0x1c modules/hal_nordic/nrfx/libmodules__hal_nordic__nrfx.a(nrfx_gpiote.c.obj)
 .text.pin_trigger_disable.constprop.0
                0x000000000100ab0c       0x4c modules/hal_nordic/nrfx/libmodules__hal_nordic__nrfx.a(nrfx_gpiote.c.obj)
 .text.pin_uninit.constprop.0
                0x000000000100ab58       0x84 modules/hal_nordic/nrfx/libmodules__hal_nordic__nrfx.a(nrfx_gpiote.c.obj)
 .text.nrfx_gpiote_input_configure
                0x000000000100abdc      0x168 modules/hal_nordic/nrfx/libmodules__hal_nordic__nrfx.a(nrfx_gpiote.c.obj)
                0x000000000100abdc                nrfx_gpiote_input_configure
 .text.nrfx_gpiote_output_configure
                0x000000000100ad44       0xf8 modules/hal_nordic/nrfx/libmodules__hal_nordic__nrfx.a(nrfx_gpiote.c.obj)
                0x000000000100ad44                nrfx_gpiote_output_configure
 .text.nrfx_gpiote_global_callback_set
                0x000000000100ae3c        0xc modules/hal_nordic/nrfx/libmodules__hal_nordic__nrfx.a(nrfx_gpiote.c.obj)
                0x000000000100ae3c                nrfx_gpiote_global_callback_set
 .text.nrfx_gpiote_channel_get
                0x000000000100ae48       0x30 modules/hal_nordic/nrfx/libmodules__hal_nordic__nrfx.a(nrfx_gpiote.c.obj)
                0x000000000100ae48                nrfx_gpiote_channel_get
 .text.nrfx_gpiote_init
                0x000000000100ae78       0x74 modules/hal_nordic/nrfx/libmodules__hal_nordic__nrfx.a(nrfx_gpiote.c.obj)
                0x000000000100ae78                nrfx_gpiote_init
 .text.nrfx_gpiote_is_init
                0x000000000100aeec       0x14 modules/hal_nordic/nrfx/libmodules__hal_nordic__nrfx.a(nrfx_gpiote.c.obj)
                0x000000000100aeec                nrfx_gpiote_is_init
 .text.nrfx_gpiote_channel_free
                0x000000000100af00        0xc modules/hal_nordic/nrfx/libmodules__hal_nordic__nrfx.a(nrfx_gpiote.c.obj)
                0x000000000100af00                nrfx_gpiote_channel_free
 .text.nrfx_gpiote_channel_alloc
                0x000000000100af0c        0xc modules/hal_nordic/nrfx/libmodules__hal_nordic__nrfx.a(nrfx_gpiote.c.obj)
                0x000000000100af0c                nrfx_gpiote_channel_alloc
 .text.nrfx_gpiote_trigger_enable
                0x000000000100af18       0x98 modules/hal_nordic/nrfx/libmodules__hal_nordic__nrfx.a(nrfx_gpiote.c.obj)
                0x000000000100af18                nrfx_gpiote_trigger_enable
 .text.nrfx_gpiote_0_irq_handler
                0x000000000100afb0      0x1b8 modules/hal_nordic/nrfx/libmodules__hal_nordic__nrfx.a(nrfx_gpiote.c.obj)
                0x000000000100afb0                nrfx_gpiote_0_irq_handler
 .text.z_fatal_error
                0x000000000100b168       0x38 zephyr/kernel/libkernel.a(fatal.c.obj)
                0x000000000100b168                z_fatal_error
 .text.z_sys_init_run_level
                0x000000000100b1a0       0x48 zephyr/kernel/libkernel.a(init.c.obj)
 .text.bg_thread_main
                0x000000000100b1e8       0x34 zephyr/kernel/libkernel.a(init.c.obj)
 .text.z_bss_zero
                0x000000000100b21c       0x18 zephyr/kernel/libkernel.a(init.c.obj)
                0x000000000100b21c                z_bss_zero
 .text.z_init_cpu
                0x000000000100b234       0x7c zephyr/kernel/libkernel.a(init.c.obj)
                0x000000000100b234                z_init_cpu
 .text.z_cstart
                0x000000000100b2b0       0xdc zephyr/kernel/libkernel.a(init.c.obj)
                0x000000000100b2b0                z_cstart
 .text.z_setup_new_thread
                0x000000000100b38c       0x7c zephyr/kernel/libkernel.a(thread.c.obj)
                0x000000000100b38c                z_setup_new_thread
 .text.z_init_static_threads
                0x000000000100b408       0xb8 zephyr/kernel/libkernel.a(thread.c.obj)
                0x000000000100b408                z_init_static_threads
 .text.z_impl_k_sem_give
                0x000000000100b4c0       0x48 zephyr/kernel/libkernel.a(sem.c.obj)
                0x000000000100b4c0                z_impl_k_sem_give
 .text.z_impl_k_sem_take
                0x000000000100b508       0x50 zephyr/kernel/libkernel.a(sem.c.obj)
                0x000000000100b508                z_impl_k_sem_take
 .text.sliceable
                0x000000000100b558       0x3c zephyr/kernel/libkernel.a(sched.c.obj)
 .text.slice_timeout
                0x000000000100b594       0x20 zephyr/kernel/libkernel.a(sched.c.obj)
 .text.z_reset_time_slice
                0x000000000100b5b4       0x50 zephyr/kernel/libkernel.a(sched.c.obj)
                0x000000000100b5b4                z_reset_time_slice
 .text.update_cache
                0x000000000100b604       0x3c zephyr/kernel/libkernel.a(sched.c.obj)
 .text.move_thread_to_end_of_prio_q
                0x000000000100b640       0x74 zephyr/kernel/libkernel.a(sched.c.obj)
 .text.ready_thread
                0x000000000100b6b4       0x68 zephyr/kernel/libkernel.a(sched.c.obj)
 .text.unready_thread
                0x000000000100b71c       0x30 zephyr/kernel/libkernel.a(sched.c.obj)
 .text.pend_locked
                0x000000000100b74c       0x30 zephyr/kernel/libkernel.a(sched.c.obj)
 .text.z_time_slice
                0x000000000100b77c       0x60 zephyr/kernel/libkernel.a(sched.c.obj)
                0x000000000100b77c                z_time_slice
 .text.z_pend_curr
                0x000000000100b7dc       0x3c zephyr/kernel/libkernel.a(sched.c.obj)
                0x000000000100b7dc                z_pend_curr
 .text.z_reschedule
                0x000000000100b818       0x24 zephyr/kernel/libkernel.a(sched.c.obj)
                0x000000000100b818                z_reschedule
 .text.z_sched_start
                0x000000000100b83c       0x3c zephyr/kernel/libkernel.a(sched.c.obj)
                0x000000000100b83c                z_sched_start
 .text.z_impl_k_thread_suspend
                0x000000000100b878       0x64 zephyr/kernel/libkernel.a(sched.c.obj)
                0x000000000100b878                z_impl_k_thread_suspend
 .text.k_sched_lock
                0x000000000100b8dc       0x28 zephyr/kernel/libkernel.a(sched.c.obj)
                0x000000000100b8dc                k_sched_lock
 .text.k_sched_unlock
                0x000000000100b904       0x38 zephyr/kernel/libkernel.a(sched.c.obj)
                0x000000000100b904                k_sched_unlock
 .text.z_sched_init
                0x000000000100b93c       0x10 zephyr/kernel/libkernel.a(sched.c.obj)
                0x000000000100b93c                z_sched_init
 .text.z_impl_k_yield
                0x000000000100b94c       0x7c zephyr/kernel/libkernel.a(sched.c.obj)
                0x000000000100b94c                z_impl_k_yield
 .text.z_tick_sleep
                0x000000000100b9c8       0x88 zephyr/kernel/libkernel.a(sched.c.obj)
 .text.z_impl_k_sleep
                0x000000000100ba50       0x34 zephyr/kernel/libkernel.a(sched.c.obj)
                0x000000000100ba50                z_impl_k_sleep
 .text.z_impl_z_current_get
                0x000000000100ba84        0xc zephyr/kernel/libkernel.a(sched.c.obj)
                0x000000000100ba84                z_impl_z_current_get
 .text.z_thread_abort
                0x000000000100ba90       0xc0 zephyr/kernel/libkernel.a(sched.c.obj)
                0x000000000100ba90                z_thread_abort
 .text.z_data_copy
                0x000000000100bb50       0x34 zephyr/kernel/libkernel.a(xip.c.obj)
                0x000000000100bb50                z_data_copy
 .text.elapsed  0x000000000100bb84       0x14 zephyr/kernel/libkernel.a(timeout.c.obj)
 .text.next_timeout
                0x000000000100bb98       0x40 zephyr/kernel/libkernel.a(timeout.c.obj)
 .text.remove_timeout
                0x000000000100bbd8       0x38 zephyr/kernel/libkernel.a(timeout.c.obj)
 .text.z_add_timeout
                0x000000000100bc10       0xec zephyr/kernel/libkernel.a(timeout.c.obj)
                0x000000000100bc10                z_add_timeout
 .text.sys_clock_announce
                0x000000000100bcfc       0xd4 zephyr/kernel/libkernel.a(timeout.c.obj)
                0x000000000100bcfc                sys_clock_announce
 .text.sys_clock_tick_get
                0x000000000100bdd0       0x34 zephyr/kernel/libkernel.a(timeout.c.obj)
                0x000000000100bdd0                sys_clock_tick_get
 .text.boot_banner
                0x000000000100be04        0xc zephyr/kernel/libkernel.a(banner.c.obj)
                0x000000000100be04                boot_banner
 .text.__i_vfprintf
                0x000000000100be10      0x48c c:\ncs\toolchains\c57af46cb7\opt\zephyr-sdk\arm-zephyr-eabi\bin\../lib/gcc/../../picolibc/arm-zephyr-eabi/lib/thumb/v8-m.main/nofp\libc.a(libc_tinystdio_vfiprintf.c.o)
                0x000000000100be10                __i_vfprintf
 .text.main     0x000000000100c29c        0x4 app/libapp.a(main.c.obj)
                0x000000000100c29c                main
 .text.arch_printk_char_out
                0x000000000100c2a0        0x4 zephyr/libzephyr.a(printk.c.obj)
                0x000000000100c2a0                arch_printk_char_out
 .text.printk   0x000000000100c2a4       0x1a zephyr/libzephyr.a(printk.c.obj)
                0x000000000100c2a4                printk
 .text.chunk_field
                0x000000000100c2be       0x16 zephyr/libzephyr.a(heap.c.obj)
 .text.chunk_set
                0x000000000100c2d4       0x16 zephyr/libzephyr.a(heap.c.obj)
 .text.chunk_size
                0x000000000100c2ea        0xc zephyr/libzephyr.a(heap.c.obj)
 .text.set_chunk_used
                0x000000000100c2f6       0x30 zephyr/libzephyr.a(heap.c.obj)
 .text.set_chunk_size
                0x000000000100c326        0x8 zephyr/libzephyr.a(heap.c.obj)
 .text.bucket_idx.isra.0
                0x000000000100c32e       0x1c zephyr/libzephyr.a(heap.c.obj)
 .text.free_list_add
                0x000000000100c34a       0x84 zephyr/libzephyr.a(heap.c.obj)
 .text.sys_heap_init
                0x000000000100c3ce       0xb0 zephyr/libzephyr.a(heap.c.obj)
                0x000000000100c3ce                sys_heap_init
 .text.process_recheck
                0x000000000100c47e       0x38 zephyr/libzephyr.a(onoff.c.obj)
 .text.validate_args
                0x000000000100c4b6       0x20 zephyr/libzephyr.a(onoff.c.obj)
 .text.notify_one
                0x000000000100c4d6       0x2c zephyr/libzephyr.a(onoff.c.obj)
 .text.transition_complete
                0x000000000100c502       0x1c zephyr/libzephyr.a(onoff.c.obj)
 .text.onoff_manager_init
                0x000000000100c51e       0x26 zephyr/libzephyr.a(onoff.c.obj)
                0x000000000100c51e                onoff_manager_init
 .text.onoff_request
                0x000000000100c544       0xb0 zephyr/libzephyr.a(onoff.c.obj)
                0x000000000100c544                onoff_request
 .text.sys_notify_validate
                0x000000000100c5f4       0x22 zephyr/libzephyr.a(notify.c.obj)
                0x000000000100c5f4                sys_notify_validate
 .text.sys_notify_finalize
                0x000000000100c616       0x1a zephyr/libzephyr.a(notify.c.obj)
                0x000000000100c616                sys_notify_finalize
 .text._ConfigAbsSyms
                0x000000000100c630        0x2 zephyr/libzephyr.a(configs.c.obj)
                0x000000000100c630                _ConfigAbsSyms
 .text.rtc_ticks_to_next_event_get
                0x000000000100c632       0x5e zephyr/libzephyr.a(soc.c.obj)
 .text.rtc_pretick_rtc1_isr_hook
                0x000000000100c690        0x4 zephyr/libzephyr.a(soc.c.obj)
                0x000000000100c690                rtc_pretick_rtc1_isr_hook
 .text.z_arm_fatal_error
                0x000000000100c694        0x4 zephyr/arch/arch/arm/core/aarch32/libarch__arm__core__aarch32.a(fatal.c.obj)
                0x000000000100c694                z_arm_fatal_error
 .text.z_do_kernel_oops
                0x000000000100c698        0x8 zephyr/arch/arch/arm/core/aarch32/libarch__arm__core__aarch32.a(fatal.c.obj)
                0x000000000100c698                z_do_kernel_oops
 .text.z_irq_spurious
                0x000000000100c6a0        0x8 zephyr/arch/arch/arm/core/aarch32/libarch__arm__core__aarch32.a(irq_manage.c.obj)
                0x000000000100c6a0                z_irq_spurious
 .text.z_arm_nmi
                0x000000000100c6a8        0xe zephyr/arch/arch/arm/core/aarch32/libarch__arm__core__aarch32.a(nmi.c.obj)
                0x000000000100c6a8                z_arm_nmi
 .text.configure_builtin_stack_guard
                0x000000000100c6b6        0x8 zephyr/arch/arch/arm/core/aarch32/libarch__arm__core__aarch32.a(thread.c.obj)
                0x000000000100c6b6                configure_builtin_stack_guard
 .text.arm_cmse_mpu_region_get
                0x000000000100c6be       0x12 zephyr/arch/arch/arm/core/aarch32/cortex_m/cmse/libarch__arm__core__aarch32__cortex_m__cmse.a(arm_core_cmse.c.obj)
                0x000000000100c6be                arm_cmse_mpu_region_get
 .text.mpu_configure_region
                0x000000000100c6d0       0x3a zephyr/arch/arch/arm/core/aarch32/mpu/libarch__arm__core__aarch32__mpu.a(arm_mpu.c.obj)
 .text.get_status
                0x000000000100c70a       0x12 zephyr/drivers/clock_control/libdrivers__clock_control.a(clock_control_nrf.c.obj)
 .text.set_on_state
                0x000000000100c71c       0x26 zephyr/drivers/clock_control/libdrivers__clock_control.a(clock_control_nrf.c.obj)
 .text.stop     0x000000000100c742       0x54 zephyr/drivers/clock_control/libdrivers__clock_control.a(clock_control_nrf.c.obj)
 .text.api_stop
                0x000000000100c796        0x6 zephyr/drivers/clock_control/libdrivers__clock_control.a(clock_control_nrf.c.obj)
 .text.async_start
                0x000000000100c79c       0x5e zephyr/drivers/clock_control/libdrivers__clock_control.a(clock_control_nrf.c.obj)
 .text.api_start
                0x000000000100c7fa        0xe zephyr/drivers/clock_control/libdrivers__clock_control.a(clock_control_nrf.c.obj)
 .text.onoff_started_callback
                0x000000000100c808       0x12 zephyr/drivers/clock_control/libdrivers__clock_control.a(clock_control_nrf.c.obj)
 .text.lfclk_start
                0x000000000100c81a        0x6 zephyr/drivers/clock_control/libdrivers__clock_control.a(clock_control_nrf.c.obj)
 .text.lfclk_stop
                0x000000000100c820        0x6 zephyr/drivers/clock_control/libdrivers__clock_control.a(clock_control_nrf.c.obj)
 .text.blocking_start_callback
                0x000000000100c826        0x6 zephyr/drivers/clock_control/libdrivers__clock_control.a(clock_control_nrf.c.obj)
 .text.gpio_nrfx_port_get_raw
                0x000000000100c82c        0xc zephyr/drivers/gpio/libdrivers__gpio.a(gpio_nrfx.c.obj)
 .text.gpio_nrfx_port_set_masked_raw
                0x000000000100c838       0x14 zephyr/drivers/gpio/libdrivers__gpio.a(gpio_nrfx.c.obj)
 .text.gpio_nrfx_port_set_bits_raw
                0x000000000100c84c        0xa zephyr/drivers/gpio/libdrivers__gpio.a(gpio_nrfx.c.obj)
 .text.gpio_nrfx_port_clear_bits_raw
                0x000000000100c856        0xa zephyr/drivers/gpio/libdrivers__gpio.a(gpio_nrfx.c.obj)
 .text.gpio_nrfx_port_toggle_bits
                0x000000000100c860       0x14 zephyr/drivers/gpio/libdrivers__gpio.a(gpio_nrfx.c.obj)
 .text.gpio_nrfx_manage_callback
                0x000000000100c874       0x52 zephyr/drivers/gpio/libdrivers__gpio.a(gpio_nrfx.c.obj)
 .text.event_clear
                0x000000000100c8c6       0x18 zephyr/drivers/timer/libdrivers__timer.a(nrf_rtc_timer.c.obj)
 .text.sys_clock_cycle_get_32
                0x000000000100c8de        0x8 zephyr/drivers/timer/libdrivers__timer.a(nrf_rtc_timer.c.obj)
                0x000000000100c8de                sys_clock_cycle_get_32
 .text.k_sys_fatal_error_handler
                0x000000000100c8e6        0x8 modules/nrf/lib/fatal_error/lib..__nrf__lib__fatal_error.a(fatal_error.c.obj)
                0x000000000100c8e6                k_sys_fatal_error_handler
 .text.skip_ext_apis
                0x000000000100c8ee       0x16 modules/nrf/subsys/fw_info/lib..__nrf__subsys__fw_info.a(fw_info.c.obj)
                0x000000000100c8ee                skip_ext_apis
 .text.nrfx_isr
                0x000000000100c904        0x2 modules/hal_nordic/nrfx/libmodules__hal_nordic__nrfx.a(nrfx_glue.c.obj)
                0x000000000100c904                nrfx_isr
 .text.nrfx_busy_wait
                0x000000000100c906        0x4 modules/hal_nordic/nrfx/libmodules__hal_nordic__nrfx.a(nrfx_glue.c.obj)
                0x000000000100c906                nrfx_busy_wait
 .text.nrfx_gppi_event_endpoint_setup
                0x000000000100c90a        0xa modules/hal_nordic/nrfx/libmodules__hal_nordic__nrfx.a(nrfx_gppi_dppi.c.obj)
                0x000000000100c90a                nrfx_gppi_event_endpoint_setup
 .text.nrfx_gppi_task_endpoint_setup
                0x000000000100c914        0xa modules/hal_nordic/nrfx/libmodules__hal_nordic__nrfx.a(nrfx_gppi_dppi.c.obj)
                0x000000000100c914                nrfx_gppi_task_endpoint_setup
 .text.nrfx_gppi_channel_alloc
                0x000000000100c91e        0x4 modules/hal_nordic/nrfx/libmodules__hal_nordic__nrfx.a(nrfx_gppi_dppi.c.obj)
                0x000000000100c91e                nrfx_gppi_channel_alloc
 .text.nrfx_clock_stop
                0x000000000100c922        0x4 modules/hal_nordic/nrfx/libmodules__hal_nordic__nrfx.a(nrfx_clock.c.obj)
                0x000000000100c922                nrfx_clock_stop
 .text.nrf_gpio_reconfigure
                0x000000000100c926       0x92 modules/hal_nordic/nrfx/libmodules__hal_nordic__nrfx.a(nrfx_gpiote.c.obj)
 .text.nrf_gpio_cfg_sense_set
                0x000000000100c9b8       0x1e modules/hal_nordic/nrfx/libmodules__hal_nordic__nrfx.a(nrfx_gpiote.c.obj)
 .text.nrfx_gpiote_pin_uninit
                0x000000000100c9d6        0x4 modules/hal_nordic/nrfx/libmodules__hal_nordic__nrfx.a(nrfx_gpiote.c.obj)
                0x000000000100c9d6                nrfx_gpiote_pin_uninit
 .text.nrfx_gpiote_trigger_disable
                0x000000000100c9da        0x4 modules/hal_nordic/nrfx/libmodules__hal_nordic__nrfx.a(nrfx_gpiote.c.obj)
                0x000000000100c9da                nrfx_gpiote_trigger_disable
 .text.z_impl_k_busy_wait
                0x000000000100c9de        0x8 zephyr/kernel/libkernel.a(busy_wait.c.obj)
                0x000000000100c9de                z_impl_k_busy_wait
 .text.z_early_memset
                0x000000000100c9e6        0x4 zephyr/kernel/libkernel.a(init.c.obj)
                0x000000000100c9e6                z_early_memset
 .text.z_early_memcpy
                0x000000000100c9ea        0x4 zephyr/kernel/libkernel.a(init.c.obj)
                0x000000000100c9ea                z_early_memcpy
 .text.k_is_in_isr
                0x000000000100c9ee        0xc zephyr/kernel/libkernel.a(thread.c.obj)
                0x000000000100c9ee                k_is_in_isr
 .text.idle     0x000000000100c9fa       0x18 zephyr/kernel/libkernel.a(idle.c.obj)
                0x000000000100c9fa                idle
 .text.sys_dlist_remove
                0x000000000100ca12       0x10 zephyr/kernel/libkernel.a(sched.c.obj)
 .text.unpend_thread_no_timeout
                0x000000000100ca22       0x14 zephyr/kernel/libkernel.a(sched.c.obj)
 .text.add_to_waitq_locked
                0x000000000100ca36       0x50 zephyr/kernel/libkernel.a(sched.c.obj)
 .text.z_ready_thread
                0x000000000100ca86       0x20 zephyr/kernel/libkernel.a(sched.c.obj)
                0x000000000100ca86                z_ready_thread
 .text.z_sched_wake_thread
                0x000000000100caa6       0x44 zephyr/kernel/libkernel.a(sched.c.obj)
                0x000000000100caa6                z_sched_wake_thread
 .text.z_thread_timeout
                0x000000000100caea        0x8 zephyr/kernel/libkernel.a(sched.c.obj)
                0x000000000100caea                z_thread_timeout
 .text.z_unpend_first_thread
                0x000000000100caf2       0x38 zephyr/kernel/libkernel.a(sched.c.obj)
                0x000000000100caf2                z_unpend_first_thread
 .text.z_reschedule_irqlock
                0x000000000100cb2a       0x18 zephyr/kernel/libkernel.a(sched.c.obj)
                0x000000000100cb2a                z_reschedule_irqlock
 .text.z_reschedule_unlocked
                0x000000000100cb42       0x14 zephyr/kernel/libkernel.a(sched.c.obj)
 .text.z_abort_timeout
                0x000000000100cb56       0x2c zephyr/kernel/libkernel.a(timeout.c.obj)
                0x000000000100cb56                z_abort_timeout
 .text.sys_clock_tick_get_32
                0x000000000100cb82        0x8 zephyr/kernel/libkernel.a(timeout.c.obj)
                0x000000000100cb82                sys_clock_tick_get_32
 .text.z_device_state_init
                0x000000000100cb8a        0x2 zephyr/kernel/libkernel.a(device.c.obj)
                0x000000000100cb8a                z_device_state_init
 .text._OffsetAbsSyms
                0x000000000100cb8c        0x2 zephyr/CMakeFiles/offsets.dir/./arch/arm/core/offsets/offsets.c.obj
                0x000000000100cb8c                _OffsetAbsSyms
 .text.memcmp   0x000000000100cb8e       0x20 c:\ncs\toolchains\c57af46cb7\opt\zephyr-sdk\arm-zephyr-eabi\bin\../lib/gcc/../../picolibc/arm-zephyr-eabi/lib/thumb/v8-m.main/nofp\libc.a(libc_string_memcmp.c.o)
                0x000000000100cb8e                memcmp
 .text.strnlen  0x000000000100cbae       0x18 c:\ncs\toolchains\c57af46cb7\opt\zephyr-sdk\arm-zephyr-eabi\bin\../lib/gcc/../../picolibc/arm-zephyr-eabi/lib/thumb/v8-m.main/nofp\libc.a(libc_string_strnlen.c.o)
                0x000000000100cbae                strnlen
 .text.__ultoa_invert
                0x000000000100cbc6       0x38 c:\ncs\toolchains\c57af46cb7\opt\zephyr-sdk\arm-zephyr-eabi\bin\../lib/gcc/../../picolibc/arm-zephyr-eabi/lib/thumb/v8-m.main/nofp\libc.a(libc_tinystdio_vfiprintf.c.o)
 .text.memcpy   0x000000000100cbfe       0x1a c:\ncs\toolchains\c57af46cb7\opt\zephyr-sdk\arm-zephyr-eabi\bin\../lib/gcc/../../picolibc/arm-zephyr-eabi/lib/thumb/v8-m.main/nofp\libc.a(memcpy.c.o)
                0x000000000100cbfe                __aeabi_memcpy
                0x000000000100cbfe                __aeabi_memcpy4
                0x000000000100cbfe                __aeabi_memcpy8
                0x000000000100cbfe                memcpy
 .text.memset   0x000000000100cc18       0x10 c:\ncs\toolchains\c57af46cb7\opt\zephyr-sdk\arm-zephyr-eabi\bin\../lib/gcc/../../picolibc/arm-zephyr-eabi/lib/thumb/v8-m.main/nofp\libc.a(memset.c.o)
                0x000000000100cc18                memset
 *(SORT_BY_ALIGNMENT(.TEXT.*))
 .TEXT.__aeabi_read_tp
                0x000000000100cc28        0xc zephyr/arch/arch/arm/core/aarch32/cortex_m/libarch__arm__core__aarch32__cortex_m.a(__aeabi_read_tp.S.obj)
                0x000000000100cc28                __aeabi_read_tp
 *(SORT_BY_ALIGNMENT(.gnu.linkonce.t.*))
 *(SORT_BY_ALIGNMENT(.glue_7t))
 .glue_7t       0x000000000100cc34        0x0 linker stubs
 *(SORT_BY_ALIGNMENT(.glue_7))
 .glue_7        0x000000000100cc34        0x0 linker stubs
 *(SORT_BY_ALIGNMENT(.vfp11_veneer))
 .vfp11_veneer  0x000000000100cc34        0x0 linker stubs
 *(SORT_BY_ALIGNMENT(.v4_bx))
 .v4_bx         0x000000000100cc34        0x0 linker stubs
                0x000000000100cc34                . = ALIGN (0x4)
                0x000000000100cc34                __text_region_end = .

.ARM.exidx      0x000000000100cc34        0x8
                0x000000000100cc34                __exidx_start = .
 *(SORT_BY_ALIGNMENT(.ARM.exidx*) SORT_BY_ALIGNMENT(gnu.linkonce.armexidx.*))
 .ARM.exidx     0x000000000100cc34        0x8 c:/ncs/toolchains/c57af46cb7/opt/zephyr-sdk/arm-zephyr-eabi/bin/../lib/gcc/arm-zephyr-eabi/12.2.0/thumb/v8-m.main/nofp\libgcc.a(_udivmoddi4.o)
                0x000000000100cc3c                __exidx_end = .
                0x000000000100cc3c                __rodata_region_start = .

initlevel       0x000000000100cc3c       0x40
                0x000000000100cc3c                __init_start = .
                0x000000000100cc3c                __init_EARLY_start = .
 *(SORT_BY_NAME(SORT_BY_ALIGNMENT(.z_init_EARLY?_*)))
 *(SORT_BY_NAME(SORT_BY_ALIGNMENT(.z_init_EARLY??_*)))
                0x000000000100cc3c                __init_PRE_KERNEL_1_start = .
 *(SORT_BY_NAME(SORT_BY_ALIGNMENT(.z_init_PRE_KERNEL_1?_*)))
 .z_init_PRE_KERNEL_10_0_
                0x000000000100cc3c        0x8 zephyr/libzephyr.a(soc.c.obj)
 *(SORT_BY_NAME(SORT_BY_ALIGNMENT(.z_init_PRE_KERNEL_1??_*)))
 .z_init_PRE_KERNEL_130_00034_
                0x000000000100cc44        0x8 zephyr/drivers/clock_control/libdrivers__clock_control.a(clock_control_nrf.c.obj)
 .z_init_PRE_KERNEL_140_00006_
                0x000000000100cc4c        0x8 zephyr/drivers/gpio/libdrivers__gpio.a(gpio_nrfx.c.obj)
 .z_init_PRE_KERNEL_140_00007_
                0x000000000100cc54        0x8 zephyr/drivers/gpio/libdrivers__gpio.a(gpio_nrfx.c.obj)
                0x000000000100cc5c                __init_PRE_KERNEL_2_start = .
 *(SORT_BY_NAME(SORT_BY_ALIGNMENT(.z_init_PRE_KERNEL_2?_*)))
 .z_init_PRE_KERNEL_20_0_
                0x000000000100cc5c        0x8 zephyr/drivers/timer/libdrivers__timer.a(nrf_rtc_timer.c.obj)
 *(SORT_BY_NAME(SORT_BY_ALIGNMENT(.z_init_PRE_KERNEL_2??_*)))
                0x000000000100cc64                __init_POST_KERNEL_start = .
 *(SORT_BY_NAME(SORT_BY_ALIGNMENT(.z_init_POST_KERNEL?_*)))
 .z_init_POST_KERNEL0_0_
                0x000000000100cc64        0x8 zephyr/libzephyr.a(soc.c.obj)
 *(SORT_BY_NAME(SORT_BY_ALIGNMENT(.z_init_POST_KERNEL??_*)))
 .z_init_POST_KERNEL40_0_
                0x000000000100cc6c        0x8 zephyr/lib/libc/common/liblib__libc__common.a(malloc.c.obj)
 .z_init_POST_KERNEL90_0_
                0x000000000100cc74        0x8 modules/nrf/subsys/fw_info/lib..__nrf__subsys__fw_info.a(fw_info.c.obj)
                0x000000000100cc7c                __init_APPLICATION_start = .
 *(SORT_BY_NAME(SORT_BY_ALIGNMENT(.z_init_APPLICATION?_*)))
 *(SORT_BY_NAME(SORT_BY_ALIGNMENT(.z_init_APPLICATION??_*)))
                0x000000000100cc7c                __init_SMP_start = .
 *(SORT_BY_NAME(SORT_BY_ALIGNMENT(.z_init_SMP?_*)))
 *(SORT_BY_NAME(SORT_BY_ALIGNMENT(.z_init_SMP??_*)))
                0x000000000100cc7c                __init_end = .

device_area     0x000000000100cc7c       0x3c
                0x000000000100cc7c                _device_list_start = .
 *(SORT_BY_NAME(SORT_BY_ALIGNMENT(._device.static.*_?_*)))
 *(SORT_BY_NAME(SORT_BY_ALIGNMENT(._device.static.*_??_*)))
 ._device.static.1_30_
                0x000000000100cc7c       0x14 zephyr/drivers/clock_control/libdrivers__clock_control.a(clock_control_nrf.c.obj)
                0x000000000100cc7c                __device_dts_ord_34
 ._device.static.1_40_
                0x000000000100cc90       0x28 zephyr/drivers/gpio/libdrivers__gpio.a(gpio_nrfx.c.obj)
                0x000000000100cc90                __device_dts_ord_7
                0x000000000100cca4                __device_dts_ord_6
                0x000000000100ccb8                _device_list_end = .

sw_isr_table    0x000000000100ccb8       0xf0
                0x000000000100ccb8                . = ALIGN (0x4)
 *(SORT_BY_ALIGNMENT(.gnu.linkonce.sw_isr_table*))
 .gnu.linkonce.sw_isr_table
                0x000000000100ccb8       0xf0 zephyr/CMakeFiles/zephyr_final.dir/isr_tables.c.obj
                0x000000000100ccb8                _sw_isr_table

initlevel_error
                0x000000000100cc3c        0x0
 *(SORT_BY_NAME(SORT_BY_ALIGNMENT(.z_init_[_A-Z0-9]*)))
                0x0000000000000001                ASSERT ((SIZEOF (initlevel_error) == 0x0), Undefined initialization levels used.)

app_shmem_regions
                0x000000000100cda8        0x0
                0x000000000100cda8                __app_shmem_regions_start = .
 *(SORT_BY_NAME(SORT_BY_ALIGNMENT(.app_regions.*)))
                0x000000000100cda8                __app_shmem_regions_end = .

k_p4wq_initparam_area
                0x000000000100cda8        0x0
                0x000000000100cda8                _k_p4wq_initparam_list_start = .
 *(SORT_BY_NAME(SORT_BY_ALIGNMENT(._k_p4wq_initparam.static.*)))
                0x000000000100cda8                _k_p4wq_initparam_list_end = .

_static_thread_data_area
                0x000000000100cda8        0x0
                0x000000000100cda8                __static_thread_data_list_start = .
 *(SORT_BY_NAME(SORT_BY_ALIGNMENT(.__static_thread_data.static.*)))
                0x000000000100cda8                __static_thread_data_list_end = .

device_deps     0x000000000100cda8        0x0
                0x000000000100cda8                __device_deps_start = .
 *(SORT_BY_NAME(SORT_BY_ALIGNMENT(.__device_deps_pass2*)))
                0x000000000100cda8                __device_deps_end = .

ztest           0x000000000100cda8        0x0
                0x000000000100cda8                _ztest_expected_result_entry_list_start = .
 *(SORT_BY_NAME(SORT_BY_ALIGNMENT(._ztest_expected_result_entry.static.*)))
                0x000000000100cda8                _ztest_expected_result_entry_list_end = .
                0x000000000100cda8                _ztest_suite_node_list_start = .
 *(SORT_BY_NAME(SORT_BY_ALIGNMENT(._ztest_suite_node.static.*)))
                0x000000000100cda8                _ztest_suite_node_list_end = .
                0x000000000100cda8                _ztest_unit_test_list_start = .
 *(SORT_BY_NAME(SORT_BY_ALIGNMENT(._ztest_unit_test.static.*)))
                0x000000000100cda8                _ztest_unit_test_list_end = .
                0x000000000100cda8                _ztest_test_rule_list_start = .
 *(SORT_BY_NAME(SORT_BY_ALIGNMENT(._ztest_test_rule.static.*)))
                0x000000000100cda8                _ztest_test_rule_list_end = .

bt_l2cap_fixed_chan_area
                0x000000000100cda8        0x0
                0x000000000100cda8                _bt_l2cap_fixed_chan_list_start = .
 *(SORT_BY_NAME(SORT_BY_ALIGNMENT(._bt_l2cap_fixed_chan.static.*)))
                0x000000000100cda8                _bt_l2cap_fixed_chan_list_end = .

bt_gatt_service_static_area
                0x000000000100cda8        0x0
                0x000000000100cda8                _bt_gatt_service_static_list_start = .
 *(SORT_BY_NAME(SORT_BY_ALIGNMENT(._bt_gatt_service_static.static.*)))
                0x000000000100cda8                _bt_gatt_service_static_list_end = .

log_strings_area
                0x000000000100cda8        0x0
                0x000000000100cda8                _log_strings_list_start = .
 *(SORT_BY_NAME(SORT_BY_ALIGNMENT(._log_strings.static.*)))
                0x000000000100cda8                _log_strings_list_end = .

log_const_area  0x000000000100cda8       0x48
                0x000000000100cda8                _log_const_list_start = .
 *(SORT_BY_NAME(SORT_BY_ALIGNMENT(._log_const.static.*)))
 ._log_const.static.log_const_NRFX_CLOCK_
                0x000000000100cda8        0x8 modules/hal_nordic/nrfx/libmodules__hal_nordic__nrfx.a(nrfx_clock.c.obj)
                0x000000000100cda8                log_const_NRFX_CLOCK
 ._log_const.static.log_const_NRFX_DPPI_
                0x000000000100cdb0        0x8 modules/hal_nordic/nrfx/libmodules__hal_nordic__nrfx.a(nrfx_dppi.c.obj)
                0x000000000100cdb0                log_const_NRFX_DPPI
 ._log_const.static.log_const_NRFX_GPIOTE_
                0x000000000100cdb8        0x8 modules/hal_nordic/nrfx/libmodules__hal_nordic__nrfx.a(nrfx_gpiote.c.obj)
                0x000000000100cdb8                log_const_NRFX_GPIOTE
 ._log_const.static.log_const_cbprintf_package_
                0x000000000100cdc0        0x8 zephyr/libzephyr.a(cbprintf_packaged.c.obj)
                0x000000000100cdc0                log_const_cbprintf_package
 ._log_const.static.log_const_clock_control_
                0x000000000100cdc8        0x8 zephyr/drivers/clock_control/libdrivers__clock_control.a(clock_control_nrf.c.obj)
                0x000000000100cdc8                log_const_clock_control
 ._log_const.static.log_const_fatal_error_
                0x000000000100cdd0        0x8 modules/nrf/lib/fatal_error/lib..__nrf__lib__fatal_error.a(fatal_error.c.obj)
                0x000000000100cdd0                log_const_fatal_error
 ._log_const.static.log_const_mpu_
                0x000000000100cdd8        0x8 zephyr/arch/arch/arm/core/aarch32/mpu/libarch__arm__core__aarch32__mpu.a(arm_core_mpu.c.obj)
                0x000000000100cdd8                log_const_mpu
 ._log_const.static.log_const_os_
                0x000000000100cde0        0x8 zephyr/kernel/libkernel.a(init.c.obj)
                0x000000000100cde0                log_const_os
 ._log_const.static.log_const_soc_
                0x000000000100cde8        0x8 zephyr/libzephyr.a(soc.c.obj)
                0x000000000100cde8                log_const_soc
                0x000000000100cdf0                _log_const_list_end = .

log_backend_area
                0x000000000100cdf0        0x0
                0x000000000100cdf0                _log_backend_list_start = .
 *(SORT_BY_NAME(SORT_BY_ALIGNMENT(._log_backend.static.*)))
                0x000000000100cdf0                _log_backend_list_end = .

log_link_area   0x000000000100cdf0        0x0
                0x000000000100cdf0                _log_link_list_start = .
 *(SORT_BY_NAME(SORT_BY_ALIGNMENT(._log_link.static.*)))
                0x000000000100cdf0                _log_link_list_end = .

tracing_backend_area
                0x000000000100cdf0        0x0
                0x000000000100cdf0                _tracing_backend_list_start = .
 *(SORT_BY_NAME(SORT_BY_ALIGNMENT(._tracing_backend.static.*)))
                0x000000000100cdf0                _tracing_backend_list_end = .

zephyr_dbg_info
 *(SORT_BY_ALIGNMENT(.dbg_thread_info))

symbol_to_keep  0x000000000100cdf0        0x0
                0x000000000100cdf0                __symbol_to_keep_start = .
 *(SORT_BY_NAME(SORT_BY_ALIGNMENT(.symbol_to_keep*)))
                0x000000000100cdf0                __symbol_to_keep_end = .

shell_area      0x000000000100cdf0        0x0
                0x000000000100cdf0                _shell_list_start = .
 *(SORT_BY_NAME(SORT_BY_ALIGNMENT(._shell.static.*)))
                0x000000000100cdf0                _shell_list_end = .

shell_root_cmds_area
                0x000000000100cdf0        0x0
                0x000000000100cdf0                _shell_root_cmds_list_start = .
 *(SORT_BY_NAME(SORT_BY_ALIGNMENT(._shell_root_cmds.static.*)))
                0x000000000100cdf0                _shell_root_cmds_list_end = .

shell_subcmds_area
                0x000000000100cdf0        0x0
                0x000000000100cdf0                _shell_subcmds_list_start = .
 *(SORT_BY_NAME(SORT_BY_ALIGNMENT(._shell_subcmds.static.*)))
                0x000000000100cdf0                _shell_subcmds_list_end = .

shell_dynamic_subcmds_area
                0x000000000100cdf0        0x0
                0x000000000100cdf0                _shell_dynamic_subcmds_list_start = .
 *(SORT_BY_NAME(SORT_BY_ALIGNMENT(._shell_dynamic_subcmds.static.*)))
                0x000000000100cdf0                _shell_dynamic_subcmds_list_end = .

cfb_font_area   0x000000000100cdf0        0x0
                0x000000000100cdf0                _cfb_font_list_start = .
 *(SORT_BY_NAME(SORT_BY_ALIGNMENT(._cfb_font.static.*)))
                0x000000000100cdf0                _cfb_font_list_end = .

tdata           0x000000000100cdf0        0x0
 *(SORT_BY_ALIGNMENT(.tdata) SORT_BY_ALIGNMENT(.tdata.*) SORT_BY_ALIGNMENT(.gnu.linkonce.td.*))

tbss            0x000000000100cdf0        0x4
 *(SORT_BY_ALIGNMENT(.tbss) SORT_BY_ALIGNMENT(.tbss.*) SORT_BY_ALIGNMENT(.gnu.linkonce.tb.*) SORT_BY_ALIGNMENT(.tcommon))
 .tbss.z_tls_current
                0x000000000100cdf0        0x4 zephyr/libzephyr.a(thread_entry.c.obj)
                0x000000000100cdf0                z_tls_current
                0x000000000100cdf0                PROVIDE (__tdata_start = LOADADDR (tdata))
                0x0000000000000000                PROVIDE (__tdata_size = SIZEOF (tdata))
                [!provide]                        PROVIDE (__tdata_end = (__tdata_start + __tdata_size))
                0x0000000000000001                PROVIDE (__tdata_align = ALIGNOF (tdata))
                [!provide]                        PROVIDE (__tbss_start = ADDR (tbss))
                0x0000000000000004                PROVIDE (__tbss_size = SIZEOF (tbss))
                [!provide]                        PROVIDE (__tbss_end = (__tbss_start + __tbss_size))
                0x0000000000000004                PROVIDE (__tbss_align = ALIGNOF (tbss))
                [!provide]                        PROVIDE (__tls_start = __tdata_start)
                [!provide]                        PROVIDE (__tls_end = __tbss_end)
                [!provide]                        PROVIDE (__tls_size = (__tbss_end - __tdata_start))

rodata          0x000000000100cdf0      0x244
 *(SORT_BY_ALIGNMENT(.rodata))
 .rodata        0x000000000100cdf0       0x18 modules/nrf/subsys/fw_info/lib..__nrf__subsys__fw_info.a(fw_info.c.obj)
 *(SORT_BY_ALIGNMENT(.rodata.*))
 *fill*         0x000000000100ce08        0x8 
 .rodata.delay_machine_code.0
                0x000000000100ce10        0x6 zephyr/libzephyr.a(soc.c.obj)
 *fill*         0x000000000100ce16        0x2 
 .rodata.static_regions
                0x000000000100ce18        0xc zephyr/arch/arch/arm/core/aarch32/mpu/libarch__arm__core__aarch32__mpu.a(arm_core_mpu.c.obj)
 .rodata.mpu_config
                0x000000000100ce24        0x8 zephyr/soc/soc/arm/common/cortex_m/libsoc__arm__common__cortex_m.a(arm_mpu_regions.c.obj)
                0x000000000100ce24                mpu_config
 .rodata.mpu_regions
                0x000000000100ce2c       0x20 zephyr/soc/soc/arm/common/cortex_m/libsoc__arm__common__cortex_m.a(arm_mpu_regions.c.obj)
 .rodata.transitions.0
                0x000000000100ce4c        0xc zephyr/drivers/clock_control/libdrivers__clock_control.a(clock_control_nrf.c.obj)
 .rodata.config
                0x000000000100ce58       0x10 zephyr/drivers/clock_control/libdrivers__clock_control.a(clock_control_nrf.c.obj)
 .rodata.clock_control_api
                0x000000000100ce68       0x1c zephyr/drivers/clock_control/libdrivers__clock_control.a(clock_control_nrf.c.obj)
 .rodata.gpio_nrfx_p1_cfg
                0x000000000100ce84       0x10 zephyr/drivers/gpio/libdrivers__gpio.a(gpio_nrfx.c.obj)
 .rodata.gpio_nrfx_p0_cfg
                0x000000000100ce94       0x10 zephyr/drivers/gpio/libdrivers__gpio.a(gpio_nrfx.c.obj)
 .rodata.gpio_nrfx_drv_api_funcs
                0x000000000100cea4       0x24 zephyr/drivers/gpio/libdrivers__gpio.a(gpio_nrfx.c.obj)
 .rodata._k_neg_eagain
                0x000000000100cec8        0x4 zephyr/kernel/libkernel.a(errno.c.obj)
                0x000000000100cec8                _k_neg_eagain
 .rodata.levels.0
                0x000000000100cecc       0x18 zephyr/kernel/libkernel.a(init.c.obj)
 .rodata.str1.1
                0x000000000100cee4       0x11 zephyr/libzephyr.a(cbprintf_packaged.c.obj)
 .rodata.str1.1
                0x000000000100cef5        0x4 zephyr/libzephyr.a(soc.c.obj)
 .rodata.str1.1
                0x000000000100cef9        0x4 zephyr/arch/arch/arm/core/aarch32/mpu/libarch__arm__core__aarch32__mpu.a(arm_core_mpu.c.obj)
 .rodata.str1.1
                0x000000000100cefd        0xf zephyr/soc/soc/arm/common/cortex_m/libsoc__arm__common__cortex_m.a(arm_mpu_regions.c.obj)
 .rodata.str1.1
                0x000000000100cf0c       0x1d zephyr/drivers/clock_control/libdrivers__clock_control.a(clock_control_nrf.c.obj)
 .rodata.str1.1
                0x000000000100cf29       0x1c zephyr/drivers/gpio/libdrivers__gpio.a(gpio_nrfx.c.obj)
 .rodata.str1.1
                0x000000000100cf45        0xc modules/nrf/lib/fatal_error/lib..__nrf__lib__fatal_error.a(fatal_error.c.obj)
 .rodata.check_ext_api_requests.str1.1
                0x000000000100cf51       0x5c modules/nrf/subsys/fw_info/lib..__nrf__subsys__fw_info.a(fw_info.c.obj)
 .rodata.CSWTCH.4
                0x000000000100cfad        0x4 modules/hal_nordic/nrfx/libmodules__hal_nordic__nrfx.a(system_nrf5340_network.c.obj)
 .rodata.CSWTCH.1
                0x000000000100cfb1        0x4 modules/hal_nordic/nrfx/libmodules__hal_nordic__nrfx.a(system_nrf5340_network.c.obj)
 .rodata.str1.1
                0x000000000100cfb5        0xb modules/hal_nordic/nrfx/libmodules__hal_nordic__nrfx.a(nrfx_clock.c.obj)
 .rodata.str1.1
                0x000000000100cfc0        0xa modules/hal_nordic/nrfx/libmodules__hal_nordic__nrfx.a(nrfx_dppi.c.obj)
 .rodata.port_offset.1
                0x000000000100cfca       0x10 modules/hal_nordic/nrfx/libmodules__hal_nordic__nrfx.a(nrfx_gpiote.c.obj)
 .rodata.ports  0x000000000100cfda        0x2 modules/hal_nordic/nrfx/libmodules__hal_nordic__nrfx.a(nrfx_gpiote.c.obj)
 .rodata.str1.1
                0x000000000100cfdc        0xc modules/hal_nordic/nrfx/libmodules__hal_nordic__nrfx.a(nrfx_gpiote.c.obj)
 .rodata.z_cstart.str1.1
                0x000000000100cfe8        0x5 zephyr/kernel/libkernel.a(init.c.obj)
 .rodata.str1.1
                0x000000000100cfed        0x3 zephyr/kernel/libkernel.a(init.c.obj)
 .rodata.boot_banner.str1.1
                0x000000000100cff0       0x2e zephyr/kernel/libkernel.a(banner.c.obj)
 .rodata.__i_vfprintf.str1.1
                0x000000000100d01e        0xf c:\ncs\toolchains\c57af46cb7\opt\zephyr-sdk\arm-zephyr-eabi\bin\../lib/gcc/../../picolibc/arm-zephyr-eabi/lib/thumb/v8-m.main/nofp\libc.a(libc_tinystdio_vfiprintf.c.o)
 *(SORT_BY_ALIGNMENT(.gnu.linkonce.r.*))
                0x000000000100d030                . = ALIGN (0x4)
 *fill*         0x000000000100d02d        0x3 
                0x000000000100d030                _fw_info_images_start = .
 *(SORT_BY_ALIGNMENT(.fw_info_images))
 .fw_info_images
                0x000000000100d030        0x4 modules/nrf/subsys/fw_info/lib..__nrf__subsys__fw_info.a(fw_info.c.obj)
                0x000000000100d030                self_image
                0x0000000000000001                _fw_info_images_size = ABSOLUTE (((. - _fw_info_images_start) / 0x4))
                0x000000000100d034                _ext_apis_start = .
 *(SORT_BY_ALIGNMENT(.ext_apis))
                0x0000000000000000                _ext_apis_size = ABSOLUTE ((. - _ext_apis_start))
                0x000000000100d034                _ext_apis_req_start = .
 *(SORT_BY_ALIGNMENT(.ext_apis_req))
                0x0000000000000000                _ext_apis_req_size = ABSOLUTE ((. - _ext_apis_req_start))
                0x000000000100d034                . = ALIGN (0x4)
                0x000000000100d034                __rodata_region_end = .
                0x000000000100d040                . = ALIGN (_region_min_align)
                0x000000000100d040                __rom_region_end = ((__rom_region_start + .) - ADDR (rom_start))

/DISCARD/
 *(SORT_BY_ALIGNMENT(.got.plt))
 *(SORT_BY_ALIGNMENT(.igot.plt))
 *(SORT_BY_ALIGNMENT(.got))
 *(SORT_BY_ALIGNMENT(.igot))
                0x0000000021000000                . = 0x21000000
                0x0000000021000000                . = ALIGN (_region_min_align)
                0x0000000021000000                _image_ram_start = .

.ramfunc        0x0000000021000000        0x0 load address 0x000000000100d034
                0x0000000021000000                . = ALIGN (_region_min_align)
                0x0000000021000000                __ramfunc_start = .
 *(SORT_BY_ALIGNMENT(.ramfunc))
 *(SORT_BY_ALIGNMENT(.ramfunc.*))
                0x0000000021000000                . = ALIGN (_region_min_align)
                0x0000000021000000                __ramfunc_end = .
                0x0000000000000000                __ramfunc_size = (__ramfunc_end - __ramfunc_start)
                0x000000000100d034                __ramfunc_load_start = LOADADDR (.ramfunc)

datas           0x0000000021000000       0x94 load address 0x000000000100d034
                0x0000000021000000                __data_region_start = .
                0x0000000021000000                __data_start = .
 *(SORT_BY_ALIGNMENT(.data))
 *(SORT_BY_ALIGNMENT(.data.*))
 .data._char_out
                0x0000000021000000        0x4 zephyr/libzephyr.a(printk.c.obj)
                0x0000000021000000                _char_out
 .data.m_allocated_channels
                0x0000000021000004        0x4 modules/hal_nordic/nrfx/libmodules__hal_nordic__nrfx.a(nrfx_dppi.c.obj)
 .data.m_cb     0x0000000021000008       0x84 modules/hal_nordic/nrfx/libmodules__hal_nordic__nrfx.a(nrfx_gpiote.c.obj)
 .data.timeout_list
                0x000000002100008c        0x8 zephyr/kernel/libkernel.a(timeout.c.obj)
 *(SORT_BY_ALIGNMENT(.kernel.*))
                0x0000000021000094                __data_end = .
                0x0000000000000094                __data_size = (__data_end - __data_start)
                0x000000000100d034                __data_load_start = LOADADDR (datas)
                0x000000000100d034                __data_region_load_start = LOADADDR (datas)

device_states   0x0000000021000094        0x6 load address 0x000000000100d0c8
                0x0000000021000094                __device_states_start = .
 *(SORT_BY_ALIGNMENT(.z_devstate))
 .z_devstate    0x0000000021000094        0x2 zephyr/drivers/clock_control/libdrivers__clock_control.a(clock_control_nrf.c.obj)
 .z_devstate    0x0000000021000096        0x4 zephyr/drivers/gpio/libdrivers__gpio.a(gpio_nrfx.c.obj)
 *(SORT_BY_ALIGNMENT(.z_devstate.*))
                0x000000002100009a                __device_states_end = .

log_mpsc_pbuf_area
                0x000000002100009a        0x0 load address 0x000000000100d0ce
                0x000000002100009a                _log_mpsc_pbuf_list_start = .
 *(SORT_BY_NAME(SORT_BY_ALIGNMENT(._log_mpsc_pbuf.static.*)))
                0x000000002100009a                _log_mpsc_pbuf_list_end = .

log_msg_ptr_area
                0x000000002100009a        0x0 load address 0x000000000100d0ce
                0x000000002100009a                _log_msg_ptr_list_start = .
 *(SORT_BY_NAME(SORT_BY_ALIGNMENT(._log_msg_ptr.static.*)))
                0x000000002100009a                _log_msg_ptr_list_end = .

log_dynamic_area
                0x000000002100009a        0x0 load address 0x000000000100d0ce
                0x000000002100009a                _log_dynamic_list_start = .
 *(SORT_BY_NAME(SORT_BY_ALIGNMENT(._log_dynamic.static.*)))
                0x000000002100009a                _log_dynamic_list_end = .

k_timer_area    0x000000002100009a        0x0 load address 0x000000000100d0ce
                0x000000002100009a                _k_timer_list_start = .
 *(SORT_BY_NAME(SORT_BY_ALIGNMENT(._k_timer.static.*)))
                0x000000002100009a                _k_timer_list_end = .

k_mem_slab_area
                0x000000002100009a        0x0 load address 0x000000000100d0ce
                0x000000002100009a                _k_mem_slab_list_start = .
 *(SORT_BY_NAME(SORT_BY_ALIGNMENT(._k_mem_slab.static.*)))
                0x000000002100009a                _k_mem_slab_list_end = .

k_heap_area     0x000000002100009a        0x0 load address 0x000000000100d0ce
                0x000000002100009a                _k_heap_list_start = .
 *(SORT_BY_NAME(SORT_BY_ALIGNMENT(._k_heap.static.*)))
                0x000000002100009a                _k_heap_list_end = .

k_mutex_area    0x000000002100009a        0x0 load address 0x000000000100d0ce
                0x000000002100009a                _k_mutex_list_start = .
 *(SORT_BY_NAME(SORT_BY_ALIGNMENT(._k_mutex.static.*)))
                0x000000002100009a                _k_mutex_list_end = .

k_stack_area    0x000000002100009a        0x0 load address 0x000000000100d0ce
                0x000000002100009a                _k_stack_list_start = .
 *(SORT_BY_NAME(SORT_BY_ALIGNMENT(._k_stack.static.*)))
                0x000000002100009a                _k_stack_list_end = .

k_msgq_area     0x000000002100009a        0x0 load address 0x000000000100d0ce
                0x000000002100009a                _k_msgq_list_start = .
 *(SORT_BY_NAME(SORT_BY_ALIGNMENT(._k_msgq.static.*)))
                0x000000002100009a                _k_msgq_list_end = .

k_mbox_area     0x000000002100009a        0x0 load address 0x000000000100d0ce
                0x000000002100009a                _k_mbox_list_start = .
 *(SORT_BY_NAME(SORT_BY_ALIGNMENT(._k_mbox.static.*)))
                0x000000002100009a                _k_mbox_list_end = .

k_pipe_area     0x000000002100009a        0x0 load address 0x000000000100d0ce
                0x000000002100009a                _k_pipe_list_start = .
 *(SORT_BY_NAME(SORT_BY_ALIGNMENT(._k_pipe.static.*)))
                0x000000002100009a                _k_pipe_list_end = .

k_sem_area      0x000000002100009a        0x0 load address 0x000000000100d0ce
                0x000000002100009a                _k_sem_list_start = .
 *(SORT_BY_NAME(SORT_BY_ALIGNMENT(._k_sem.static.*)))
                0x000000002100009a                _k_sem_list_end = .

k_event_area    0x000000002100009a        0x0 load address 0x000000000100d0ce
                0x000000002100009a                _k_event_list_start = .
 *(SORT_BY_NAME(SORT_BY_ALIGNMENT(._k_event.static.*)))
                0x000000002100009a                _k_event_list_end = .

k_queue_area    0x000000002100009a        0x0 load address 0x000000000100d0ce
                0x000000002100009a                _k_queue_list_start = .
 *(SORT_BY_NAME(SORT_BY_ALIGNMENT(._k_queue.static.*)))
                0x000000002100009a                _k_queue_list_end = .

k_condvar_area  0x000000002100009a        0x0 load address 0x000000000100d0ce
                0x000000002100009a                _k_condvar_list_start = .
 *(SORT_BY_NAME(SORT_BY_ALIGNMENT(._k_condvar.static.*)))
                0x000000002100009a                _k_condvar_list_end = .

net_buf_pool_area
                0x000000002100009a        0x0 load address 0x000000000100d0ce
                0x000000002100009a                _net_buf_pool_list_start = .
 *(SORT_BY_NAME(SORT_BY_ALIGNMENT(._net_buf_pool.static.*)))
                0x000000002100009a                _net_buf_pool_list_end = .
                0x000000002100009a                __data_region_end = .

bss             0x00000000210000a0      0x23c
                0x00000000210000a0                . = ALIGN (0x4)
                0x00000000210000a0                __bss_start = .
                0x00000000210000a0                __kernel_ram_start = .
 *(SORT_BY_ALIGNMENT(.bss))
 *(SORT_BY_ALIGNMENT(.bss.*))
 .bss.cc_data   0x00000000210000a0       0x10 zephyr/drivers/timer/libdrivers__timer.a(nrf_rtc_timer.c.obj)
 .bss.last_count
                0x00000000210000b0        0x8 zephyr/drivers/timer/libdrivers__timer.a(nrf_rtc_timer.c.obj)
 .bss.anchor    0x00000000210000b8        0x8 zephyr/drivers/timer/libdrivers__timer.a(nrf_rtc_timer.c.obj)
 .bss.z_idle_threads
                0x00000000210000c0       0x80 zephyr/kernel/libkernel.a(init.c.obj)
                0x00000000210000c0                z_idle_threads
 .bss.z_main_thread
                0x0000000021000140       0x80 zephyr/kernel/libkernel.a(init.c.obj)
                0x0000000021000140                z_main_thread
 .bss.slice_timeouts
                0x00000000210001c0       0x18 zephyr/kernel/libkernel.a(sched.c.obj)
 .bss.curr_tick
                0x00000000210001d8        0x8 zephyr/kernel/libkernel.a(timeout.c.obj)
 .bss.timestamps.1
                0x00000000210001e0       0x14 zephyr/libzephyr.a(soc.c.obj)
 .bss.z_arm_tls_ptr
                0x00000000210001f4        0x4 zephyr/arch/arch/arm/core/aarch32/libarch__arm__core__aarch32.a(tls.c.obj)
                0x00000000210001f4                z_arm_tls_ptr
 .bss.dyn_reg_info
                0x00000000210001f8       0x14 zephyr/arch/arch/arm/core/aarch32/mpu/libarch__arm__core__aarch32__mpu.a(arm_mpu.c.obj)
 .bss.cli.1     0x000000002100020c       0x10 zephyr/drivers/clock_control/libdrivers__clock_control.a(clock_control_nrf.c.obj)
 .bss.on.2      0x000000002100021c        0x4 zephyr/drivers/clock_control/libdrivers__clock_control.a(clock_control_nrf.c.obj)
 .bss.data      0x0000000021000220       0x50 zephyr/drivers/clock_control/libdrivers__clock_control.a(clock_control_nrf.c.obj)
 .bss.hfclk_users
                0x0000000021000270        0x4 zephyr/drivers/clock_control/libdrivers__clock_control.a(clock_control_nrf.c.obj)
 .bss.gpio_nrfx_p1_data
                0x0000000021000274        0xc zephyr/drivers/gpio/libdrivers__gpio.a(gpio_nrfx.c.obj)
 .bss.gpio_nrfx_p0_data
                0x0000000021000280        0xc zephyr/drivers/gpio/libdrivers__gpio.a(gpio_nrfx.c.obj)
 .bss.force_isr_mask
                0x000000002100028c        0x4 zephyr/drivers/timer/libdrivers__timer.a(nrf_rtc_timer.c.obj)
 .bss.int_mask  0x0000000021000290        0x4 zephyr/drivers/timer/libdrivers__timer.a(nrf_rtc_timer.c.obj)
 .bss.overflow_cnt
                0x0000000021000294        0x4 zephyr/drivers/timer/libdrivers__timer.a(nrf_rtc_timer.c.obj)
 .bss.m_clock_cb
                0x0000000021000298        0x8 modules/hal_nordic/nrfx/libmodules__hal_nordic__nrfx.a(nrfx_clock.c.obj)
 .bss._cpus_active
                0x00000000210002a0        0x4 zephyr/kernel/libkernel.a(init.c.obj)
                0x00000000210002a0                _cpus_active
 .bss._kernel   0x00000000210002a4       0x20 zephyr/kernel/libkernel.a(init.c.obj)
                0x00000000210002a4                _kernel
 .bss.pending_current
                0x00000000210002c4        0x4 zephyr/kernel/libkernel.a(sched.c.obj)
 .bss.slice_max_prio
                0x00000000210002c8        0x4 zephyr/kernel/libkernel.a(sched.c.obj)
 .bss.slice_ticks
                0x00000000210002cc        0x4 zephyr/kernel/libkernel.a(sched.c.obj)
 .bss.announce_remaining
                0x00000000210002d0        0x4 zephyr/kernel/libkernel.a(timeout.c.obj)
 .bss.timestamps_filled.2
                0x00000000210002d4        0x1 zephyr/libzephyr.a(soc.c.obj)
 .bss.current.3
                0x00000000210002d5        0x1 zephyr/libzephyr.a(soc.c.obj)
 .bss.rtc_pretick_cc_set_on_time.4
                0x00000000210002d6        0x1 zephyr/libzephyr.a(soc.c.obj)
 .bss.cpu_idle_prepare_allows_sleep
                0x00000000210002d7        0x1 zephyr/libzephyr.a(soc.c.obj)
 .bss.cpu_idle_prepare_monitor_dummy
                0x00000000210002d8        0x1 zephyr/libzephyr.a(soc.c.obj)
 .bss.static_regions_num
                0x00000000210002d9        0x1 zephyr/arch/arch/arm/core/aarch32/mpu/libarch__arm__core__aarch32__mpu.a(arm_mpu.c.obj)
 .bss.z_sys_post_kernel
                0x00000000210002da        0x1 zephyr/kernel/libkernel.a(init.c.obj)
                0x00000000210002da                z_sys_post_kernel
 .bss.lock      0x00000000210002db        0x0 zephyr/kernel/libkernel.a(sem.c.obj)
 .bss.slice_expired
                0x00000000210002db        0x1 zephyr/kernel/libkernel.a(sched.c.obj)
 .bss.sched_spinlock
                0x00000000210002dc        0x0 zephyr/kernel/libkernel.a(sched.c.obj)
                0x00000000210002dc                sched_spinlock
 *(SORT_BY_ALIGNMENT(COMMON))
 *(SORT_BY_ALIGNMENT(.kernel_bss.*))
                0x00000000210002dc                __bss_end = ALIGN (0x4)

noinit          0x00000000210002e0      0xd0c
 *(SORT_BY_ALIGNMENT(.noinit))
 *(SORT_BY_ALIGNMENT(.noinit.*))
 .noinit."WEST_TOPDIR/zephyr/kernel/init.c".2
                0x00000000210002e0      0x800 zephyr/kernel/libkernel.a(init.c.obj)
                0x00000000210002e0                z_interrupt_stacks
 .noinit."WEST_TOPDIR/zephyr/kernel/init.c".1
                0x0000000021000ae0      0x100 zephyr/kernel/libkernel.a(init.c.obj)
 .noinit."WEST_TOPDIR/zephyr/kernel/init.c".0
                0x0000000021000be0      0x400 zephyr/kernel/libkernel.a(init.c.obj)
                0x0000000021000be0                z_main_stack
 .noinit."WEST_TOPDIR/zephyr/lib/libc/common/source/stdlib/malloc.c".0
                0x0000000021000fe0        0xc zephyr/lib/libc/common/liblib__libc__common.a(malloc.c.obj)
 *(SORT_BY_ALIGNMENT(.kernel_noinit.*))
                0x0000000021010000                __kernel_ram_end = 0x21010000
                0x000000000000ff60                __kernel_ram_size = (__kernel_ram_end - __kernel_ram_start)

/DISCARD/
 *(SORT_BY_ALIGNMENT(.irq_info*))
 *(SORT_BY_ALIGNMENT(.intList*))

.last_ram_section
                0x0000000021000fec        0x0
                0x0000000021000fec                _image_ram_end = .
                0x0000000000000fec                _image_ram_size = (_image_ram_end - _image_ram_start)
                0x0000000021000fec                _end = .
                0x0000000021000fec                z_mapped_end = .

.stab
 *(SORT_BY_ALIGNMENT(.stab))

.stabstr
 *(SORT_BY_ALIGNMENT(.stabstr))

.stab.excl
 *(SORT_BY_ALIGNMENT(.stab.excl))

.stab.exclstr
 *(SORT_BY_ALIGNMENT(.stab.exclstr))

.stab.index
 *(SORT_BY_ALIGNMENT(.stab.index))

.stab.indexstr
 *(SORT_BY_ALIGNMENT(.stab.indexstr))

.gnu.build.attributes
 *(SORT_BY_ALIGNMENT(.gnu.build.attributes) SORT_BY_ALIGNMENT(.gnu.build.attributes.*))

.comment        0x0000000000000000       0x20
 *(SORT_BY_ALIGNMENT(.comment))
 .comment       0x0000000000000000       0x20 zephyr/CMakeFiles/zephyr_final.dir/isr_tables.c.obj
                                         0x21 (size before relaxing)
 .comment       0x0000000000000020       0x21 app/libapp.a(main.c.obj)
 .comment       0x0000000000000020       0x21 zephyr/libzephyr.a(cbprintf_packaged.c.obj)
 .comment       0x0000000000000020       0x21 zephyr/libzephyr.a(printk.c.obj)
 .comment       0x0000000000000020       0x21 zephyr/libzephyr.a(thread_entry.c.obj)
 .comment       0x0000000000000020       0x21 zephyr/libzephyr.a(heap.c.obj)
 .comment       0x0000000000000020       0x21 zephyr/libzephyr.a(onoff.c.obj)
 .comment       0x0000000000000020       0x21 zephyr/libzephyr.a(notify.c.obj)
 .comment       0x0000000000000020       0x21 zephyr/libzephyr.a(configs.c.obj)
 .comment       0x0000000000000020       0x21 zephyr/libzephyr.a(soc.c.obj)
 .comment       0x0000000000000020       0x21 zephyr/arch/arch/arm/core/aarch32/libarch__arm__core__aarch32.a(fatal.c.obj)
 .comment       0x0000000000000020       0x21 zephyr/arch/arch/arm/core/aarch32/libarch__arm__core__aarch32.a(irq_manage.c.obj)
 .comment       0x0000000000000020       0x21 zephyr/arch/arch/arm/core/aarch32/libarch__arm__core__aarch32.a(nmi.c.obj)
 .comment       0x0000000000000020       0x21 zephyr/arch/arch/arm/core/aarch32/libarch__arm__core__aarch32.a(prep_c.c.obj)
 .comment       0x0000000000000020       0x21 zephyr/arch/arch/arm/core/aarch32/libarch__arm__core__aarch32.a(swap.c.obj)
 .comment       0x0000000000000020       0x21 zephyr/arch/arch/arm/core/aarch32/libarch__arm__core__aarch32.a(thread.c.obj)
 .comment       0x0000000000000020       0x21 zephyr/arch/arch/arm/core/aarch32/libarch__arm__core__aarch32.a(tls.c.obj)
 .comment       0x0000000000000020       0x21 zephyr/arch/arch/arm/core/aarch32/cortex_m/libarch__arm__core__aarch32__cortex_m.a(fault.c.obj)
 .comment       0x0000000000000020       0x21 zephyr/arch/arch/arm/core/aarch32/cortex_m/libarch__arm__core__aarch32__cortex_m.a(irq_init.c.obj)
 .comment       0x0000000000000020       0x21 zephyr/arch/arch/arm/core/aarch32/cortex_m/libarch__arm__core__aarch32__cortex_m.a(scb.c.obj)
 .comment       0x0000000000000020       0x21 zephyr/arch/arch/arm/core/aarch32/cortex_m/libarch__arm__core__aarch32__cortex_m.a(thread_abort.c.obj)
 .comment       0x0000000000000020       0x21 zephyr/arch/arch/arm/core/aarch32/cortex_m/cmse/libarch__arm__core__aarch32__cortex_m__cmse.a(arm_core_cmse.c.obj)
 .comment       0x0000000000000020       0x21 zephyr/arch/arch/arm/core/aarch32/mpu/libarch__arm__core__aarch32__mpu.a(arm_core_mpu.c.obj)
 .comment       0x0000000000000020       0x21 zephyr/arch/arch/arm/core/aarch32/mpu/libarch__arm__core__aarch32__mpu.a(arm_mpu.c.obj)
 .comment       0x0000000000000020       0x21 zephyr/lib/libc/common/liblib__libc__common.a(malloc.c.obj)
 .comment       0x0000000000000020       0x21 zephyr/soc/soc/arm/common/cortex_m/libsoc__arm__common__cortex_m.a(arm_mpu_regions.c.obj)
 .comment       0x0000000000000020       0x21 zephyr/drivers/clock_control/libdrivers__clock_control.a(clock_control_nrf.c.obj)
 .comment       0x0000000000000020       0x21 zephyr/drivers/gpio/libdrivers__gpio.a(gpio_nrfx.c.obj)
 .comment       0x0000000000000020       0x21 zephyr/drivers/timer/libdrivers__timer.a(nrf_rtc_timer.c.obj)
 .comment       0x0000000000000020       0x21 modules/nrf/lib/fatal_error/lib..__nrf__lib__fatal_error.a(fatal_error.c.obj)
 .comment       0x0000000000000020       0x21 modules/nrf/subsys/fw_info/lib..__nrf__subsys__fw_info.a(fw_info.c.obj)
 .comment       0x0000000000000020       0x21 modules/hal_nordic/nrfx/libmodules__hal_nordic__nrfx.a(system_nrf5340_network.c.obj)
 .comment       0x0000000000000020       0x21 modules/hal_nordic/nrfx/libmodules__hal_nordic__nrfx.a(nrfx_glue.c.obj)
 .comment       0x0000000000000020       0x21 modules/hal_nordic/nrfx/libmodules__hal_nordic__nrfx.a(nrfx_flag32_allocator.c.obj)
 .comment       0x0000000000000020       0x21 modules/hal_nordic/nrfx/libmodules__hal_nordic__nrfx.a(nrfx_gppi_dppi.c.obj)
 .comment       0x0000000000000020       0x21 modules/hal_nordic/nrfx/libmodules__hal_nordic__nrfx.a(nrfx_clock.c.obj)
 .comment       0x0000000000000020       0x21 modules/hal_nordic/nrfx/libmodules__hal_nordic__nrfx.a(nrfx_dppi.c.obj)
 .comment       0x0000000000000020       0x21 modules/hal_nordic/nrfx/libmodules__hal_nordic__nrfx.a(nrfx_gpiote.c.obj)
 .comment       0x0000000000000020       0x21 zephyr/kernel/libkernel.a(busy_wait.c.obj)
 .comment       0x0000000000000020       0x21 zephyr/kernel/libkernel.a(errno.c.obj)
 .comment       0x0000000000000020       0x21 zephyr/kernel/libkernel.a(fatal.c.obj)
 .comment       0x0000000000000020       0x21 zephyr/kernel/libkernel.a(init.c.obj)
 .comment       0x0000000000000020       0x21 zephyr/kernel/libkernel.a(thread.c.obj)
 .comment       0x0000000000000020       0x21 zephyr/kernel/libkernel.a(idle.c.obj)
 .comment       0x0000000000000020       0x21 zephyr/kernel/libkernel.a(sem.c.obj)
 .comment       0x0000000000000020       0x21 zephyr/kernel/libkernel.a(sched.c.obj)
 .comment       0x0000000000000020       0x21 zephyr/kernel/libkernel.a(xip.c.obj)
 .comment       0x0000000000000020       0x21 zephyr/kernel/libkernel.a(timeout.c.obj)
 .comment       0x0000000000000020       0x21 zephyr/kernel/libkernel.a(banner.c.obj)
 .comment       0x0000000000000020       0x21 zephyr/kernel/libkernel.a(device.c.obj)
 .comment       0x0000000000000020       0x21 zephyr/CMakeFiles/offsets.dir/./arch/arm/core/offsets/offsets.c.obj

.debug
 *(SORT_BY_ALIGNMENT(.debug))

.line
 *(SORT_BY_ALIGNMENT(.line))

.debug_srcinfo
 *(SORT_BY_ALIGNMENT(.debug_srcinfo))

.debug_sfnames
 *(SORT_BY_ALIGNMENT(.debug_sfnames))

.debug_aranges  0x0000000000000000     0x1270
 *(SORT_BY_ALIGNMENT(.debug_aranges))
 .debug_aranges
                0x0000000000000000       0x20 zephyr/libzephyr.a(soc_nrf_common.S.obj)
 .debug_aranges
                0x0000000000000020       0x30 zephyr/arch/arch/arm/core/aarch32/libarch__arm__core__aarch32.a(cpu_idle.S.obj)
 .debug_aranges
                0x0000000000000050       0x20 zephyr/arch/arch/arm/core/aarch32/libarch__arm__core__aarch32.a(nmi_on_reset.S.obj)
 .debug_aranges
                0x0000000000000070       0x28 zephyr/arch/arch/arm/core/aarch32/libarch__arm__core__aarch32.a(swap_helper.S.obj)
 .debug_aranges
                0x0000000000000098       0x20 zephyr/arch/arch/arm/core/aarch32/libarch__arm__core__aarch32.a(isr_wrapper.S.obj)
 .debug_aranges
                0x00000000000000b8       0x20 zephyr/arch/arch/arm/core/aarch32/cortex_m/libarch__arm__core__aarch32__cortex_m.a(exc_exit.S.obj)
 .debug_aranges
                0x00000000000000d8       0x20 zephyr/arch/arch/arm/core/aarch32/cortex_m/libarch__arm__core__aarch32__cortex_m.a(fault_s.S.obj)
 .debug_aranges
                0x00000000000000f8       0x20 zephyr/arch/arch/arm/core/aarch32/cortex_m/libarch__arm__core__aarch32__cortex_m.a(reset.S.obj)
 .debug_aranges
                0x0000000000000118       0x20 zephyr/arch/arch/arm/core/aarch32/cortex_m/libarch__arm__core__aarch32__cortex_m.a(__aeabi_read_tp.S.obj)
 .debug_aranges
                0x0000000000000138       0x18 zephyr/CMakeFiles/zephyr_final.dir/isr_tables.c.obj
 .debug_aranges
                0x0000000000000150       0x20 app/libapp.a(main.c.obj)
 .debug_aranges
                0x0000000000000170       0x40 zephyr/libzephyr.a(cbprintf_packaged.c.obj)
 .debug_aranges
                0x00000000000001b0       0x50 zephyr/libzephyr.a(printk.c.obj)
 .debug_aranges
                0x0000000000000200       0x20 zephyr/libzephyr.a(thread_entry.c.obj)
 .debug_aranges
                0x0000000000000220       0xb8 zephyr/libzephyr.a(heap.c.obj)
 .debug_aranges
                0x00000000000002d8       0x90 zephyr/libzephyr.a(onoff.c.obj)
 .debug_aranges
                0x0000000000000368       0x28 zephyr/libzephyr.a(notify.c.obj)
 .debug_aranges
                0x0000000000000390       0x20 zephyr/libzephyr.a(configs.c.obj)
 .debug_aranges
                0x00000000000003b0       0x60 zephyr/libzephyr.a(soc.c.obj)
 .debug_aranges
                0x0000000000000410       0x30 zephyr/arch/arch/arm/core/aarch32/libarch__arm__core__aarch32.a(fatal.c.obj)
 .debug_aranges
                0x0000000000000440       0x40 zephyr/arch/arch/arm/core/aarch32/libarch__arm__core__aarch32.a(irq_manage.c.obj)
 .debug_aranges
                0x0000000000000480       0x20 zephyr/arch/arch/arm/core/aarch32/libarch__arm__core__aarch32.a(nmi.c.obj)
 .debug_aranges
                0x00000000000004a0       0x20 zephyr/arch/arch/arm/core/aarch32/libarch__arm__core__aarch32.a(prep_c.c.obj)
 .debug_aranges
                0x00000000000004c0       0x20 zephyr/arch/arch/arm/core/aarch32/libarch__arm__core__aarch32.a(swap.c.obj)
 .debug_aranges
                0x00000000000004e0       0x30 zephyr/arch/arch/arm/core/aarch32/libarch__arm__core__aarch32.a(thread.c.obj)
 .debug_aranges
                0x0000000000000510       0x20 zephyr/arch/arch/arm/core/aarch32/libarch__arm__core__aarch32.a(tls.c.obj)
 .debug_aranges
                0x0000000000000530       0x40 zephyr/arch/arch/arm/core/aarch32/cortex_m/libarch__arm__core__aarch32__cortex_m.a(fault.c.obj)
 .debug_aranges
                0x0000000000000570       0x20 zephyr/arch/arch/arm/core/aarch32/cortex_m/libarch__arm__core__aarch32__cortex_m.a(irq_init.c.obj)
 .debug_aranges
                0x0000000000000590       0x30 zephyr/arch/arch/arm/core/aarch32/cortex_m/libarch__arm__core__aarch32__cortex_m.a(scb.c.obj)
 .debug_aranges
                0x00000000000005c0       0x20 zephyr/arch/arch/arm/core/aarch32/cortex_m/libarch__arm__core__aarch32__cortex_m.a(thread_abort.c.obj)
 .debug_aranges
                0x00000000000005e0       0x40 zephyr/arch/arch/arm/core/aarch32/cortex_m/cmse/libarch__arm__core__aarch32__cortex_m__cmse.a(arm_core_cmse.c.obj)
 .debug_aranges
                0x0000000000000620       0x28 zephyr/arch/arch/arm/core/aarch32/mpu/libarch__arm__core__aarch32__mpu.a(arm_core_mpu.c.obj)
 .debug_aranges
                0x0000000000000648       0x60 zephyr/arch/arch/arm/core/aarch32/mpu/libarch__arm__core__aarch32__mpu.a(arm_mpu.c.obj)
 .debug_aranges
                0x00000000000006a8       0x58 zephyr/lib/libc/common/liblib__libc__common.a(malloc.c.obj)
 .debug_aranges
                0x0000000000000700       0x18 zephyr/soc/soc/arm/common/cortex_m/libsoc__arm__common__cortex_m.a(arm_mpu_regions.c.obj)
 .debug_aranges
                0x0000000000000718       0xc8 zephyr/drivers/clock_control/libdrivers__clock_control.a(clock_control_nrf.c.obj)
 .debug_aranges
                0x00000000000007e0       0x68 zephyr/drivers/gpio/libdrivers__gpio.a(gpio_nrfx.c.obj)
 .debug_aranges
                0x0000000000000848       0xd8 zephyr/drivers/timer/libdrivers__timer.a(nrf_rtc_timer.c.obj)
 .debug_aranges
                0x0000000000000920       0x20 modules/nrf/lib/fatal_error/lib..__nrf__lib__fatal_error.a(fatal_error.c.obj)
 .debug_aranges
                0x0000000000000940       0x38 modules/nrf/subsys/fw_info/lib..__nrf__subsys__fw_info.a(fw_info.c.obj)
 .debug_aranges
                0x0000000000000978       0x28 modules/hal_nordic/nrfx/libmodules__hal_nordic__nrfx.a(system_nrf5340_network.c.obj)
 .debug_aranges
                0x00000000000009a0       0x30 modules/hal_nordic/nrfx/libmodules__hal_nordic__nrfx.a(nrfx_glue.c.obj)
 .debug_aranges
                0x00000000000009d0       0x30 modules/hal_nordic/nrfx/libmodules__hal_nordic__nrfx.a(nrfx_flag32_allocator.c.obj)
 .debug_aranges
                0x0000000000000a00       0xe8 modules/hal_nordic/nrfx/libmodules__hal_nordic__nrfx.a(nrfx_gppi_dppi.c.obj)
 .debug_aranges
                0x0000000000000ae8       0x60 modules/hal_nordic/nrfx/libmodules__hal_nordic__nrfx.a(nrfx_clock.c.obj)
 .debug_aranges
                0x0000000000000b48       0x78 modules/hal_nordic/nrfx/libmodules__hal_nordic__nrfx.a(nrfx_dppi.c.obj)
 .debug_aranges
                0x0000000000000bc0      0x180 modules/hal_nordic/nrfx/libmodules__hal_nordic__nrfx.a(nrfx_gpiote.c.obj)
 .debug_aranges
                0x0000000000000d40       0x20 zephyr/kernel/libkernel.a(busy_wait.c.obj)
 .debug_aranges
                0x0000000000000d60       0x18 zephyr/kernel/libkernel.a(errno.c.obj)
 .debug_aranges
                0x0000000000000d78       0x60 zephyr/kernel/libkernel.a(fatal.c.obj)
 .debug_aranges
                0x0000000000000dd8       0x50 zephyr/kernel/libkernel.a(init.c.obj)
 .debug_aranges
                0x0000000000000e28       0xb8 zephyr/kernel/libkernel.a(thread.c.obj)
 .debug_aranges
                0x0000000000000ee0       0x30 zephyr/kernel/libkernel.a(idle.c.obj)
 .debug_aranges
                0x0000000000000f10       0x38 zephyr/kernel/libkernel.a(sem.c.obj)
 .debug_aranges
                0x0000000000000f48      0x200 zephyr/kernel/libkernel.a(sched.c.obj)
 .debug_aranges
                0x0000000000001148       0x20 zephyr/kernel/libkernel.a(xip.c.obj)
 .debug_aranges
                0x0000000000001168       0x90 zephyr/kernel/libkernel.a(timeout.c.obj)
 .debug_aranges
                0x00000000000011f8       0x20 zephyr/kernel/libkernel.a(banner.c.obj)
 .debug_aranges
                0x0000000000001218       0x38 zephyr/kernel/libkernel.a(device.c.obj)
 .debug_aranges
                0x0000000000001250       0x20 zephyr/CMakeFiles/offsets.dir/./arch/arm/core/offsets/offsets.c.obj

.debug_pubnames
 *(SORT_BY_ALIGNMENT(.debug_pubnames))

.debug_info     0x0000000000000000    0x51342
 *(SORT_BY_ALIGNMENT(.debug_info) SORT_BY_ALIGNMENT(.gnu.linkonce.wi.*))
 .debug_info    0x0000000000000000      0x189 zephyr/CMakeFiles/zephyr_final.dir/isr_tables.c.obj
 .debug_info    0x0000000000000189       0x97 app/libapp.a(main.c.obj)
 .debug_info    0x0000000000000220     0x1ec1 zephyr/libzephyr.a(cbprintf_packaged.c.obj)
 .debug_info    0x00000000000020e1      0x56d zephyr/libzephyr.a(printk.c.obj)
 .debug_info    0x000000000000264e      0x735 zephyr/libzephyr.a(thread_entry.c.obj)
 .debug_info    0x0000000000002d83     0x297c zephyr/libzephyr.a(heap.c.obj)
 .debug_info    0x00000000000056ff     0x224f zephyr/libzephyr.a(onoff.c.obj)